========================= libc Start ==============================================
text  rodata  data  bss  module  
20    0       0     0    libc.a(lib_a-abort.o)
96    60      0     0    libc.a(lib_a-assert.o)
56    0       0     0    libc.a(lib_a-closer.o)
0     257     0     0    libc.a(lib_a-ctype_.o)
4380  171     0     0    libc.a(lib_a-dtoa.o)
328   0       0     0    libc.a(lib_a-fclose.o)
700   0       0     0    libc.a(lib_a-fflush.o)
964   0       0     0    libc.a(lib_a-findfp.o)
96    0       0     0    libc.a(lib_a-fiprintf.o)
444   0       0     0    libc.a(lib_a-fputwc.o)
60    0       0     0    libc.a(lib_a-fstatr.o)
1076  0       0     0    libc.a(lib_a-fvwrite.o)
200   0       0     0    libc.a(lib_a-fwalk.o)
0     4       0     0    libc.a(lib_a-impure.o)
112   0       0     0    libc.a(lib_a-init.o)
56    0       0     0    libc.a(lib_a-isattyr.o)
140   10      0     0    libc.a(lib_a-locale.o)
32    0       0     0    libc.a(lib_a-localeconv.o)
48    0       0     0    libc.a(lib_a-lock.o)
64    0       0     0    libc.a(lib_a-lseekr.o)
348   0       0     0    libc.a(lib_a-makebuf.o)
92    0       0     0    libc.a(lib_a-mbtowc_r.o)
3580  413     0     0    libc.a(lib_a-mprec.o)
64    0       0     0    libc.a(lib_a-readr.o)
428   0       0     0    libc.a(lib_a-reent.o)
520   0       0     0    libc.a(lib_a-signal.o)
64    0       0     0    libc.a(lib_a-signalr.o)
196   0       0     0    libc.a(lib_a-stdio.o)
168   0       0     0    libc.a(lib_a-strncpy.o)
152   0       0     0    libc.a(lib_a-s_frexp.o)
4184  66      0     0    libc.a(lib_a-vfiprintf.o)
8188  48      0     0    libc.a(lib_a-vfprintf.o)
44    0       0     0    libc.a(lib_a-vprintf.o)
304   0       0     0    libc.a(lib_a-wbuf.o)
96    0       0     0    libc.a(lib_a-wcrtomb.o)
68    0       0     0    libc.a(lib_a-wctomb_r.o)
64    0       0     0    libc.a(lib_a-writer.o)
304   0       0     0    libc.a(lib_a-wsetup.o)
------------------------- libc End ------------------------------------------------
text  rodata  data  bss  module  
27736 1029    0     0    (TOTALS)
Module libc size:
0x705d			28765

========================= libgcc Start ============================================
text  rodata  data  bss  module  
60    0       0     0    libgcc.a(_aeabi_uldivmod.o)
32    0       0     0    libgcc.a(_ctzdi2.o)
252   0       0     0    libgcc.a(_divsi3.o)
4     0       0     0    libgcc.a(_dvmd_tls.o)
280   0       0     0    libgcc.a(_udivmoddi4.o)
200   0       0     0    libgcc.a(_udivsi3.o)
------------------------- libgcc End ----------------------------------------------
text  rodata  data  bss  module  
828   0       0     0    (TOTALS)
Module libgcc size:
0x33c			828

========================= lib_chipinfo Start ======================================
text  rodata  data  bss  module  
112   147     0     0    lib_chipinfo.a(ameba_backup_reg.o)
716   0       0     0    lib_chipinfo.a(ameba_gpio_rom.o)
52    0       0     0    lib_chipinfo.a(ameba_pinmux_rom.o)
4532  52      0     0    lib_chipinfo.a(ameba_rom_patch.o)
52    0       0     0    lib_chipinfo.a(ameba_syscfg_rom.o)
68    0       0     0    lib_chipinfo.a(ameba_systimer_rom.o)
436   144     0     0    lib_chipinfo.a(ameba_tim_rom.o)
------------------------- lib_chipinfo End ----------------------------------------
text  rodata  data  bss  module  
5968  343     0     0    (TOTALS)
Module lib_chipinfo size:
0x18a7			6311

========================= libnosys Start ==========================================
text  rodata  data  bss  module  
4     0       0     0    libnosys.a(_exit.o)
------------------------- libnosys End --------------------------------------------
text  rodata  data  bss  module  
4     0       0     0    (TOTALS)
Module libnosys size:
0x4			4

========================= atcmd Start =============================================
text  rodata  data  bss  module  
3092  1668    0     0    lib_at_cmd.a(monitor.o)
------------------------- atcmd End -----------------------------------------------
text  rodata  data  bss  module  
3092  1668    0     0    (TOTALS)
Module atcmd size:
0x1298			4760

========================= fwlib Start =============================================
text  rodata  data  bss  module  
56    0       0     0    lib_fwlib.a(amebaap_vector.o)
80    0       0     0    lib_fwlib.a(ameba_app_start.o)
156   0       0     0    lib_fwlib.a(ameba_delay.o)
1564  411     0     0    lib_fwlib.a(ameba_ipc_api.o)
280   144     0     0    lib_fwlib.a(ameba_ipc_ram.o)
128   60      0     0    lib_fwlib.a(ameba_loguart.o)
3200  551     0     0    lib_fwlib.a(ameba_otp.o)
60    0       0     0    lib_fwlib.a(ameba_pll.o)
228   28      0     0    lib_fwlib.a(ameba_pmc.o)
1032  40      0     0    lib_pmc.a(ameba_pmc_ap_lib.o)
12    28      0     0    lib_fwlib.a(ameba_pmc_ram.o)
1100  0       0     0    lib_fwlib.a(ameba_pmu.o)
64    0       0     0    lib_fwlib.a(ameba_reset.o)
44    0       0     0    lib_fwlib.a(ameba_system.o)
344   0       0     0    lib_fwlib.a(ameba_xlat_table.o)
748   0       0     0    lib_fwlib.a(arm_gic.o)
60    0       0     0    lib_fwlib.a(cache_helpers.o)
172   0       0     0    lib_swlib.a(char2num.o)
192   0       0     0    lib_fwlib.a(cstub.o)
100   0       0     0    lib_fwlib.a(enable_mmu.o)
224   0       0     0    lib_freertos_os_wrapper.a(gcc_wrap.o)
984   41      0     0    lib_fwlib.a(log.o)
224   0       0     0    lib_swlib.a(memchr.o)
292   0       0     0    lib_swlib.a(memcpy.o)
348   0       0     0    lib_swlib.a(memmove.o)
284   0       0     0    lib_swlib.a(memset.o)
600   299     0     0    lib_fwlib.a(psci.o)
72    0       0     0    lib_swlib.a(rand.o)
60    22      0     0    lib_fwlib.a(rtk_assert.o)
32    0       0     0    lib_fwlib.a(smccc_call.o)
472   129     0     0    lib_fwlib.a(smp.o)
244   0       0     0    lib_swlib.a(strcmp.o)
120   0       0     0    lib_swlib.a(stricmp.o)
152   0       0     0    lib_swlib.a(strlen.o)
444   0       0     0    lib_swlib.a(strtoul.o)
72    0       0     0    lib_swlib.a(strwrap.o)
868   47      0     0    lib_fwlib.a(system_sheipa.o)
712   555     0     0    lib_fwlib.a(traps.o)
1008  155     0     0    lib_fwlib.a(xlat_tables_arch.o)
320   190     0     0    lib_fwlib.a(xlat_tables_context.o)
3536  276     0     0    lib_fwlib.a(xlat_tables_core.o)
8     0       0     0    lib_fwlib.a(xlat_tables_utils.o)
------------------------- fwlib End -----------------------------------------------
text  rodata  data  bss  module  
20696 2976    0     0    (TOTALS)
Module fwlib size:
0x5c78			23672

========================= os Start ================================================
text  rodata  data  bss  module  
296   132     0     0    lib_freertos_os_wrapper.a(freertos_heap5_config.o)
1528  255     0     0    lib_freertos_smp.a(heap_5.o)
244   0       0     0    lib_freertos_smp.a(list.o)
728   67      0     0    lib_freertos_os_wrapper.a(os_wrapper_critical.o)
108   0       0     0    lib_freertos_os_wrapper.a(os_wrapper_memory.o)
368   0       0     0    lib_freertos_os_wrapper.a(os_wrapper_semaphore.o)
136   0       0     0    lib_freertos_os_wrapper.a(os_wrapper_task.o)
152   0       0     0    lib_freertos_os_wrapper.a(os_wrapper_time.o)
1564  199     0     0    lib_freertos_smp.a(port.o)
636   0       0     0    lib_freertos_smp.a(portASM.o)
4096  144     0     0    lib_freertos_smp.a(queue.o)
10024 149     0     0    lib_freertos_smp.a(tasks.o)
1604  158     0     0    lib_freertos_smp.a(timers.o)
------------------------- os End --------------------------------------------------
text  rodata  data  bss  module  
21484 1104    0     0    (TOTALS)
Module os size:
0x583c			22588

========================= others Start ============================================
text  rodata  data  bss  module  
764   721     0     0    lib_project_src.a(main.o)
688   127     0     0    lib_monitor.a(shell_ram.o)
488   0       0     0    lib_monitor.a(shell_rom.o)
216   8       0     0    crtbegin.o
------------------------- others End ----------------------------------------------
text  rodata  data  bss  module  
2156  856     0     0    (TOTALS)
Module others size:
0xbc4			3012

================================================================================
text  rodata  data  bss  module  
81964 7976    0     0    (TOTALS)

Image size:
0x15f54			89940

