========================= libc Start ==============================================
text  rodata  data  bss  module  
0     0       0     312  libc.a(lib_a-findfp.o)
0     0       244   0    libc.a(lib_a-impure.o)
0     0       364   0    libc.a(lib_a-locale.o)
0     0       0     9    libc.a(lib_a-lock.o)
0     0       0     4    libc.a(lib_a-reent.o)
------------------------- libc End ------------------------------------------------
text  rodata  data  bss  module  
0     0       608   325  (TOTALS)
Module libc size:
0x3a5			933

========================= lib_chipinfo Start ======================================
text  rodata  data  bss  module  
0     0       0     116  lib_chipinfo.a(ameba_flash_rom.o)
0     0       12    768  lib_chipinfo.a(ameba_gpio_rom.o)
0     0       1     64   lib_chipinfo.a(ameba_rom_patch.o)
------------------------- lib_chipinfo End ----------------------------------------
text  rodata  data  bss  module  
0     0       13    948  (TOTALS)
Module lib_chipinfo size:
0x3c1			961

========================= fwlib Start =============================================
text  rodata  data  bss  module  
0     0       0     0    lib_pmc.a(a32_pm.o)
0     0       0     76   lib_fwlib.a(ameba_ipc_api.o)
0     0       0     256  lib_fwlib.a(ameba_ipc_ram.o)
0     0       0     448  lib_pmc.a(ameba_pmc_ap_lib.o)
0     0       12    248  lib_fwlib.a(ameba_pmu.o)
0     0       0     0    lib_fwlib.a(ameba_sd.o)
0     0       0     16   lib_swlib.a(diag.o)
0     0       0     64   lib_freertos_os_wrapper.a(gcc_wrap.o)
0     0       1     112  lib_fwlib.a(log.o)
0     0       0     0    lib_fwlib.a(startup.o)
0     0       0     1032 lib_fwlib.a(system_sheipa.o)
0     0       0     12   lib_fwlib.a(traps.o)
0     0       0     0    lib_fwlib.a(vectors_table.o)
0     0       64    432  lib_fwlib.a(xlat_tables_context.o)
------------------------- fwlib End -----------------------------------------------
text  rodata  data  bss  module  
0     0       77    2696 (TOTALS)
Module fwlib size:
0xad5			2773

========================= os Start ================================================
text  rodata  data  bss  module  
0     0       0     53   lib_freertos_os_wrapper.a(freertos_heap5_config.o)
0     0       0     32   lib_freertos_smp.a(heap_5.o)
0     0       0     692  lib_freertos_os_wrapper.a(os_wrapper_critical.o)
76    0       0     17604lib_freertos_smp.a(port.o)
0     0       0     64   lib_freertos_smp.a(queue.o)
0     0       0     432  lib_freertos_smp.a(tasks.o)
0     0       0     384  lib_freertos_smp.a(timers.o)
------------------------- os End --------------------------------------------------
text  rodata  data  bss  module  
76    0       0     19261(TOTALS)
Module os size:
0x4b89			19337

========================= others Start ============================================
text  rodata  data  bss  module  
0     0       0     4    lib_monitor.a(shell_ram.o)
0     0       0     356  lib_monitor.a(shell_rom.o)
0     0       0     28   crtbegin.o
------------------------- others End ----------------------------------------------
text  rodata  data  bss  module  
0     0       0     388  (TOTALS)
Module others size:
0x184			388

================================================================================
text  rodata  data  bss  module  
76    0       698   23618(TOTALS)

Image size:
0x5f48			24392

