image_total  xip_total  sram_total  xip_text  xip_rodata  sram_text  sram_rodata  sram_data(load)  sram_data(noload)  module  
image_total = xip_text + xip_rodata + sram_text + sram_rodata + sram_data(load) + psram_text + psram_rodata + psram_data(load)
xip_total = xip_text + xip_rodata
sram_total = sram_text + sram_rodata + sram_data(load) + sram_data(noload) + sram_bss
psram_total = psram_text + psram_rodata + psram_data(load) + psram_data(noload) + psram_bss


============================================================ libc Start =================================================================================
image_total  xip_total  sram_total  xip_text  xip_rodata  sram_text  sram_rodata  sram_data(load)  sram_data(noload)  module  
20           20         0           20        0           0          0            0                0                  libc.a(lib_a-abort.o)
156          156        0           96        60          0          0            0                0                  libc.a(lib_a-assert.o)
56           56         0           56        0           0          0            0                0                  libc.a(lib_a-closer.o)
257          257        0           0         257         0          0            0                0                  libc.a(lib_a-ctype_.o)
4551         4551       0           4380      171         0          0            0                0                  libc.a(lib_a-dtoa.o)
328          328        0           328       0           0          0            0                0                  libc.a(lib_a-fclose.o)
700          700        0           700       0           0          0            0                0                  libc.a(lib_a-fflush.o)
964          964        312         964       0           0          0            0                312                libc.a(lib_a-findfp.o)
96           96         0           96        0           0          0            0                0                  libc.a(lib_a-fiprintf.o)
444          444        0           444       0           0          0            0                0                  libc.a(lib_a-fputwc.o)
60           60         0           60        0           0          0            0                0                  libc.a(lib_a-fstatr.o)
1076         1076       0           1076      0           0          0            0                0                  libc.a(lib_a-fvwrite.o)
200          200        0           200       0           0          0            0                0                  libc.a(lib_a-fwalk.o)
248          4          244         0         4           0          0            244              0                  libc.a(lib_a-impure.o)
112          112        0           112       0           0          0            0                0                  libc.a(lib_a-init.o)
56           56         0           56        0           0          0            0                0                  libc.a(lib_a-isattyr.o)
514          150        364         140       10          0          0            364              0                  libc.a(lib_a-locale.o)
32           32         0           32        0           0          0            0                0                  libc.a(lib_a-localeconv.o)
48           48         9           48        0           0          0            0                9                  libc.a(lib_a-lock.o)
64           64         0           64        0           0          0            0                0                  libc.a(lib_a-lseekr.o)
348          348        0           348       0           0          0            0                0                  libc.a(lib_a-makebuf.o)
92           92         0           92        0           0          0            0                0                  libc.a(lib_a-mbtowc_r.o)
3993         3993       0           3580      413         0          0            0                0                  libc.a(lib_a-mprec.o)
64           64         0           64        0           0          0            0                0                  libc.a(lib_a-readr.o)
428          428        4           428       0           0          0            0                4                  libc.a(lib_a-reent.o)
520          520        0           520       0           0          0            0                0                  libc.a(lib_a-signal.o)
64           64         0           64        0           0          0            0                0                  libc.a(lib_a-signalr.o)
196          196        0           196       0           0          0            0                0                  libc.a(lib_a-stdio.o)
168          168        0           168       0           0          0            0                0                  libc.a(lib_a-strncpy.o)
152          152        0           152       0           0          0            0                0                  libc.a(lib_a-s_frexp.o)
4250         4250       0           4184      66          0          0            0                0                  libc.a(lib_a-vfiprintf.o)
8236         8236       0           8188      48          0          0            0                0                  libc.a(lib_a-vfprintf.o)
44           44         0           44        0           0          0            0                0                  libc.a(lib_a-vprintf.o)
304          304        0           304       0           0          0            0                0                  libc.a(lib_a-wbuf.o)
96           96         0           96        0           0          0            0                0                  libc.a(lib_a-wcrtomb.o)
68           68         0           68        0           0          0            0                0                  libc.a(lib_a-wctomb_r.o)
64           64         0           64        0           0          0            0                0                  libc.a(lib_a-writer.o)
304          304        0           304       0           0          0            0                0                  libc.a(lib_a-wsetup.o)
------------------------------------------------------------ libc End -----------------------------------------------------------------------------------
image_total  xip_total  sram_total  xip_text  xip_rodata  sram_text  sram_rodata  sram_data(load)  sram_data(noload)  module  
29373        28765      933         27736     1029        0          0            608              325                (TOTALS)
Module libc size:
0x72bd			29373

============================================================ libgcc Start ===============================================================================
image_total  xip_total  sram_total  xip_text  xip_rodata  sram_text  sram_rodata  sram_data(load)  sram_data(noload)  module  
60           60         0           60        0           0          0            0                0                  libgcc.a(_aeabi_uldivmod.o)
32           32         0           32        0           0          0            0                0                  libgcc.a(_ctzdi2.o)
252          252        0           252       0           0          0            0                0                  libgcc.a(_divsi3.o)
4            4          0           4         0           0          0            0                0                  libgcc.a(_dvmd_tls.o)
280          280        0           280       0           0          0            0                0                  libgcc.a(_udivmoddi4.o)
200          200        0           200       0           0          0            0                0                  libgcc.a(_udivsi3.o)
------------------------------------------------------------ libgcc End ---------------------------------------------------------------------------------
image_total  xip_total  sram_total  xip_text  xip_rodata  sram_text  sram_rodata  sram_data(load)  sram_data(noload)  module  
828          828        0           828       0           0          0            0                0                  (TOTALS)
Module libgcc size:
0x33c			828

============================================================ lib_chipinfo Start =========================================================================
image_total  xip_total  sram_total  xip_text  xip_rodata  sram_text  sram_rodata  sram_data(load)  sram_data(noload)  module  
259          259        0           112       147         0          0            0                0                  lib_chipinfo.a(ameba_backup_reg.o)
0            0          116         0         0           0          0            0                116                lib_chipinfo.a(ameba_flash_rom.o)
728          716        780         716       0           0          0            12               768                lib_chipinfo.a(ameba_gpio_rom.o)
52           52         0           52        0           0          0            0                0                  lib_chipinfo.a(ameba_pinmux_rom.o)
4585         4584       65          4532      52          0          0            1                64                 lib_chipinfo.a(ameba_rom_patch.o)
52           52         0           52        0           0          0            0                0                  lib_chipinfo.a(ameba_syscfg_rom.o)
68           68         0           68        0           0          0            0                0                  lib_chipinfo.a(ameba_systimer_rom.o)
580          580        0           436       144         0          0            0                0                  lib_chipinfo.a(ameba_tim_rom.o)
------------------------------------------------------------ lib_chipinfo End ---------------------------------------------------------------------------
image_total  xip_total  sram_total  xip_text  xip_rodata  sram_text  sram_rodata  sram_data(load)  sram_data(noload)  module  
6324         6311       961         5968      343         0          0            13               948                (TOTALS)
Module lib_chipinfo size:
0x18b4			6324

============================================================ libnosys Start =============================================================================
image_total  xip_total  sram_total  xip_text  xip_rodata  sram_text  sram_rodata  sram_data(load)  sram_data(noload)  module  
4            4          0           4         0           0          0            0                0                  libnosys.a(_exit.o)
------------------------------------------------------------ libnosys End -------------------------------------------------------------------------------
image_total  xip_total  sram_total  xip_text  xip_rodata  sram_text  sram_rodata  sram_data(load)  sram_data(noload)  module  
4            4          0           4         0           0          0            0                0                  (TOTALS)
Module libnosys size:
0x4			4

============================================================ atcmd Start ================================================================================
image_total  xip_total  sram_total  xip_text  xip_rodata  sram_text  sram_rodata  sram_data(load)  sram_data(noload)  module  
4760         4760       0           3092      1668        0          0            0                0                  lib_at_cmd.a(monitor.o)
------------------------------------------------------------ atcmd End ----------------------------------------------------------------------------------
image_total  xip_total  sram_total  xip_text  xip_rodata  sram_text  sram_rodata  sram_data(load)  sram_data(noload)  module  
4760         4760       0           3092      1668        0          0            0                0                  (TOTALS)
Module atcmd size:
0x1298			4760

============================================================ fwlib Start ================================================================================
image_total  xip_total  sram_total  xip_text  xip_rodata  sram_text  sram_rodata  sram_data(load)  sram_data(noload)  module  
0            0          0           0         0           0          0            0                0                  lib_pmc.a(a32_pm.o)
56           56         0           56        0           0          0            0                0                  lib_fwlib.a(amebaap_vector.o)
80           80         0           80        0           0          0            0                0                  lib_fwlib.a(ameba_app_start.o)
156          156        0           156       0           0          0            0                0                  lib_fwlib.a(ameba_delay.o)
1975         1975       76          1564      411         0          0            0                76                 lib_fwlib.a(ameba_ipc_api.o)
424          424        256         280       144         0          0            0                256                lib_fwlib.a(ameba_ipc_ram.o)
188          188        0           128       60          0          0            0                0                  lib_fwlib.a(ameba_loguart.o)
3751         3751       0           3200      551         0          0            0                0                  lib_fwlib.a(ameba_otp.o)
60           60         0           60        0           0          0            0                0                  lib_fwlib.a(ameba_pll.o)
256          256        0           228       28          0          0            0                0                  lib_fwlib.a(ameba_pmc.o)
1072         1072       448         1032      40          0          0            0                448                lib_pmc.a(ameba_pmc_ap_lib.o)
40           40         0           12        28          0          0            0                0                  lib_fwlib.a(ameba_pmc_ram.o)
1112         1100       260         1100      0           0          0            12               248                lib_fwlib.a(ameba_pmu.o)
64           64         0           64        0           0          0            0                0                  lib_fwlib.a(ameba_reset.o)
0            0          128         0         0           0          0            0                128                lib_fwlib.a(ameba_sd.o)
44           44         0           44        0           0          0            0                0                  lib_fwlib.a(ameba_system.o)
344          344        0           344       0           0          0            0                0                  lib_fwlib.a(ameba_xlat_table.o)
748          748        0           748       0           0          0            0                0                  lib_fwlib.a(arm_gic.o)
60           60         0           60        0           0          0            0                0                  lib_fwlib.a(cache_helpers.o)
172          172        0           172       0           0          0            0                0                  lib_swlib.a(char2num.o)
192          192        0           192       0           0          0            0                0                  lib_fwlib.a(cstub.o)
0            0          16          0         0           0          0            0                16                 lib_swlib.a(diag.o)
100          100        0           100       0           0          0            0                0                  lib_fwlib.a(enable_mmu.o)
224          224        64          224       0           0          0            0                64                 lib_freertos_os_wrapper.a(gcc_wrap.o)
1026         1025       113         984       41          0          0            1                112                lib_fwlib.a(log.o)
224          224        0           224       0           0          0            0                0                  lib_swlib.a(memchr.o)
292          292        0           292       0           0          0            0                0                  lib_swlib.a(memcpy.o)
348          348        0           348       0           0          0            0                0                  lib_swlib.a(memmove.o)
284          284        0           284       0           0          0            0                0                  lib_swlib.a(memset.o)
899          899        0           600       299         0          0            0                0                  lib_fwlib.a(psci.o)
72           72         0           72        0           0          0            0                0                  lib_swlib.a(rand.o)
82           82         0           60        22          0          0            0                0                  lib_fwlib.a(rtk_assert.o)
32           32         0           32        0           0          0            0                0                  lib_fwlib.a(smccc_call.o)
601          601        0           472       129         0          0            0                0                  lib_fwlib.a(smp.o)
0            0          0           0         0           0          0            0                0                  lib_fwlib.a(startup.o)
244          244        0           244       0           0          0            0                0                  lib_swlib.a(strcmp.o)
120          120        0           120       0           0          0            0                0                  lib_swlib.a(stricmp.o)
152          152        0           152       0           0          0            0                0                  lib_swlib.a(strlen.o)
444          444        0           444       0           0          0            0                0                  lib_swlib.a(strtoul.o)
72           72         0           72        0           0          0            0                0                  lib_swlib.a(strwrap.o)
915          915        1032        868       47          0          0            0                1032               lib_fwlib.a(system_sheipa.o)
1267         1267       12          712       555         0          0            0                12                 lib_fwlib.a(traps.o)
0            0          0           0         0           0          0            0                0                  lib_fwlib.a(vectors_table.o)
1163         1163       0           1008      155         0          0            0                0                  lib_fwlib.a(xlat_tables_arch.o)
574          510        496         320       190         0          0            64               432                lib_fwlib.a(xlat_tables_context.o)
3812         3812       0           3536      276         0          0            0                0                  lib_fwlib.a(xlat_tables_core.o)
8            8          0           8         0           0          0            0                0                  lib_fwlib.a(xlat_tables_utils.o)
------------------------------------------------------------ fwlib End ----------------------------------------------------------------------------------
image_total  xip_total  sram_total  xip_text  xip_rodata  sram_text  sram_rodata  sram_data(load)  sram_data(noload)  module  
23749        23672      2901        20696     2976        0          0            77               2824               (TOTALS)
Module fwlib size:
0x5cc5			23749

============================================================ os Start ===================================================================================
image_total  xip_total  sram_total  xip_text  xip_rodata  sram_text  sram_rodata  sram_data(load)  sram_data(noload)  module  
428          428        53          296       132         0          0            0                53                 lib_freertos_os_wrapper.a(freertos_heap5_config.o)
1783         1783       32          1528      255         0          0            0                32                 lib_freertos_smp.a(heap_5.o)
244          244        0           244       0           0          0            0                0                  lib_freertos_smp.a(list.o)
795          795        692         728       67          0          0            0                692                lib_freertos_os_wrapper.a(os_wrapper_critical.o)
108          108        0           108       0           0          0            0                0                  lib_freertos_os_wrapper.a(os_wrapper_memory.o)
368          368        0           368       0           0          0            0                0                  lib_freertos_os_wrapper.a(os_wrapper_semaphore.o)
136          136        0           136       0           0          0            0                0                  lib_freertos_os_wrapper.a(os_wrapper_task.o)
152          152        0           152       0           0          0            0                0                  lib_freertos_os_wrapper.a(os_wrapper_time.o)
1839         1763       17680       1564      199         76         0            0                17604              lib_freertos_smp.a(port.o)
636          636        0           636       0           0          0            0                0                  lib_freertos_smp.a(portASM.o)
4240         4240       64          4096      144         0          0            0                64                 lib_freertos_smp.a(queue.o)
10173        10173      432         10024     149         0          0            0                432                lib_freertos_smp.a(tasks.o)
1762         1762       384         1604      158         0          0            0                384                lib_freertos_smp.a(timers.o)
------------------------------------------------------------ os End -------------------------------------------------------------------------------------
image_total  xip_total  sram_total  xip_text  xip_rodata  sram_text  sram_rodata  sram_data(load)  sram_data(noload)  module  
22664        22588      19337       21484     1104        76         0            0                19261              (TOTALS)
Module os size:
0x5888			22664

============================================================ others Start ===============================================================================
image_total  xip_total  sram_total  xip_text  xip_rodata  sram_text  sram_rodata  sram_data(load)  sram_data(noload)  module  
1485         1485       0           764       721         0          0            0                0                  lib_project_src.a(main.o)
815          815        4           688       127         0          0            0                4                  lib_monitor.a(shell_ram.o)
488          488        356         488       0           0          0            0                356                lib_monitor.a(shell_rom.o)
224          224        28          216       8           0          0            0                28                 crtbegin.o
------------------------------------------------------------ others End ---------------------------------------------------------------------------------
image_total  xip_total  sram_total  xip_text  xip_rodata  sram_text  sram_rodata  sram_data(load)  sram_data(noload)  module  
3012         3012       388         2156      856         0          0            0                388                (TOTALS)
Module others size:
0xbc4			3012

======================================================================================================================================================
image_total  xip_total  sram_total  xip_text  xip_rodata  sram_text  sram_rodata  sram_data(load)  sram_data(noload)  module  
90714        89940      24520       81964     7976        76         0            698              23746              (TOTALS)

Image size:
0x1625a			90714

============================================================ RAM analysis Start =========================================================================
============================================================ libc Start =================================================================================
image_total  xip_total  sram_total  xip_text  xip_rodata  sram_text  sram_rodata  sram_data(load)  sram_data(noload)  module  
0            0          0           0         0           0          0            0                312                .bss(lib_a-findfp.o)
0            0          0           0         0           0          0            244              0                  .data(lib_a-impure.o)
0            0          0           0         0           0          0            364              0                  .data(lib_a-locale.o)
0            0          0           0         0           0          0            0                9                  .bss(lib_a-lock.o)
0            0          0           0         0           0          0            0                4                  .bss(lib_a-reent.o)
------------------------------------------------------------ libc End -----------------------------------------------------------------------------------
image_total  xip_total  sram_total  xip_text  xip_rodata  sram_text  sram_rodata  sram_data(load)  sram_data(noload)  module  
0            0          0           0         0           0          0            608              325                (TOTALS)
Module libc size:
0x3a5			933

============================================================ lib_chipinfo Start =========================================================================
image_total  xip_total  sram_total  xip_text  xip_rodata  sram_text  sram_rodata  sram_data(load)  sram_data(noload)  module  
0            0          0           0         0           0          0            0                116                flash_init_para(ameba_flash_rom.o)
0            0          0           0         0           0          0            12               0                  GPIO_PORTx(ameba_gpio_rom.o)
0            0          0           0         0           0          0            0                128                PortA_IrqData(ameba_gpio_rom.o)
0            0          0           0         0           0          0            0                128                PortA_IrqHandler(ameba_gpio_rom.o)
0            0          0           0         0           0          0            0                128                PortB_IrqData(ameba_gpio_rom.o)
0            0          0           0         0           0          0            0                128                PortB_IrqHandler(ameba_gpio_rom.o)
0            0          0           0         0           0          0            0                128                PortC_IrqData(ameba_gpio_rom.o)
0            0          0           0         0           0          0            0                128                PortC_IrqHandler(ameba_gpio_rom.o)
0            0          0           0         0           0          0            0                64                 print_lock(ameba_rom_patch.o)
0            0          0           0         0           0          0            1                0                  rtk_temp(ameba_rom_patch.o)
------------------------------------------------------------ lib_chipinfo End ---------------------------------------------------------------------------
image_total  xip_total  sram_total  xip_text  xip_rodata  sram_text  sram_rodata  sram_data(load)  sram_data(noload)  module  
0            0          0           0         0           0          0            13               948                (TOTALS)
Module lib_chipinfo size:
0x3c1			961

============================================================ fwlib Start ================================================================================
image_total  xip_total  sram_total  xip_text  xip_rodata  sram_text  sram_rodata  sram_data(load)  sram_data(noload)  module  
0            0          0           0         0           0          0            0                0                  .boot(lib_pmc.a(a32_pm.o))
0            0          0           0         0           0          0            0                4                  .bss.ipc_exit(lib_fwlib.a(ameba_ipc_api.o))
0            0          0           0         0           0          0            0                4                  ipc_delay(lib_fwlib.a(ameba_ipc_api.o))
0            0          0           0         0           0          0            0                4                  ipc_enter(lib_fwlib.a(ameba_ipc_api.o))
0            0          0           0         0           0          0            0                64                 ipc_Semaphore(lib_fwlib.a(ameba_ipc_api.o))
0            0          0           0         0           0          0            0                128                IPC_IrqData(lib_fwlib.a(ameba_ipc_ram.o))
0            0          0           0         0           0          0            0                128                IPC_IrqHandler(lib_fwlib.a(ameba_ipc_ram.o))
0            0          0           0         0           0          0            0                124                .bss.ctx(lib_pmc.a(ameba_pmc_ap_lib.o))
0            0          0           0         0           0          0            0                324                .bss.gic_regs(lib_pmc.a(ameba_pmc_ap_lib.o))
0            0          0           0         0           0          0            0                8                  cpuhp_flag(lib_fwlib.a(ameba_pmu.o))
0            0          0           0         0           0          0            4                0                  deepwakelock(lib_fwlib.a(ameba_pmu.o))
0            0          0           0         0           0          0            0                4                  deepwakelock_timeout(lib_fwlib.a(ameba_pmu.o))
0            0          0           0         0           0          0            0                180                gPsmDdHookInfo(lib_fwlib.a(ameba_pmu.o))
0            0          0           0         0           0          0            0                4                  sleepwakelock_timeout(lib_fwlib.a(ameba_pmu.o))
0            0          0           0         0           0          0            0                32                 sleep_param(lib_fwlib.a(ameba_pmu.o))
0            0          0           0         0           0          0            0                4                  sleep_type(lib_fwlib.a(ameba_pmu.o))
0            0          0           0         0           0          0            0                4                  sysactive_timeout_flag(lib_fwlib.a(ameba_pmu.o))
0            0          0           0         0           0          0            0                4                  sysactive_timeout_temp(lib_fwlib.a(ameba_pmu.o))
0            0          0           0         0           0          0            4                0                  system_can_yield(lib_fwlib.a(ameba_pmu.o))
0            0          0           0         0           0          0            0                4                  timer_max_sleep_time(lib_fwlib.a(ameba_pmu.o))
0            0          0           0         0           0          0            0                4                  timer_min_sleep_time(lib_fwlib.a(ameba_pmu.o))
0            0          0           0         0           0          0            4                0                  wakelock(lib_fwlib.a(ameba_pmu.o))
0            0          0           0         0           0          0            0                128                .nocache.data(lib_fwlib.a(ameba_sd.o))
0            0          0           0         0           0          0            0                16                 ConfigDebug(lib_swlib.a(diag.o))
0            0          0           0         0           0          0            0                64                 print_lock(lib_freertos_os_wrapper.a(gcc_wrap.o))
0            0          0           0         0           0          0            0                64                 print_lock(lib_fwlib.a(log.o))
0            0          0           0         0           0          0            1                0                  rtk_log_default_level(lib_fwlib.a(log.o))
0            0          0           0         0           0          0            0                4                  rtk_log_entry_count(lib_fwlib.a(log.o))
0            0          0           0         0           0          0            0                44                 rtk_log_tag_array(lib_fwlib.a(log.o))
0            0          0           0         0           0          0            0                0                  .boot(lib_fwlib.a(startup.o))
0            0          0           0         0           0          0            0                0                  .heap(lib_fwlib.a(startup.o))
0            0          0           0         0           0          0            0                0                  .stack(lib_fwlib.a(startup.o))
0            0          0           0         0           0          0            0                8                  GenericTimerFreq(lib_fwlib.a(system_sheipa.o))
0            0          0           0         0           0          0            0                1024               xInterruptTable(lib_fwlib.a(system_sheipa.o))
0            0          0           0         0           0          0            0                4                  DataAbortAddr(lib_fwlib.a(traps.o))
0            0          0           0         0           0          0            0                4                  PrefetchAbortAddr(lib_fwlib.a(traps.o))
0            0          0           0         0           0          0            0                4                  UndefinedExceptionAddr(lib_fwlib.a(traps.o))
0            0          0           0         0           0          0            0                0                  .vectors(lib_fwlib.a(vectors_table.o))
0            0          0           0         0           0          0            0                408                .bss.tf_mmap(lib_fwlib.a(xlat_tables_context.o))
0            0          0           0         0           0          0            0                0                  base_xlat_table(lib_fwlib.a(xlat_tables_context.o))
0            0          0           0         0           0          0            0                24                 mmu_cfg_params(lib_fwlib.a(xlat_tables_context.o))
0            0          0           0         0           0          0            64               0                  tf_xlat_ctx(lib_fwlib.a(xlat_tables_context.o))
0            0          0           0         0           0          0            0                0                  xlat_table(lib_fwlib.a(xlat_tables_context.o))
------------------------------------------------------------ fwlib End ----------------------------------------------------------------------------------
image_total  xip_total  sram_total  xip_text  xip_rodata  sram_text  sram_rodata  sram_data(load)  sram_data(noload)  module  
0            0          0           0         0           0          0            77               2824               (TOTALS)
Module fwlib size:
0xb55			2901

============================================================ os Start ===================================================================================
image_total  xip_total  sram_total  xip_text  xip_rodata  sram_text  sram_rodata  sram_data(load)  sram_data(noload)  module  
0            0          0           0         0           0          0            0                1                  heap_index(lib_freertos_os_wrapper.a(freertos_heap5_config.o))
0            0          0           0         0           0          0            0                4                  total_heap_size(lib_freertos_os_wrapper.a(freertos_heap5_config.o))
0            0          0           0         0           0          0            0                48                 xHeapRegions(lib_freertos_os_wrapper.a(freertos_heap5_config.o))
0            0          0           0         0           0          0            0                4                  .bss.pxEnd(lib_freertos_smp.a(heap_5.o))
0            0          0           0         0           0          0            0                8                  .bss.xStart(lib_freertos_smp.a(heap_5.o))
0            0          0           0         0           0          0            0                4                  xBlockAllocatedBit(lib_freertos_smp.a(heap_5.o))
0            0          0           0         0           0          0            0                4                  xFreeBytesRemaining(lib_freertos_smp.a(heap_5.o))
0            0          0           0         0           0          0            0                4                  xMinimumEverFreeBytesRemaining(lib_freertos_smp.a(heap_5.o))
0            0          0           0         0           0          0            0                4                  xNumberOfSuccessfulAllocations(lib_freertos_smp.a(heap_5.o))
0            0          0           0         0           0          0            0                4                  xNumberOfSuccessfulFrees(lib_freertos_smp.a(heap_5.o))
0            0          0           0         0           0          0            0                640                rtos_critical_spin_lock_list(lib_freertos_os_wrapper.a(os_wrapper_critical.o))
0            0          0           0         0           0          0            0                40                 rtos_critical_spin_lock_nesting(lib_freertos_os_wrapper.a(os_wrapper_critical.o))
0            0          0           0         0           0          0            0                4                  uxCriticalNestingCnt(lib_freertos_os_wrapper.a(os_wrapper_critical.o))
0            0          0           0         0           0          0            0                8                  uxSavedInterruptStatus(lib_freertos_os_wrapper.a(os_wrapper_critical.o))
0            0          0           0         0           0          0            0                4                  missing_tick(lib_freertos_smp.a(port.o))
0            0          0           0         0           0          0            0                64                 task_lock(lib_freertos_smp.a(port.o))
0            0          0           0         0           0          0            0                4                  ulFlashPG_Flag(lib_freertos_smp.a(port.o))
0            0          0           0         0           0          0            0                8                  ulPortInterruptNesting(lib_freertos_smp.a(port.o))
0            0          0           0         0           0          0            0                4                  ulPortTaskHasFPUContext(lib_freertos_smp.a(port.o))
0            0          0           0         0           0          0            0                8                  ulPortYieldRequired(lib_freertos_smp.a(port.o))
0            0          0           0         0           0          0            0                4096               uxIdleTaskStack(lib_freertos_smp.a(port.o))
0            0          0           0         0           0          0            0                4096               uxIdleTaskStacks(lib_freertos_smp.a(port.o))
0            0          0           0         0           0          0            0                8192               uxTimerTaskStack(lib_freertos_smp.a(port.o))
0            0          0           0         0           0          0            0                376                xIdleTaskTCB(lib_freertos_smp.a(port.o))
0            0          0           0         0           0          0            0                376                xIdleTaskTCBs(lib_freertos_smp.a(port.o))
0            0          0           0         0           0          0            0                376                xTimerTaskTCB(lib_freertos_smp.a(port.o))
0            0          0           0         0           0          0            0                64                 xQueueRegistry(lib_freertos_smp.a(queue.o))
0            0          0           0         0           0          0            0                8                  pxCurrentTCBs(lib_freertos_smp.a(tasks.o))
0            0          0           0         0           0          0            0                4                  pxDelayedTaskList(lib_freertos_smp.a(tasks.o))
0            0          0           0         0           0          0            0                4                  pxOverflowDelayedTaskList(lib_freertos_smp.a(tasks.o))
0            0          0           0         0           0          0            0                4                  pxPendingSaveContextTaskList(lib_freertos_smp.a(tasks.o))
0            0          0           0         0           0          0            0                220                pxReadyTasksLists(lib_freertos_smp.a(tasks.o))
0            0          0           0         0           0          0            0                8                  ulTaskSwitchedInTime(lib_freertos_smp.a(tasks.o))
0            0          0           0         0           0          0            0                8                  ulTotalRunTime(lib_freertos_smp.a(tasks.o))
0            0          0           0         0           0          0            0                4                  uxCurrentNumberOfTasks(lib_freertos_smp.a(tasks.o))
0            0          0           0         0           0          0            0                4                  uxDeletedTasksWaitingCleanUp(lib_freertos_smp.a(tasks.o))
0            0          0           0         0           0          0            0                4                  uxSchedulerSuspended(lib_freertos_smp.a(tasks.o))
0            0          0           0         0           0          0            0                4                  uxTaskNumber(lib_freertos_smp.a(tasks.o))
0            0          0           0         0           0          0            0                4                  uxTopReadyPriority(lib_freertos_smp.a(tasks.o))
0            0          0           0         0           0          0            0                20                 xDelayedTaskList1(lib_freertos_smp.a(tasks.o))
0            0          0           0         0           0          0            0                20                 xDelayedTaskList2(lib_freertos_smp.a(tasks.o))
0            0          0           0         0           0          0            0                8                  xIdleTaskHandle(lib_freertos_smp.a(tasks.o))
0            0          0           0         0           0          0            0                4                  xNextTaskUnblockTime(lib_freertos_smp.a(tasks.o))
0            0          0           0         0           0          0            0                4                  xNumOfOverflows(lib_freertos_smp.a(tasks.o))
0            0          0           0         0           0          0            0                4                  xPendedTicks(lib_freertos_smp.a(tasks.o))
0            0          0           0         0           0          0            0                20                 xPendingReadyList(lib_freertos_smp.a(tasks.o))
0            0          0           0         0           0          0            0                4                  xSchedulerRunning(lib_freertos_smp.a(tasks.o))
0            0          0           0         0           0          0            0                20                 xSuspendedTaskList(lib_freertos_smp.a(tasks.o))
0            0          0           0         0           0          0            0                20                 xTasksWaitingSaveContext(lib_freertos_smp.a(tasks.o))
0            0          0           0         0           0          0            0                20                 xTasksWaitingTermination(lib_freertos_smp.a(tasks.o))
0            0          0           0         0           0          0            0                4                  xTickCount(lib_freertos_smp.a(tasks.o))
0            0          0           0         0           0          0            0                8                  xYieldPendings(lib_freertos_smp.a(tasks.o))
0            0          0           0         0           0          0            0                4                  pxCurrentTimerList(lib_freertos_smp.a(timers.o))
0            0          0           0         0           0          0            0                4                  pxOverflowTimerList(lib_freertos_smp.a(timers.o))
0            0          0           0         0           0          0            0                240                ucStaticTimerQueueStorage(lib_freertos_smp.a(timers.o))
0            0          0           0         0           0          0            0                20                 xActiveTimerList1(lib_freertos_smp.a(timers.o))
0            0          0           0         0           0          0            0                20                 xActiveTimerList2(lib_freertos_smp.a(timers.o))
0            0          0           0         0           0          0            0                4                  xLastTime(lib_freertos_smp.a(timers.o))
0            0          0           0         0           0          0            0                84                 xStaticTimerQueue(lib_freertos_smp.a(timers.o))
0            0          0           0         0           0          0            0                4                  xTimerQueue(lib_freertos_smp.a(timers.o))
0            0          0           0         0           0          0            0                4                  xTimerTaskHandle(lib_freertos_smp.a(timers.o))
------------------------------------------------------------ os End -------------------------------------------------------------------------------------
image_total  xip_total  sram_total  xip_text  xip_rodata  sram_text  sram_rodata  sram_data(load)  sram_data(noload)  module  
0            0          0           0         0           0          0            0                19261              (TOTALS)
Module os size:
0x4b3d			19261

============================================================ others Start ===============================================================================
image_total  xip_total  sram_total  xip_text  xip_rodata  sram_text  sram_rodata  sram_data(load)  sram_data(noload)  module  
0            0          0           0         0           0          0            0                4                  shell_sema(lib_monitor.a(shell_ram.o))
0            0          0           0         0           0          0            0                64                 shell_argv_array(lib_monitor.a(shell_rom.o))
0            0          0           0         0           0          0            0                128                shell_buf(lib_monitor.a(shell_rom.o))
0            0          0           0         0           0          0            0                36                 shell_ctl(lib_monitor.a(shell_rom.o))
0            0          0           0         0           0          0            0                128                shell_rxbuf(lib_monitor.a(shell_rom.o))
0            0          0           0         0           0          0            0                28                 .bss(crtbegin.o)
------------------------------------------------------------ others End ---------------------------------------------------------------------------------
image_total  xip_total  sram_total  xip_text  xip_rodata  sram_text  sram_rodata  sram_data(load)  sram_data(noload)  module  
0            0          0           0         0           0          0            0                388                (TOTALS)
Module others size:
0x184			388

======================================================================================================================================================
image_total  xip_total  sram_total  xip_text  xip_rodata  sram_text  sram_rodata  sram_data(load)  sram_data(noload)  module  
0            0          0           0         0           0          0            698              23746              (TOTALS)

Image size:
0x5f7c			24444

------------------------------------------------------------ RAM analysis End ---------------------------------------------------------------------------
