00000000 A __dram_dynamic_app_text_size__
00000012 a IRQ_MODE
00000013 a SVC_MODE
0000001f a SYS_MODE
0000351d A __stack
0000351d B __StackTop
00003520 B _end
00033000 T __rom_stdlib_text_start__
0074f000 A __psram_heap_buffer_size__
0a000020 T __km4_boot_text_start__
0c000020 T __km0_flash_text_start__
0d000020 T __km4_flash_text_start__
0e000020 T __arm_smccc_smc
0e000020 T __ca32_flash_text_start__
0e000020 T __flash_text_start__
0e000040 T FreeRTOS_SWI_Handler
0e0000cc T vPortRestoreTaskContext
0e000120 T FreeRTOS_IRQ_Handler
0e0001ac t exit_without_switch
0e0001c0 t switch_before_exit
0e000270 W vApplicationIRQHandler
0e0002a0 t pxCurrentTCBConst
0e0002a4 t ulPortTaskHasFPUContextConst
0e0002a8 t vTaskSwitchContextConst
0e0002ac t vApplicationIRQHandlerConst
0e0002b0 t vApplicationFPUSafeIRQHandlerConst
0e0002bc t deregister_tm_clones
0e0002e8 t register_tm_clones
0e000320 t __do_global_dtors_aux
0e000364 t frame_dummy
0e000394 T __aeabi_uldivmod
0e0003d0 T __ctzdi2
0e0003f0 T __udivmoddi4
0e000508 W __aeabi_idiv0
0e000508 W __aeabi_ldiv0
0e00050c T __sflush_r
0e000700 T _fflush_r
0e000798 T fflush
0e0007c8 t std
0e000848 T _cleanup_r
0e0008b4 t __fp_lock
0e0008e8 t __fp_unlock
0e00091c T __sfmoreglue
0e000960 T _cleanup
0e000970 T __sfp_lock_acquire
0e00097c T __sfp_lock_release
0e000988 T __sinit_lock_acquire
0e000994 T __sinit_lock_release
0e0009a0 T __sinit
0e000a58 T __sfp
0e000b44 T __fp_lock_all
0e000b68 T __fp_unlock_all
0e000b8c T _fwalk
0e000bec T _fwalk_reent
0e000c54 T __libc_init_array
0e000cc4 T __retarget_lock_init
0e000cc8 T __retarget_lock_init_recursive
0e000ccc T __retarget_lock_close
0e000cd0 T __retarget_lock_close_recursive
0e000cd4 T __retarget_lock_acquire
0e000cd8 T __retarget_lock_acquire_recursive
0e000cdc T __retarget_lock_try_acquire
0e000ce4 T __retarget_lock_try_acquire_recursive
0e000cec T __retarget_lock_release
0e000cf0 T __retarget_lock_release_recursive
0e000cf4 T cleanup_glue
0e000d20 T _reclaim_reent
0e000ea0 T __sread
0e000ed0 T __seofread
0e000ed8 T __swrite
0e000f2c T __sseek
0e000f5c T __sclose
0e000f64 T strncpy
0e00100c T vprintf
0e001028 T _vprintf_r
0e001038 T _write_r
0e001078 T __assert_func
0e0010c8 T __assert
0e0010d8 T _close_r
0e001110 t quorem
0e0012bc T _dtoa_r
0e00222c T _fclose_r
0e002360 T fclose
0e002374 T _fiprintf_r
0e00239c T fiprintf
0e0023d4 T __localeconv_l
0e0023dc T _localeconv_r
0e0023e8 T localeconv
0e0023f4 T _setlocale_r
0e002458 T __locale_mb_cur_max
0e002468 T setlocale
0e002480 T _lseek_r
0e0024c0 T _mbtowc_r
0e0024dc T __ascii_mbtowc
0e00251c T _Balloc
0e002600 T _Bfree
0e00267c T __multadd
0e002754 T __s2b
0e002848 T __hi0bits
0e0028a0 T __lo0bits
0e00293c T __i2b
0e00297c T __multiply
0e002b48 T __pow5mult
0e002c68 T __lshift
0e002d94 T __mcmp
0e002dec T __mdiff
0e002f70 T __ulp
0e002fe0 T __b2d
0e003090 T __d2b
0e0031a0 T __ratio
0e00321c T _mprec_log10
0e003250 T __copybits
0e0032b8 T __any_on
0e003318 T _read_r
0e003358 T frexp
0e0033f0 T __sprint_r
0e003498 T _vfiprintf_r
0e00435c T vfiprintf
0e004378 t __sbprintf
0e004448 T _vfprintf_r
0e006358 T vfprintf
0e006374 t __sbprintf
0e006444 T _wctomb_r
0e006460 T __ascii_wctomb
0e006488 T __swsetup_r
0e0065b8 T abort
0e0065cc T __fputwc
0e0066b4 T _fputwc_r
0e006740 T fputwc
0e006788 T __sfvwrite_r
0e006bbc T __swhatbuf_r
0e006c40 T __smakebuf_r
0e006d18 T _init_signal_r
0e006d64 T _signal_r
0e006db4 T _raise_r
0e006e44 T __sigtramp_r
0e006ed0 T raise
0e006ee4 T signal
0e006efc T _init_signal
0e006f0c T __sigtramp
0e006f20 T _kill_r
0e006f5c T _getpid_r
0e006f60 T __swbuf_r
0e007078 T __swbuf
0e007090 T _wcrtomb_r
0e0070d4 T wcrtomb
0e0070f0 T _fstat_r
0e00712c T _isatty_r
0e007164 T __aeabi_uidiv
0e007164 T __udivsi3
0e007164 t .udivsi3_skip_div0_test
0e00720c T __aeabi_uidivmod
0e00722c T __aeabi_idiv
0e00722c T __divsi3
0e007234 t .divsi3_skip_div0_test
0e007308 T __aeabi_idivmod
0e007328 T _exit
0e00732c T CmdRamHelp
0e0073e4 T cmd_reboot
0e007468 T CmdTickPS
0e00759c T cmd_write_word
0e007644 T cmd_dump_word
0e007894 T cmd_efuse_protect
0e007f28 T cmd_rom_table
0e007f40 T shell_loguratRx_ipc_int
0e007fc8 t shell_task_ram
0e008124 t shell_give_sema
0e008148 T shell_init_ram
0e0081f0 T shell_array_init
0e008214 T shell_get_argc
0e008280 T shell_get_argv
0e008310 T shell_init_rom
0e0083d8 T ipc_table_init
0e008538 T IPC_TXHandler
0e00857c T IPC_wait_idle
0e008680 T ipc_send_message
0e0087a0 T ipc_get_message
0e0087f8 T IPC_patch_function
0e008814 T IPC_SEMTake
0e008958 T IPC_SEMFree
0e0089e4 T IPC_SEMDelayStub
0e0089f4 T IPC_INTConfig
0e008a14 T IPC_IERGet
0e008a1c T IPC_INTHandler
0e008a84 T IPC_INTUserHandler
0e008abc T IPC_GetDevById
0e008b0c t OTP_Read8.part.0
0e008c3c t OTP_Read32.isra.0
0e008c9c t OTP_ProgramMarginRead8.part.0
0e008dd0 T OTPGetCRC
0e008e34 T OTP_Read8
0e008e4c T OTP_Write8
0e00908c T OTP_LogicalMap_Read
0e009240 T OTP_LogicalMap_Write
0e00978c T PLL_GetHBUSClk
0e0097c8 T System_Reset
0e009808 T rtk_log_level_get
0e0098a8 T rtk_log_write
0e009978 T rtk_log_write_nano
0e009a48 T rtk_log_memory_dump_word
0e009b14 T rtk_log_memory_dump_byte
0e009be0 T vAssertCalled
0e009c1c t gic_cpu_init
0e009cb0 T arm_gic_irq_enable
0e009cd4 T arm_gic_irq_disable
0e009cf8 T arm_gic_irq_set_priority
0e009d50 T arm_gic_get_active
0e009d68 T arm_gic_clear_pending_irq
0e009d8c T arm_gic_eoi
0e009da0 T arm_gic_raise_softirq
0e009dcc T arm_gic_init_secondary
0e009ddc T arm_gic_init
0e009f08 T _read
0e009f34 T _write
0e009f64 T _close
0e009f6c T _isatty
0e009f74 T _lseek
0e009f8c T _fstat
0e009f9c T _getpid
0e009fa4 T _kill
0e009fc8 T vGetGenericTimerFreq
0e00a008 T prvSetupHardware
0e00a078 T prvSetupHardwareSecondary
0e00a088 T vDisableIPIInterrupt
0e00a0b4 T vConfigureIPIInterrupt
0e00a140 T vConfigureSMPSendIPI
0e00a160 T vConfigureTickInterrupt
0e00a1cc T vClearTickInterrupt
0e00a25c T vRegisterIRQHandler
0e00a278 T vApplicationFPUSafeIRQHandler
0e00a32c T irq_enable
0e00a334 T irq_register
0e00a364 T _init
0e00a368 T app_start
0e00a3b4 W FIQHandler
0e00a3b8 W Crash_GetExStack
0e00a44c W Crash_DumpReg
0e00a5c0 W UndefinedExceptionHandler
0e00a5f4 W DataAbortHandler
0e00a638 W PrefetchAbortHandler
0e00a67c T LOGUART_PutChar
0e00a6fc T psci_cpu_suspend
0e00a744 T psci_cpu_off
0e00a7a0 T psci_cpu_on
0e00a7fc T psci_init
0e00a954 T rtk_core1_power_on
0e00a9e4 T vPortSecondaryStart
0e00aa64 T smp_init
0e00ab2c T SOCPS_LPWAP_ipc_int
0e00ab38 T DelayUs
0e00abc0 T DelayMs
0e00abd4 T SOCPS_SleepPG
0e00ac5c T SOCPS_SleepCG
0e00acb8 T CPU_InInterrupt
0e00ace4 T pmu_exec_sleep_hook_funs
0e00ad2c T pmu_exec_wakeup_hook_funs
0e00ad70 T pmu_set_sysactive_time
0e00ae48 T pmu_yield_os_check
0e00ae58 T pmu_ready_to_sleep
0e00aeb4 T pmu_pre_sleep_processing
0e00b020 T pmu_acquire_wakelock
0e00b04c T pmu_release_wakelock
0e00b078 T pmu_get_wakelock_status
0e00b088 T pmu_set_sleep_type
0e00b0a0 T pmu_get_sleep_type
0e00b0b0 T pmu_acquire_deepwakelock
0e00b0cc T pmu_get_deepwakelock_status
0e00b0dc T pmu_set_secondary_cpu_state
0e00b0ec T pmu_get_secondary_cpu_state
0e00b0fc T pmu_secondary_cpu_state_is_running
0e00b114 T pmu_secondary_cpu_state_is_hotplug
0e00b130 T mmap_add_region
0e00b168 T init_xlat_tables
0e00b220 T enable_mmu_svc_mon
0e00b270 T xlat_desc
0e00b40c t xlat_tables_map_region
0e00b81c T mmap_add_region_ctx
0e00bc78 T init_xlat_tables_ctx
0e00c040 T xlat_mmap_print
0e00c044 T xlat_tables_print
0e00c048 T xlat_arch_get_max_supported_pa
0e00c054 T xlat_get_min_virt_addr_space_size
0e00c05c T is_dcache_enabled
0e00c084 T xlat_arch_regime_get_xn_desc
0e00c0e8 T xlat_arch_current_el
0e00c164 T is_mmu_enabled_ctx
0e00c250 T setup_mmu_cfg
0e00c438 T setupMMUTable
0e00c590 T enable_mmu_direct_svc_mon
0e00c5f4 T clean_dcache_range
0e00c618 t loop_cmvac
0e00c62c t exit_loop_cmvac
0e00c630 T _memset
0e00c74c T _rand
0e00c794 T _memcpy
0e00c8b8 T _memchr
0e00c998 T _memmove
0e00caf4 T _strcmp
0e00cbe8 T _strlen
0e00cc80 T _stricmp
0e00ccf8 T _strtoul
0e00ceb4 T _2char2hex
0e00cf60 T __wrap_memset
0e00cf6c T __wrap_memcpy
0e00cf78 T __wrap_memchr
0e00cf84 T __wrap_memmove
0e00cf90 T __wrap_strlen
0e00cf9c T __wrap_strcmp
0e00cfa8 T os_heap_init
0e00cff4 t os_heap_sort
0e00d060 T os_heap_add
0e00d0d0 T rtos_critical_is_in_interrupt
0e00d0fc T GetComponentCriticalNesting
0e00d110 T rtos_critical_enter
0e00d1e8 T rtos_critical_exit
0e00d2f4 T __rtos_critical_enter_os
0e00d370 T rtos_get_critical_state
0e00d3a8 T rtos_mem_init
0e00d3ac T rtos_mem_malloc
0e00d3b0 T rtos_mem_zmalloc
0e00d3d8 T rtos_mem_calloc
0e00d404 T rtos_mem_realloc
0e00d408 T rtos_mem_free
0e00d414 T rtos_sema_create_binary
0e00d44c T rtos_sema_take
0e00d4f0 T rtos_sema_give
0e00d584 T rtos_sched_start
0e00d594 T rtos_sched_get_state
0e00d5c0 T rtos_task_create
0e00d5f8 T rtos_task_delete
0e00d608 T rtos_create_secure_context
0e00d60c T rtos_time_delay_ms
0e00d664 T rtos_time_get_current_system_time_ms
0e00d684 T rtos_time_get_current_pended_time_ms
0e00d6a4 T __wrap_malloc
0e00d6a8 T __wrap__malloc_r
0e00d6b0 T __wrap__realloc_r
0e00d6bc T __wrap__free_r
0e00d6c4 T __wrap__calloc_r
0e00d6d0 T __wrap_printf
0e00d784 T fs_init_thread
0e00d78c T app_uart_rx_pin_wake_int_handler
0e00d7b4 W app_pre_example
0e00d7b8 W app_example
0e00d7bc T app_filesystem_init
0e00d7f4 T app_uart_rx_pin_wake_init
0e00d8d4 T app_pmu_init
0e00d8f0 T main
0e00da80 t prvDeleteTCB
0e00dae4 t prvYieldCore
0e00db44 t prvInitialiseNewTask.constprop.0
0e00dc88 t prvYieldForTask.isra.0
0e00dd6c t prvGetExpectedIdleTime
0e00de00 T xTaskGetCurrentYieldPending
0e00de30 T xTaskGetTickCount
0e00de40 T xTaskGetPendedTicks
0e00de50 T xTaskGetTickCountFromISR
0e00de60 T xTaskGetPendedTicksFromISR
0e00de70 T pcTaskGetName
0e00dec8 T vTaskCompTick
0e00df60 T vTaskSwitchContext
0e00e6a0 T vTaskInternalSetTimeOutState
0e00e6c0 T vTaskMissedYield
0e00e6dc T eTaskConfirmSleepModeStatus
0e00e75c T xTaskGetSchedulerState
0e00e7b8 T vTaskYieldWithinAPI
0e00e80c T vTaskEnterCritical
0e00e864 T GetOSCriticalNesting
0e00e878 T vTaskExitCritical
0e00e960 t prvAddNewTaskToReadyList
0e00eb78 T xTaskCreateStatic
0e00ec7c T vTaskStartScheduler
0e00edfc T xTaskCreate
0e00ee90 T vTaskDelete
0e00f048 t prvAddCurrentTaskToDelayedList
0e00f230 T xTaskIncrementTick
0e00f58c t xTaskResumeAll.part.0
0e00f750 T xTaskResumeAll
0e00f768 T vTaskPlaceOnEventList
0e00f7d4 T vTaskPlaceOnEventListRestricted
0e00f84c T vTaskPlaceRemoveFromEventList
0e00f8d4 T xTaskRemoveFromEventList
0e00fa04 T xTaskCheckForTimeOut
0e00fb2c T xTaskPriorityInherit
0e00fca8 T xTaskPriorityDisinherit
0e00fddc T vTaskPriorityDisinheritAfterTimeout
0e00ff24 t prvIdleTask
0e01003c T vTaskSuspendAll
0e010074 T vTaskDelay
0e01012c T pvTaskIncrementMutexHeldCount
0e0101a8 T vListInitialise
0e0101cc T vListInitialiseItem
0e0101d8 T vListInsertEnd
0e010204 T vListInsert
0e01025c T uxListRemove
0e01029c t prvCopyDataToQueue
0e010388 t prvNotifyQueueSetContainer
0e010464 t prvUnlockQueue
0e010560 T xQueueGenericReset
0e010610 T xQueueGenericCreateStatic
0e01072c T xQueueGenericCreate
0e0107cc T xQueueGenericSend
0e010a18 T xQueueGenericSendFromISR
0e010b54 T xQueueGiveFromISR
0e010c7c T xQueueReceive
0e010e70 T xQueueSemaphoreTake
0e0110dc T xQueueReceiveFromISR
0e0111ec T vQueueAddToRegistry
0e011224 T vQueueWaitForMessageRestricted
0e01129c t prvCheckForValidListAndQueue
0e01133c T xTimerCreateTimerTask
0e0113e4 T xTimerGenericCommand
0e011484 t prvSwitchTimerLists
0e011558 t prvTimerTask
0e0118e0 t prvInsertBlockIntoFreeList
0e011964 T vPortFree
0e011a38 T vPortDefineHeapRegions
0e011bdc T vApplicationMallocFailedHook
0e011c50 T pvPortMalloc
0e011e1c T pvPortReAlloc
0e011ed8 T pxPortInitialiseStack
0e011fcc T xPortStartScheduler
0e012018 T xPortSpinLockTask
0e012044 T xPortSpinUnLockTask
0e012064 T FreeRTOS_Tick_Handler
0e0120b0 T ulPortInterruptLock
0e0120c4 T ulPortInterruptUnLock
0e0120cc T xPortCpuIsInInterrupt
0e0120f8 T FreeRTOS_IPI_Handler
0e01211c T ulPortGetCoreId
0e012130 T FreeRTOS_IPI_CPUHP_Handler
0e012154 T vPortYieldOtherCore
0e012158 T vApplicationStackOverflowHook
0e012194 T vApplicationGetIdleTaskMemory
0e0121b8 T vApplicationGetPassiveIdleTaskMemory
0e0121ec T vApplicationGetTimerTaskMemory
0e012210 T pmu_post_sleep_processing
0e012280 T vPortSuppressTicksAndSleep
0e0124f0 T vPortCleanUpTCB
0e0124f4 t print_unsigned_num
0e0126b0 T SYSCFG_RLVersion
0e0126f4 T DiagVprintf
0e012fa4 T DiagVprintfNano
0e0135c4 T DiagPrintf
0e0135f0 T DiagPrintfNano
0e01366c T io_assert_failed
0e0136a4 T __wrap_strncpy
0e0136a8 T SYSTIMER_TickGet
0e0136bc T SYSTIMER_GetPassTick
0e0136ec T SYSCFG_CHIPType_Get
0e013700 T SYSCFG_OTP_RSIPEn
0e013720 W BKUP_Set
0e013758 W BKUP_Clear
0e013790 W RTIM_GetCount
0e013944 W PAD_PullCtrl
0e013978 W GPIO_INTMode
0e013a20 W GPIO_INTConfig
0e013a58 W GPIO_INTHandler
0e013bb4 W GPIO_Direction
0e013be8 W GPIO_UserRegIrq
0e013c44 T SOCPS_PG_Enter
0e013c94 T cpu_suspend_save
0e013d74 T SOCPS_Save_GIC
0e013e7c T SOCPS_Restore_GIC
0e013fd0 T SOCPS_SleepPG_LIB
0e014004 T SOCPS_SleepCG_LIB
0e014050 t ____PutCharacter_veneer
0e014058 t __cpu_do_suspend_veneer
0e014060 t __cpu_suspend_veneer
0e0140ec T _global_impure_ptr
0e0140f0 T _ctype_
0e0141f8 t p05.0
0e014208 T __mprec_tens
0e0142d0 T __mprec_tinytens
0e0142f8 T __mprec_bigtens
0e014320 t blanks.1
0e014330 t zeroes.0
0e014340 t blanks.1
0e014350 t zeroes.0
0e014acc t CSWTCH.42
0e014af0 t CSWTCH.43
0e0150a8 T crash_reg_name
0e0150e0 t LOG_UART_IDX_FLAG
0e015220 t CSWTCH.2
0e01557c t __func__.0
0e015590 t __func__.1
0e015f2c T __cmd_table_start__
0e015f2c t __EH_FRAME_BEGIN__
0e015f2c t shell_cmd_table
0e015f8c T __cmd_table_end__
0e015f8c T ipc_shell_table
0e015f8c T __ipc_table_start__
0e015fc4 T ipc_LPWHP_table
0e015fe0 R __exidx_start
0e015fe0 T __etext
0e015fe0 T __flash_text_end__
0e015fe0 T __git_ver_table_end__
0e015fe0 T __git_ver_table_start__
0e015fe0 T __ipc_table_end__
0e015fe8 D __CTOR_END__
0e015fe8 D __CTOR_LIST__
0e015fe8 D __DTOR_END__
0e015fe8 D __DTOR_LIST__
0e015fe8 d __frame_dummy_init_array_entry
0e015fe8 d __init_array_start
0e015fe8 d __preinit_array_end
0e015fe8 d __preinit_array_start
0e015fe8 R __exidx_end
0e015fec d __do_global_dtors_aux_fini_array_entry
0e015fec d __init_array_end
2301fd00 T __km0_ipc_memory_start__
3001fe00 T __ca32_bl1_sram_start__
60094000 T __dram_text_start__
60094000 T _vector_table
60094020 t FreeRTOS_FIQHandler
60094030 t FreeRTOS_UndefinedHandler
60094060 t FreeRTOS_DataAbortHandler
60094090 t FreeRTOS_PrefetchAbortHandler
600940c8 T _boot
600940c8 t _prestart
6009426c T exit
60094270 t invalidate_dcache
60094284 t loop1
600942c0 t loop2
600942c4 t loop3
600942e0 t skip
600942ec t finished
60094300 T __PutCharacter
6009433c t putc_error
60094370 T cpu_suspend
60094390 T cpu_do_suspend
60094430 T cpu_resume
60094508 T FreeRTOS_IPI_FLASHPG_Handler
60094558 t __cpu_suspend_save_veneer
60094560 t __FreeRTOS_SWI_Handler_veneer
60094568 t __PrefetchAbortHandler_veneer
60094570 t ___exit_veneer
60094578 t __UndefinedExceptionHandler_veneer
60094580 t __FIQHandler_veneer
60094588 t __setupMMUTable_veneer
60094590 t __FreeRTOS_IRQ_Handler_veneer
60094598 t __app_start_veneer
600945a0 t __DataAbortHandler_veneer
600945a8 t __vPortSecondaryStart_veneer
60095000 D __data_start__
60095000 D _impure_ptr
60095000 T __dram_text_end__
60095004 d impure_data
600950f4 D __global_locale
60095260 D rtk_log_default_level
60095264 d deepwakelock
60095268 D system_can_yield
6009526c d wakelock
60095270 d tf_xlat_ctx
600952b0 d rtk_temp.0
600952b4 D GPIO_PORTx
600952c0 D __data_end__
600952c0 D __TMC_END__
60098000 D __mmu_tbl_start
60098000 d tf_base_xlat_table
60099000 d tf_xlat_tables
600a3000 B __bss_start__
600a3000 b completed.1
600a3000 D __mmu_tbl_end
600a3004 b object.0
600a301c B __sf
600a3154 B __lock___arc4random_mutex
600a3155 B __lock___dd_hash_mutex
600a3156 B __lock___tz_mutex
600a3157 B __lock___env_recursive_mutex
600a3158 B __lock___malloc_recursive_mutex
600a3159 B __lock___at_quick_exit_mutex
600a315a B __lock___atexit_recursive_mutex
600a315b B __lock___sfp_recursive_mutex
600a315c B __lock___sinit_recursive_mutex
600a3160 B errno
600a3164 B shell_sema
600a3168 B shell_argv_array
600a31a8 B shell_buf
600a3228 B shell_ctl
600a324c B shell_rxbuf
600a32cc B ipc_Semaphore
600a330c B ipc_delay
600a3310 B ipc_enter
600a3314 B ipc_exit
600a3318 B IPC_IrqData
600a3398 B IPC_IrqHandler
600a3440 b print_lock
600a3480 b rtk_log_entry_count
600a3484 B rtk_log_tag_array
600a34b0 B GenericTimerFreq
600a34b8 b xInterruptTable
600a38b8 B DataAbortAddr
600a38bc B PrefetchAbortAddr
600a38c0 B UndefinedExceptionAddr
600a38c4 B cpuhp_flag
600a38cc b deepwakelock_timeout
600a38d0 B gPsmDdHookInfo
600a39a0 B sleep_param
600a39c0 b sleep_type
600a39c4 b sleepwakelock_timeout
600a39c8 B sysactive_timeout_flag
600a39cc b sysactive_timeout_temp
600a39d0 b timer_max_sleep_time
600a39d4 b timer_min_sleep_time
600a39d8 B mmu_cfg_params
600a39f0 b tf_mmap
600a3b88 B ConfigDebug
600a3b98 B xHeapRegions
600a3bc8 B heap_index
600a3bcc B total_heap_size
600a3c00 b rtos_critical_spin_lock_list
600a3e80 b rtos_critical_spin_lock_nesting
600a3ea8 b uxCriticalNestingCnt
600a3eac b uxSavedInterruptStatus
600a3ec0 b print_lock
600a3f00 B pxCurrentTCBs
600a3f08 b pxDelayedTaskList
600a3f0c b pxOverflowDelayedTaskList
600a3f10 b pxPendingSaveContextTaskList
600a3f14 b pxReadyTasksLists
600a3ff0 b ulTaskSwitchedInTime
600a3ff8 b ulTotalRunTime
600a4000 b uxCurrentNumberOfTasks
600a4004 b uxDeletedTasksWaitingCleanUp
600a4008 b uxSchedulerSuspended
600a400c b uxTaskNumber
600a4010 b uxTopReadyPriority
600a4014 b xDelayedTaskList1
600a4028 b xDelayedTaskList2
600a403c b xIdleTaskHandle
600a4044 b xNextTaskUnblockTime
600a4048 b xNumOfOverflows
600a404c b xPendedTicks
600a4050 b xPendingReadyList
600a4064 b xSchedulerRunning
600a4068 b xSuspendedTaskList
600a407c b xTasksWaitingSaveContext
600a4090 b xTasksWaitingTermination
600a40a4 b xTickCount
600a40a8 b xYieldPendings
600a40b0 B xQueueRegistry
600a40f0 b pxCurrentTimerList
600a40f4 b pxOverflowTimerList
600a40f8 b ucStaticTimerQueueStorage.1
600a41e8 b xActiveTimerList1
600a41fc b xActiveTimerList2
600a4210 b xLastTime.2
600a4214 b xStaticTimerQueue.0
600a4268 b xTimerQueue
600a426c b xTimerTaskHandle
600a4270 b pxEnd
600a4274 b xBlockAllocatedBit
600a4278 b xFreeBytesRemaining
600a427c b xMinimumEverFreeBytesRemaining
600a4280 b xNumberOfSuccessfulAllocations
600a4284 b xNumberOfSuccessfulFrees
600a4288 b xStart
600a4290 b missing_tick.0
600a42c0 B task_lock
600a4300 B ulFlashPG_Flag
600a4304 B ulPortInterruptNesting
600a430c B ulPortTaskHasFPUContext
600a4310 B ulPortYieldRequired
600a4318 b uxIdleTaskStack.5
600a5318 b uxIdleTaskStacks.3
600a6318 b uxTimerTaskStack.1
600a8318 b xIdleTaskTCB.6
600a8490 b xIdleTaskTCBs.4
600a8608 b xTimerTaskTCB.2
600a8780 b print_lock
600a87c0 B PortA_IrqData
600a8840 B PortA_IrqHandler
600a88c0 B PortB_IrqData
600a8940 B PortB_IrqHandler
600a89c0 B PortC_IrqData
600a8a40 B PortC_IrqHandler
600a8ac0 B flash_init_para
600a8b34 B ctx
600a8bb0 B gic_regs
600a8cf4 B __bss_end__
600a8cf8 B __end__
600a8cf8 B end
600a8cf8 b __heap
600a8cf8 B __HeapBase
600abcf8 B __heap_limit
600abcf8 B __HeapLimit
600abcf8 B __HeapSize
600abd00 b __fiq_stack
600abd00 B __StackLimit
600ac500 b __irq_stack
600acd00 b __supervisor_stack
600add00 b __abort_stack
600ae500 b __undef_stack
600aed00 b __sys_stack
600b0000 b card_info
600b0000 B __ram_nocache_start__
600b1000 B __ram_nocache_end__
600b1000 ? __psram_heap_buffer_start__
60800000 A __non_secure_psram_end__
6fffffff B __dram_dynamic_app_text_end__
6fffffff B __dram_dynamic_app_text_start__
70060020 T __ca32_bl1_dram_start__
70094000 T __ca32_fip_dram_start__
c8800000 ? __btrace_end__
c8800000 ? __btrace_start__
