00000000 A __dram_dynamic_app_text_size__
00000012 a IRQ_MODE
00000013 a SVC_MODE
0000001f a SYS_MODE
000038f2 A __stack
000038f2 B __StackTop
00003900 B _end
00033000 T __rom_stdlib_text_start__
00750000 A __psram_heap_buffer_size__
0a000020 T __km4_boot_text_start__
0c000020 T __km0_flash_text_start__
0d000020 T __km4_flash_text_start__
0e000020 T __arm_smccc_smc
0e000020 T __ca32_flash_text_start__
0e000020 T __flash_text_start__
0e000040 T FreeRTOS_SWI_Handler
0e0000cc T vPortRestoreTaskContext
0e000120 T FreeRTOS_IRQ_Handler
0e0001ac t exit_without_switch
0e0001c0 t switch_before_exit
0e000270 W vApplicationIRQHandler
0e0002a0 t pxCurrentTCBConst
0e0002a4 t ulPortTaskHasFPUContextConst
0e0002a8 t vTaskSwitchContextConst
0e0002ac t vApplicationIRQHandlerConst
0e0002b0 t vApplicationFPUSafeIRQHandlerConst
0e0002bc t deregister_tm_clones
0e0002e8 t register_tm_clones
0e000320 t __do_global_dtors_aux
0e000364 t frame_dummy
0e000394 T __aeabi_uldivmod
0e0003d0 T __ctzdi2
0e0003f0 T __udivmoddi4
0e000508 W __aeabi_idiv0
0e000508 W __aeabi_ldiv0
0e00050c T __assert_func
0e00055c T __assert
0e00056c T __sflush_r
0e000760 T _fflush_r
0e0007f8 T fflush
0e000828 t std
0e0008a8 T _cleanup_r
0e000914 t __fp_lock
0e000948 t __fp_unlock
0e00097c T __sfmoreglue
0e0009c0 T _cleanup
0e0009d0 T __sfp_lock_acquire
0e0009dc T __sfp_lock_release
0e0009e8 T __sinit_lock_acquire
0e0009f4 T __sinit_lock_release
0e000a00 T __sinit
0e000ab8 T __sfp
0e000ba4 T __fp_lock_all
0e000bc8 T __fp_unlock_all
0e000bec T _fiprintf_r
0e000c14 T fiprintf
0e000c4c T _fwalk
0e000cac T _fwalk_reent
0e000d14 T __libc_init_array
0e000d84 T __retarget_lock_init
0e000d88 T __retarget_lock_init_recursive
0e000d8c T __retarget_lock_close
0e000d90 T __retarget_lock_close_recursive
0e000d94 T __retarget_lock_acquire
0e000d98 T __retarget_lock_acquire_recursive
0e000d9c T __retarget_lock_try_acquire
0e000da4 T __retarget_lock_try_acquire_recursive
0e000dac T __retarget_lock_release
0e000db0 T __retarget_lock_release_recursive
0e000dc0 T memcpy
0e0012a0 T memmove
0e0013a8 T memset
0e001454 T cleanup_glue
0e001480 T _reclaim_reent
0e001600 T __sread
0e001630 T __seofread
0e001638 T __swrite
0e00168c T __sseek
0e0016bc T __sclose
0e0016e8 T strcmp
0e0019c0 T strlen
0e001a9c T strncpy
0e001b44 T __sprint_r
0e001bec T _vfiprintf_r
0e002ab0 T vfiprintf
0e002acc t __sbprintf
0e002b9c T vprintf
0e002bb8 T _vprintf_r
0e002bc8 T _write_r
0e002c08 T __swsetup_r
0e002d38 T abort
0e002d4c T _close_r
0e002d88 t quorem
0e002f34 T _dtoa_r
0e003ea4 T _fclose_r
0e003fd8 T fclose
0e003fec T __fputwc
0e0040d4 T _fputwc_r
0e004160 T fputwc
0e0041a8 T __sfvwrite_r
0e0045dc T _setlocale_r
0e004640 T __locale_mb_cur_max
0e004650 T setlocale
0e004668 T __localeconv_l
0e004670 T _localeconv_r
0e00467c T localeconv
0e004688 T _lseek_r
0e0046c8 T __swhatbuf_r
0e00474c T __smakebuf_r
0e004824 T _mbtowc_r
0e004840 T __ascii_mbtowc
0e004880 T memchr
0e004968 T _Balloc
0e004a4c T _Bfree
0e004ac8 T __multadd
0e004ba0 T __s2b
0e004c94 T __hi0bits
0e004cec T __lo0bits
0e004d88 T __i2b
0e004dc8 T __multiply
0e004f94 T __pow5mult
0e0050b4 T __lshift
0e0051e0 T __mcmp
0e005238 T __mdiff
0e0053bc T __ulp
0e00542c T __b2d
0e0054dc T __d2b
0e0055ec T __ratio
0e005668 T _mprec_log10
0e00569c T __copybits
0e005704 T __any_on
0e005764 T _read_r
0e0057a8 T frexp
0e005840 T _init_signal_r
0e00588c T _signal_r
0e0058dc T _raise_r
0e00596c T __sigtramp_r
0e0059f8 T raise
0e005a0c T signal
0e005a24 T _init_signal
0e005a34 T __sigtramp
0e005a48 T _kill_r
0e005a84 T _getpid_r
0e005a88 T _vfprintf_r
0e007998 T vfprintf
0e0079b4 t __sbprintf
0e007a84 T __swbuf_r
0e007b9c T __swbuf
0e007bb4 T _wcrtomb_r
0e007bf8 T wcrtomb
0e007c14 T _wctomb_r
0e007c30 T __ascii_wctomb
0e007c58 T _fstat_r
0e007c94 T _isatty_r
0e007ccc T __aeabi_uidiv
0e007ccc T __udivsi3
0e007ccc t .udivsi3_skip_div0_test
0e007d74 T __aeabi_uidivmod
0e007d94 T __aeabi_idiv
0e007d94 T __divsi3
0e007d9c t .divsi3_skip_div0_test
0e007e70 T __aeabi_idivmod
0e007e90 T _exit
0e007e94 T os_heap_init
0e007ee0 t os_heap_sort
0e007f4c T os_heap_add
0e007fb4 T rtos_critical_is_in_interrupt
0e007fe0 T rtos_mem_init
0e007fe4 T rtos_mem_malloc
0e007fe8 T rtos_mem_zmalloc
0e008010 T rtos_mem_calloc
0e00803c T rtos_mem_realloc
0e008040 T rtos_mem_free
0e00804c T rtos_sema_create_binary
0e008084 T rtos_sema_take
0e00811c T rtos_sema_give
0e0081b0 T rtos_sched_start
0e0081c0 T rtos_sched_get_state
0e0081ec T rtos_task_create
0e008224 T rtos_create_secure_context
0e008228 T rtos_time_delay_ms
0e008274 T rtos_time_get_current_system_time_ms
0e008294 T __wrap_malloc
0e008298 T __wrap__malloc_r
0e0082a0 T __wrap__realloc_r
0e0082ac T __wrap__free_r
0e0082b4 T __wrap__calloc_r
0e0082c0 T __wrap_printf
0e008374 t gic_cpu_init
0e008408 T arm_gic_irq_enable
0e00842c T arm_gic_irq_disable
0e008450 T arm_gic_irq_set_priority
0e0084a8 T arm_gic_get_active
0e0084c0 T arm_gic_clear_pending_irq
0e0084e4 T arm_gic_eoi
0e0084f8 T arm_gic_raise_softirq
0e008524 T arm_gic_init_secondary
0e008534 T arm_gic_init
0e008660 T _read
0e00868c T _write
0e0086bc T _close
0e0086c4 T _isatty
0e0086cc T _lseek
0e0086e4 T _fstat
0e0086f4 T _getpid
0e0086fc T _kill
0e008718 T vGetGenericTimerFreq
0e008750 T prvSetupHardware
0e0087a8 T prvSetupHardwareSecondary
0e0087b8 T vDisableIPIInterrupt
0e0087e4 T vConfigureIPIInterrupt
0e008870 T vConfigureSMPSendIPI
0e008890 T vConfigureTickInterrupt
0e0088fc T vClearTickInterrupt
0e00898c T vRegisterIRQHandler
0e0089a8 T vApplicationFPUSafeIRQHandler
0e008a5c T irq_enable
0e008a64 T irq_register
0e008a94 T _init
0e008a98 T app_start
0e008ae4 W FIQHandler
0e008ae8 W Crash_GetExStack
0e008b68 W Crash_DumpReg
0e008cdc W UndefinedExceptionHandler
0e008d10 W DataAbortHandler
0e008d54 W PrefetchAbortHandler
0e008d98 T LOGUART_PutChar
0e008e18 T psci_cpu_suspend
0e008e60 T psci_cpu_off
0e008ebc T psci_cpu_on
0e008f18 T psci_init
0e009070 T rtk_core1_power_on
0e0090fc T vPortSecondaryStart
0e00917c T smp_init
0e009244 T SOCPS_LPWAP_ipc_int
0e009250 T DelayUs
0e0092d8 T DelayMs
0e0092ec T SOCPS_SleepPG
0e009360 T SOCPS_SleepCG
0e0093bc T pmu_exec_sleep_hook_funs
0e009404 T pmu_exec_wakeup_hook_funs
0e009448 T pmu_set_sysactive_time
0e0094d8 T pmu_yield_os_check
0e0094e8 T pmu_ready_to_sleep
0e009544 T pmu_pre_sleep_processing
0e009600 T pmu_acquire_wakelock
0e00962c T pmu_release_wakelock
0e009658 T pmu_get_wakelock_status
0e009668 T pmu_set_sleep_type
0e009680 T pmu_get_sleep_type
0e009690 T pmu_acquire_deepwakelock
0e0096ac T pmu_get_deepwakelock_status
0e0096bc T pmu_set_secondary_cpu_state
0e0096cc T pmu_get_secondary_cpu_state
0e0096dc T pmu_secondary_cpu_state_is_running
0e0096f4 T pmu_secondary_cpu_state_is_hotplug
0e009710 T ipc_table_init
0e009870 T IPC_TXHandler
0e0098b4 T IPC_wait_idle
0e0099b8 T ipc_send_message
0e009ad8 T ipc_get_message
0e009b30 T IPC_SEMTake
0e009c3c T IPC_SEMFree
0e009cb0 T IPC_SEMDelayStub
0e009cc0 T IPC_INTConfig
0e009ce0 T IPC_IERGet
0e009ce8 T IPC_INTHandler
0e009d50 T IPC_INTUserHandler
0e009d88 T IPC_GetDevById
0e009dd8 t OTP_Read8.part.0
0e009f08 t OTP_Read32.isra.0
0e009f68 t OTP_ProgramMarginRead8.part.0
0e00a09c T OTPGetCRC
0e00a100 T OTP_Read8
0e00a118 T OTP_Write8
0e00a358 T OTP_LogicalMap_Read
0e00a50c T OTP_LogicalMap_Write
0e00aa58 T System_Reset
0e00aa98 T CPU_InInterrupt
0e00aac4 T rtk_log_level_get
0e00ab64 T rtk_log_write
0e00ac34 T rtk_log_write_nano
0e00ad04 T rtk_log_array_print
0e00ada0 T rtk_log_level_set
0e00aeec T rtk_log_memory_dump_word
0e00afb8 T rtk_log_memory_dump_byte
0e00b084 T _memset
0e00b1a0 T _memcpy
0e00b2c4 T _strcmp
0e00b3b8 T _strlen
0e00b450 T _stricmp
0e00b4c8 T _strtoul
0e00b684 T _2char2hex
0e00b730 W app_pre_example
0e00b734 W app_example
0e00b738 T app_pmu_init
0e00b750 T main
0e00b8c8 T CmdRamHelp
0e00b980 T cmd_reboot
0e00ba04 T CmdTickPS
0e00bb38 T cmd_write_word
0e00bbe0 T cmd_dump_word
0e00be30 T cmd_efuse_protect
0e00c488 T cmd_log_set
0e00c4f8 T cmd_rom_table
0e00c510 T shell_loguratRx_ipc_int
0e00c598 t shell_give_sema
0e00c5bc T shell_loguartRx_dispatch
0e00c660 t shell_task_ram
0e00c7c0 T shell_init_ram
0e00c868 T shell_array_init
0e00c88c T shell_get_argc
0e00c8f8 T shell_get_argv
0e00c988 T shell_init_rom
0e00ca50 T __wrap_fflush
0e00cab0 T mmap_add_region
0e00cae8 T init_xlat_tables
0e00cba0 T enable_mmu_svc_mon
0e00cbf0 T xlat_desc
0e00cd8c t xlat_tables_map_region
0e00d19c T mmap_add_region_ctx
0e00d5f8 T init_xlat_tables_ctx
0e00d9c0 T xlat_mmap_print
0e00d9c4 T xlat_tables_print
0e00d9c8 T xlat_arch_get_max_supported_pa
0e00d9d4 T xlat_get_min_virt_addr_space_size
0e00d9dc T is_dcache_enabled
0e00da04 T xlat_arch_regime_get_xn_desc
0e00da68 T xlat_arch_current_el
0e00dae4 T is_mmu_enabled_ctx
0e00dbd0 T setup_mmu_cfg
0e00ddb8 T setupMMUTable
0e00df10 T enable_mmu_direct_svc_mon
0e00df74 T clean_dcache_range
0e00df98 t loop_cmvac
0e00dfac t exit_loop_cmvac
0e00dfb0 T ChipInfo_GetLibVersion_ToBuf
0e00e0b4 t print_unsigned_num
0e00e270 T SYSCFG_RLVersion
0e00e298 T DiagVprintf
0e00ea3c T DiagVprintfNano
0e00ef40 T DiagPrintf
0e00ef6c T DiagPrintfNano
0e00efe8 T DiagSnPrintf
0e00f378 T io_assert_failed
0e00f3b0 T SYSTIMER_TickGet
0e00f3c4 T SYSTIMER_GetPassTick
0e00f3f4 T SYSCFG_CHIPType_Get
0e00f408 T SYSCFG_OTP_RSIPEn
0e00f428 W BKUP_Set
0e00f460 W BKUP_Clear
0e00f498 W RTIM_GetCount
0e00f64c T pxPortInitialiseStack
0e00f740 T xPortStartScheduler
0e00f77c T xPortSpinLockTask
0e00f7a8 T xPortSpinUnLockTask
0e00f7c8 T FreeRTOS_Tick_Handler
0e00f814 T ulPortInterruptLock
0e00f828 T ulPortInterruptUnLock
0e00f830 T xPortCpuIsInInterrupt
0e00f85c T FreeRTOS_IPI_Handler
0e00f880 T ulPortGetCoreId
0e00f894 T FreeRTOS_IPI_CPUHP_Handler
0e00f8b8 T vPortYieldOtherCore
0e00f8bc T vApplicationMallocFailedHook
0e00f930 T vApplicationStackOverflowHook
0e00f96c T vApplicationGetIdleTaskMemory
0e00f990 T vApplicationGetPassiveIdleTaskMemory
0e00f9c4 T vApplicationGetTimerTaskMemory
0e00f9e8 T pmu_post_sleep_processing
0e00fa58 T vPortSuppressTicksAndSleep
0e00fcb4 T vPortCleanUpTCB
0e00fcb8 t prvYieldCore
0e00fd18 t prvInitialiseNewTask.constprop.0
0e00fe5c t prvYieldForTask.isra.0
0e00ff40 t prvGetExpectedIdleTime
0e00ffd4 T xTaskGetCurrentYieldPending
0e010004 T xTaskGetTickCount
0e010014 T xTaskGetTickCountFromISR
0e010024 T pcTaskGetName
0e010064 T vTaskStepTick
0e01007c T vTaskSwitchContext
0e0107a8 T vTaskInternalSetTimeOutState
0e0107c8 T vTaskMissedYield
0e0107e4 T eTaskConfirmSleepModeStatus
0e010864 T xTaskGetSchedulerState
0e0108c0 T vTaskYieldWithinAPI
0e010914 T vTaskEnterCritical
0e01096c T vTaskExitCritical
0e010a20 t prvAddNewTaskToReadyList
0e010c38 T xTaskCreateStatic
0e010ca0 T xTaskCreate
0e010d34 T vTaskStartScheduler
0e010ef0 t prvAddCurrentTaskToDelayedList
0e0110d8 T xTaskIncrementTick
0e011404 t xTaskResumeAll.part.0
0e0115a8 T xTaskResumeAll
0e0115c0 T vTaskPlaceOnEventList
0e011614 T vTaskPlaceOnEventListRestricted
0e011674 T vTaskPlaceRemoveFromEventList
0e0116fc T xTaskRemoveFromEventList
0e011810 T xTaskCheckForTimeOut
0e011904 T xTaskPriorityInherit
0e011a80 T xTaskPriorityDisinherit
0e011b54 T vTaskPriorityDisinheritAfterTimeout
0e011c34 t prvIdleTask
0e011d84 T vTaskSuspendAll
0e011dbc T vTaskDelay
0e011e74 T pvTaskIncrementMutexHeldCount
0e011ef0 T vListInitialise
0e011f14 T vListInitialiseItem
0e011f20 T vListInsertEnd
0e011f4c T vListInsert
0e011fa4 T uxListRemove
0e011fe4 t prvCopyDataToQueue
0e0120d0 t prvNotifyQueueSetContainer
0e01215c t prvUnlockQueue
0e012258 T xQueueGenericCreateStatic
0e0122e8 T xQueueGenericCreate
0e0123b0 T xQueueGenericSend
0e012588 T xQueueGenericSendFromISR
0e012660 T xQueueGiveFromISR
0e012714 T xQueueReceive
0e0128c4 T xQueueSemaphoreTake
0e012ad4 T xQueueReceiveFromISR
0e012ba0 T vQueueAddToRegistry
0e012bd8 T vQueueWaitForMessageRestricted
0e012c44 t prvCheckForValidListAndQueue
0e012ce4 T xTimerCreateTimerTask
0e012d70 T xTimerGenericCommand
0e012df0 t prvSwitchTimerLists
0e012ea8 t prvTimerTask
0e0131e8 t prvInsertBlockIntoFreeList
0e01326c T pvPortMalloc
0e0133a4 T vPortFree
0e01341c T xPortGetFreeHeapSize
0e01342c T vPortDefineHeapRegions
0e01350c T pvPortReAlloc
0e0135c8 T SOCPS_PG_Enter
0e013618 T cpu_suspend_save
0e0136f8 T SOCPS_Save_GIC
0e013800 T SOCPS_Restore_GIC
0e013954 T SOCPS_SleepPG_LIB
0e013974 T SOCPS_SleepCG_LIB
0e0139c0 t __cpu_do_suspend_veneer
0e0139c8 t ____PutCharacter_veneer
0e0139d0 t __cpu_suspend_veneer
0e013a34 T _global_impure_ptr
0e013a38 t blanks.1
0e013a48 t zeroes.0
0e013a58 T _ctype_
0e013b60 t p05.0
0e013b70 T __mprec_tens
0e013c38 T __mprec_tinytens
0e013c60 T __mprec_bigtens
0e013c88 t blanks.1
0e013c98 t zeroes.0
0e013ed4 T crash_reg_name
0e013f0c t LOG_UART_IDX_FLAG
0e01404c t CSWTCH.2
0e0141e8 t CSWTCH.36
0e01420c t CSWTCH.37
0e015598 T __cmd_table_start__
0e015598 t __EH_FRAME_BEGIN__
0e015598 t shell_cmd_table
0e015608 T __cmd_table_end__
0e015608 T ipc_LPWHP_table
0e015608 T __ipc_table_start__
0e015624 T ipc_shell_table
0e01565c T __git_ver_table_start__
0e01565c T __ipc_table_end__
0e01565c T lib_freertos_smp_git_rev
0e015694 T lib_pmc_git_rev
0e0156c0 R __exidx_start
0e0156c0 T __etext
0e0156c0 T __flash_text_end__
0e0156c0 T __git_ver_table_end__
0e0156c8 D __CTOR_END__
0e0156c8 D __CTOR_LIST__
0e0156c8 D __DTOR_END__
0e0156c8 D __DTOR_LIST__
0e0156c8 d __frame_dummy_init_array_entry
0e0156c8 d __init_array_start
0e0156c8 d __preinit_array_end
0e0156c8 d __preinit_array_start
0e0156c8 R __exidx_end
0e0156cc d __do_global_dtors_aux_fini_array_entry
0e0156cc d __init_array_end
2301fd00 T __km0_ipc_memory_start__
3001fe00 T __ca32_bl1_sram_start__
60094000 T __dram_text_start__
60094000 T _vector_table
60094020 t FreeRTOS_FIQHandler
60094030 t FreeRTOS_UndefinedHandler
60094060 t FreeRTOS_DataAbortHandler
60094090 t FreeRTOS_PrefetchAbortHandler
600940c8 T _boot
600940c8 t _prestart
6009426c T exit
60094270 t invalidate_dcache
60094284 t loop1
600942c0 t loop2
600942c4 t loop3
600942e0 t skip
600942ec t finished
60094300 T __PutCharacter
6009433c t putc_error
60094370 T cpu_suspend
60094390 T cpu_do_suspend
60094430 T cpu_resume
60094508 T FreeRTOS_IPI_FLASHPG_Handler
60094558 t __UndefinedExceptionHandler_veneer
60094560 t __setupMMUTable_veneer
60094568 t __app_start_veneer
60094570 t __vPortSecondaryStart_veneer
60094578 t __FreeRTOS_IRQ_Handler_veneer
60094580 t __DataAbortHandler_veneer
60094588 t __FreeRTOS_SWI_Handler_veneer
60094590 t ___exit_veneer
60094598 t __FIQHandler_veneer
600945a0 t __PrefetchAbortHandler_veneer
600945a8 t __cpu_suspend_save_veneer
60095000 D __data_start__
60095000 D _impure_ptr
60095000 T __dram_text_end__
60095004 d impure_data
600950f4 D __global_locale
60095260 d deepwakelock
60095264 D system_can_yield
60095268 d wakelock
6009526c D rtk_log_default_level
60095270 d tf_xlat_ctx
600952b0 D __data_end__
600952b0 D __TMC_END__
60098000 D __mmu_tbl_start
60098000 d tf_base_xlat_table
60099000 d tf_xlat_tables
600a3000 B __bss_start__
600a3000 b completed.1
600a3000 D __mmu_tbl_end
600a3004 b object.0
600a301c B __sf
600a3154 B __lock___arc4random_mutex
600a3155 B __lock___dd_hash_mutex
600a3156 B __lock___tz_mutex
600a3157 B __lock___env_recursive_mutex
600a3158 B __lock___malloc_recursive_mutex
600a3159 B __lock___at_quick_exit_mutex
600a315a B __lock___atexit_recursive_mutex
600a315b B __lock___sfp_recursive_mutex
600a315c B __lock___sinit_recursive_mutex
600a3160 B errno
600a3164 B xHeapRegions
600a3194 B heap_index
600a3198 B total_heap_size
600a31c0 b print_lock
600a3200 B GenericTimerFreq
600a3208 b xInterruptTable
600a3608 B DataAbortAddr
600a360c B PrefetchAbortAddr
600a3610 B UndefinedExceptionAddr
600a3614 B cpuhp_flag
600a361c b deepwakelock_timeout
600a3620 B gPsmDdHookInfo
600a36ac b max_sleep_time
600a36c0 B sleep_param
600a36e0 b sleep_type
600a36e4 b sleepwakelock_timeout
600a36e8 B sysactive_timeout_flag
600a36ec b sysactive_timeout_temp
600a36f0 B ipc_Semaphore
600a3730 B ipc_delay
600a3734 B IPC_IrqData
600a37b4 B IPC_IrqHandler
600a3840 b print_lock
600a3880 b rtk_log_entry_count
600a3884 B rtk_log_tag_array
600a38b0 B ConfigDebug
600a38c0 B shell_sema
600a38c4 B shell_argv_array
600a3904 B shell_buf
600a3984 B shell_ctl
600a39a8 B shell_rxbuf
600a3a28 B vfs
600a3a78 B mmu_cfg_params
600a3a90 b tf_mmap
600a3c40 b print_lock
600a3c80 B flash_init_para
600a3cf4 b missing_tick.0
600a3d00 B task_lock
600a3d40 B ulFlashPG_Flag
600a3d44 B ulPortInterruptNesting
600a3d4c B ulPortTaskHasFPUContext
600a3d50 B ulPortYieldRequired
600a3d58 b uxIdleTaskStack.5
600a4d58 b uxIdleTaskStacks.3
600a5d58 b uxTimerTaskStack.1
600a7d58 b xIdleTaskTCB.6
600a7ed0 b xIdleTaskTCBs.4
600a8048 b xTimerTaskTCB.2
600a81c0 B FreeRTOS_errno
600a81c4 B pxCurrentTCBs
600a81cc b pxDelayedTaskList
600a81d0 b pxOverflowDelayedTaskList
600a81d4 b pxPendingSaveContextTaskList
600a81d8 b pxReadyTasksLists
600a82b4 b ulTaskSwitchedInTime
600a82bc b ulTotalRunTime
600a82c4 b uxCurrentNumberOfTasks
600a82c8 b uxDeletedTasksWaitingCleanUp
600a82cc b uxSchedulerSuspended
600a82d0 b uxTaskNumber
600a82d4 b uxTopReadyPriority
600a82d8 b xDelayedTaskList1
600a82ec b xDelayedTaskList2
600a8300 b xIdleTaskHandle
600a8308 b xNextTaskUnblockTime
600a830c b xNumOfOverflows
600a8310 b xPendedTicks
600a8314 b xPendingReadyList
600a8328 b xSchedulerRunning
600a832c b xSuspendedTaskList
600a8340 b xTasksWaitingSaveContext
600a8354 b xTasksWaitingTermination
600a8368 b xTickCount
600a836c b xYieldPendings
600a8374 B xQueueRegistry
600a83b4 b pxCurrentTimerList
600a83b8 b pxOverflowTimerList
600a83bc b ucStaticTimerQueueStorage.1
600a840c b xActiveTimerList1
600a8420 b xActiveTimerList2
600a8434 b xLastTime.2
600a8438 b xStaticTimerQueue.0
600a848c b xTimerQueue
600a8490 b xTimerTaskHandle
600a8494 b pxEnd
600a8498 b xBlockAllocatedBit
600a849c b xFreeBytesRemaining
600a84a0 b xMinimumEverFreeBytesRemaining
600a84a4 b xNumberOfSuccessfulAllocations
600a84a8 b xNumberOfSuccessfulFrees
600a84ac b xStart
600a84b4 B ctx
600a8530 B gic_regs
600a8674 B __bss_end__
600a8678 B __end__
600a8678 B end
600a8678 b __heap
600a8678 B __HeapBase
600ab678 B __heap_limit
600ab678 B __HeapLimit
600ab678 B __HeapSize
600ab680 b __fiq_stack
600ab680 B __StackLimit
600abe80 b __irq_stack
600ac680 b __supervisor_stack
600ad680 b __abort_stack
600ade80 b __undef_stack
600ae680 b __sys_stack
600af000 b card_info
600af000 B __ram_nocache_start__
600b0000 B __ram_nocache_end__
600b0000 ? __psram_heap_buffer_start__
6fffffff T __dram_dynamic_app_text_end__
6fffffff T __dram_dynamic_app_text_start__
70060020 T __ca32_bl1_dram_start__
70400000 T __ca32_fip_dram_start__
c8800000 ? __btrace_end__
c8800000 ? __btrace_start__
