Archive member included to satisfy reference by file (symbol)

/home/qi_shen/jessica/6.6/sources/firmware/amebasmart_gcc_project/project_ap/asdk/build/atf/lib/libpm.a(sheipa_pm.o)
                              /home/qi_shen/jessica/6.6/sources/firmware/amebasmart_gcc_project/project_ap/asdk/build/atf/bl32/sp_min_main.o (plat_sheipa_restore_mpc)
/home/qi_shen/jessica/6.6/sources/firmware/amebasmart_gcc_project/project_ap/asdk/build/atf/lib/libc.a(assert.o)
                              /home/qi_shen/jessica/6.6/sources/firmware/amebasmart_gcc_project/project_ap/asdk/build/atf/bl32/sp_min_main.o (__assert)
/home/qi_shen/jessica/6.6/sources/firmware/amebasmart_gcc_project/project_ap/asdk/build/atf/lib/libc.a(memcpy.o)
                              /home/qi_shen/jessica/6.6/sources/firmware/amebasmart_gcc_project/project_ap/asdk/build/atf/bl32/context_mgmt.o (memcpy)
/home/qi_shen/jessica/6.6/sources/firmware/amebasmart_gcc_project/project_ap/asdk/build/atf/lib/libc.a(memmove.o)
                              /home/qi_shen/jessica/6.6/sources/firmware/amebasmart_gcc_project/project_ap/asdk/build/atf/bl32/xlat_tables_core.o (memmove)
/home/qi_shen/jessica/6.6/sources/firmware/amebasmart_gcc_project/project_ap/asdk/build/atf/lib/libc.a(memset.o)
                              /home/qi_shen/jessica/6.6/sources/firmware/amebasmart_gcc_project/project_ap/asdk/build/atf/bl32/runtime_svc.o (memset)
/home/qi_shen/jessica/6.6/sources/firmware/amebasmart_gcc_project/project_ap/asdk/build/atf/lib/libc.a(printf.o)
                              /home/qi_shen/jessica/6.6/sources/firmware/amebasmart_gcc_project/project_ap/asdk/build/atf/bl32/tf_log.o (vprintf)
/home/qi_shen/jessica/6.6/sources/firmware/amebasmart_gcc_project/project_ap/asdk/build/atf/lib/libc.a(putchar.o)
                              /home/qi_shen/jessica/6.6/sources/firmware/amebasmart_gcc_project/project_ap/asdk/build/atf/bl32/tf_log.o (putchar)

Discarded input sections

 .text          0x0000000000000000        0x0 /home/qi_shen/jessica/6.6/sources/firmware/amebasmart_gcc_project/project_ap/asdk/build/atf/bl32/build_message.o
 .data          0x0000000000000000        0x0 /home/qi_shen/jessica/6.6/sources/firmware/amebasmart_gcc_project/project_ap/asdk/build/atf/bl32/build_message.o
 .bss           0x0000000000000000        0x0 /home/qi_shen/jessica/6.6/sources/firmware/amebasmart_gcc_project/project_ap/asdk/build/atf/bl32/build_message.o
 .text          0x0000000000000000        0x0 /home/qi_shen/jessica/6.6/sources/firmware/amebasmart_gcc_project/project_ap/asdk/build/atf/bl32/sp_min_main.o
 .data          0x0000000000000000        0x0 /home/qi_shen/jessica/6.6/sources/firmware/amebasmart_gcc_project/project_ap/asdk/build/atf/bl32/sp_min_main.o
 .bss           0x0000000000000000        0x0 /home/qi_shen/jessica/6.6/sources/firmware/amebasmart_gcc_project/project_ap/asdk/build/atf/bl32/sp_min_main.o
 .text.smc_get_ctx
                0x0000000000000000       0x24 /home/qi_shen/jessica/6.6/sources/firmware/amebasmart_gcc_project/project_ap/asdk/build/atf/bl32/sp_min_main.o
 .text.smc_set_next_ctx
                0x0000000000000000       0x14 /home/qi_shen/jessica/6.6/sources/firmware/amebasmart_gcc_project/project_ap/asdk/build/atf/bl32/sp_min_main.o
 .text.cm_set_context
                0x0000000000000000       0x24 /home/qi_shen/jessica/6.6/sources/firmware/amebasmart_gcc_project/project_ap/asdk/build/atf/bl32/sp_min_main.o
 .text          0x0000000000000000        0x0 /home/qi_shen/jessica/6.6/sources/firmware/amebasmart_gcc_project/project_ap/asdk/build/atf/bl32/runtime_svc.o
 .data          0x0000000000000000        0x0 /home/qi_shen/jessica/6.6/sources/firmware/amebasmart_gcc_project/project_ap/asdk/build/atf/bl32/runtime_svc.o
 .bss           0x0000000000000000        0x0 /home/qi_shen/jessica/6.6/sources/firmware/amebasmart_gcc_project/project_ap/asdk/build/atf/bl32/runtime_svc.o
 .text          0x0000000000000000        0x0 /home/qi_shen/jessica/6.6/sources/firmware/amebasmart_gcc_project/project_ap/asdk/build/atf/bl32/gic_common.o
 .data          0x0000000000000000        0x0 /home/qi_shen/jessica/6.6/sources/firmware/amebasmart_gcc_project/project_ap/asdk/build/atf/bl32/gic_common.o
 .bss           0x0000000000000000        0x0 /home/qi_shen/jessica/6.6/sources/firmware/amebasmart_gcc_project/project_ap/asdk/build/atf/bl32/gic_common.o
 .text.gicd_read_isenabler
                0x0000000000000000        0xc /home/qi_shen/jessica/6.6/sources/firmware/amebasmart_gcc_project/project_ap/asdk/build/atf/bl32/gic_common.o
 .text.gicd_read_icenabler
                0x0000000000000000        0xc /home/qi_shen/jessica/6.6/sources/firmware/amebasmart_gcc_project/project_ap/asdk/build/atf/bl32/gic_common.o
 .text.gicd_read_ispendr
                0x0000000000000000        0xc /home/qi_shen/jessica/6.6/sources/firmware/amebasmart_gcc_project/project_ap/asdk/build/atf/bl32/gic_common.o
 .text.gicd_read_icpendr
[...]
Memory Configuration

Name             Origin             Length             Attributes
RAM              0x0000000070200000 0x0000000000100000 xrw
*default*        0x0000000000000000 0xffffffffffffffff

Linker script and memory map

                0x0000000070200000                . = 0x70200000
                0x0000000000000001                ASSERT ((. == ALIGN (0x1000)), BL32_BASE address is not aligned on a page boundary.)

.text           0x0000000070200000     0x4000
                0x0000000070200000                __TEXT_START__ = .
 *entrypoint.o(.text*)
 .text.asm.sp_min_entrypoint
                0x0000000070200000      0x170 /home/qi_shen/jessica/6.6/sources/firmware/amebasmart_gcc_project/project_ap/asdk/build/atf/bl32/entrypoint.o
                0x0000000070200000                sp_min_entrypoint
 .text.asm.sp_min_handle_smc
                0x0000000070200170       0xd4 /home/qi_shen/jessica/6.6/sources/firmware/amebasmart_gcc_project/project_ap/asdk/build/atf/bl32/entrypoint.o
                0x0000000070200170                sp_min_handle_smc
 .text.asm.sp_min_handle_fiq
                0x0000000070200244        0x4 /home/qi_shen/jessica/6.6/sources/firmware/amebasmart_gcc_project/project_ap/asdk/build/atf/bl32/entrypoint.o
                0x0000000070200244                sp_min_handle_fiq
 .text.asm.sp_min_warm_entrypoint
                0x0000000070200248       0xdc /home/qi_shen/jessica/6.6/sources/firmware/amebasmart_gcc_project/project_ap/asdk/build/atf/bl32/entrypoint.o
                0x0000000070200248                sp_min_warm_entrypoint
 .text.asm.sp_min_exit
                0x0000000070200324       0x98 /home/qi_shen/jessica/6.6/sources/firmware/amebasmart_gcc_project/project_ap/asdk/build/atf/bl32/entrypoint.o
 *(.text*)
 .text.smc_get_next_ctx
                0x00000000702003bc       0x14 /home/qi_shen/jessica/6.6/sources/firmware/amebasmart_gcc_project/project_ap/asdk/build/atf/bl32/sp_min_main.o
                0x00000000702003bc                smc_get_next_ctx
 .text.cm_get_context
                0x00000000702003d0       0x24 /home/qi_shen/jessica/6.6/sources/firmware/amebasmart_gcc_project/project_ap/asdk/build/atf/bl32/sp_min_main.o
                0x00000000702003d0                cm_get_context
 .text.cm_get_context_by_index
                0x00000000702003f4       0x20 /home/qi_shen/jessica/6.6/sources/firmware/amebasmart_gcc_project/project_ap/asdk/build/atf/bl32/sp_min_main.o
                0x00000000702003f4                cm_get_context_by_index
 .text.cm_set_context_by_index
                0x0000000070200414       0x20 /home/qi_shen/jessica/6.6/sources/firmware/amebasmart_gcc_project/project_ap/asdk/build/atf/bl32/sp_min_main.o
                0x0000000070200414                cm_set_context_by_index
 .text.get_arm_std_svc_args
                0x0000000070200434       0x20 /home/qi_shen/jessica/6.6/sources/firmware/amebasmart_gcc_project/project_ap/asdk/build/atf/bl32/sp_min_main.o
                0x0000000070200434                get_arm_std_svc_args
 .text.sp_min_main
                0x0000000070200454       0xd0 /home/qi_shen/jessica/6.6/sources/firmware/amebasmart_gcc_project/project_ap/asdk/build/atf/bl32/sp_min_main.o
                0x0000000070200454                sp_min_main
 .text.sp_min_warm_boot
                0x0000000070200524       0x84 /home/qi_shen/jessica/6.6/sources/firmware/amebasmart_gcc_project/project_ap/asdk/build/atf/bl32/sp_min_main.o
                0x0000000070200524                sp_min_warm_boot
 .text.handle_runtime_svc
                0x00000000702005a8       0x60 /home/qi_shen/jessica/6.6/sources/firmware/amebasmart_gcc_project/project_ap/asdk/build/atf/bl32/runtime_svc.o
                0x00000000702005a8                handle_runtime_svc
 .text.runtime_svc_init
                0x0000000070200608       0xd8 /home/qi_shen/jessica/6.6/sources/firmware/amebasmart_gcc_project/project_ap/asdk/build/atf/bl32/runtime_svc.o
                0x0000000070200608                runtime_svc_init
 .text.gicd_read_igroupr
                0x00000000702006e0        0xa /home/qi_shen/jessica/6.6/sources/firmware/amebasmart_gcc_project/project_ap/asdk/build/atf/bl32/gic_common.o
                0x00000000702006e0                gicd_read_igroupr
 .text.gicd_read_icfgr
                0x00000000702006ea        0xc /home/qi_shen/jessica/6.6/sources/firmware/amebasmart_gcc_project/project_ap/asdk/build/atf/bl32/gic_common.o
                0x00000000702006ea                gicd_read_icfgr
 .text.gicd_write_igroupr
                0x00000000702006f6        0xa /home/qi_shen/jessica/6.6/sources/firmware/amebasmart_gcc_project/project_ap/asdk/build/atf/bl32/gic_common.o
                0x00000000702006f6                gicd_write_igroupr
 .text.gicd_write_isenabler
                0x0000000070200700        0xc /home/qi_shen/jessica/6.6/sources/firmware/amebasmart_gcc_project/project_ap/asdk/build/atf/bl32/gic_common.o
                0x0000000070200700                gicd_write_isenabler
 .text.gicd_write_icenabler
                0x000000007020070c        0xc /home/qi_shen/jessica/6.6/sources/firmware/amebasmart_gcc_project/project_ap/asdk/build/atf/bl32/gic_common.o
                0x000000007020070c                gicd_write_icenabler
 .text.gicd_write_ipriorityr
                0x0000000070200718        0xc /home/qi_shen/jessica/6.6/sources/firmware/amebasmart_gcc_project/project_ap/asdk/build/atf/bl32/gic_common.o
                0x0000000070200718                gicd_write_ipriorityr
 .text.gicd_write_icfgr
                0x0000000070200724        0xc /home/qi_shen/jessica/6.6/sources/firmware/amebasmart_gcc_project/project_ap/asdk/build/atf/bl32/gic_common.o
                0x0000000070200724                gicd_write_icfgr
 .text.gicd_clr_igroupr
                0x0000000070200730       0x22 /home/qi_shen/jessica/6.6/sources/firmware/amebasmart_gcc_project/project_ap/asdk/build/atf/bl32/gic_common.o
                0x0000000070200730                gicd_clr_igroupr
 .text.gicd_set_isenabler
                0x0000000070200752        0xc /home/qi_shen/jessica/6.6/sources/firmware/amebasmart_gcc_project/project_ap/asdk/build/atf/bl32/gic_common.o
                0x0000000070200752                gicd_set_isenabler
 .text.gicd_set_ipriorityr
                0x000000007020075e        0xa /home/qi_shen/jessica/6.6/sources/firmware/amebasmart_gcc_project/project_ap/asdk/build/atf/bl32/gic_common.o
                0x000000007020075e                gicd_set_ipriorityr
 .text.gicd_set_icfgr
                0x0000000070200768       0x2c /home/qi_shen/jessica/6.6/sources/firmware/amebasmart_gcc_project/project_ap/asdk/build/atf/bl32/gic_common.o
                0x0000000070200768                gicd_set_icfgr
 .text.gicv2_spis_configure_defaults
                0x0000000070200794       0x50 /home/qi_shen/jessica/6.6/sources/firmware/amebasmart_gcc_project/project_ap/asdk/build/atf/bl32/gicv2_helpers.o
                0x0000000070200794                gicv2_spis_configure_defaults
 .text.gicv2_secure_spis_configure_props
                0x00000000702007e4       0x94 /home/qi_shen/jessica/6.6/sources/firmware/amebasmart_gcc_project/project_ap/asdk/build/atf/bl32/gicv2_helpers.o
                0x00000000702007e4                gicv2_secure_spis_configure_props
 .text.gicv2_secure_ppi_sgi_setup_props
                0x0000000070200878       0xb4 /home/qi_shen/jessica/6.6/sources/firmware/amebasmart_gcc_project/project_ap/asdk/build/atf/bl32/gicv2_helpers.o
                0x0000000070200878                gicv2_secure_ppi_sgi_setup_props
 .text.gicv2_cpuif_enable
                0x000000007020092c       0x2c /home/qi_shen/jessica/6.6/sources/firmware/amebasmart_gcc_project/project_ap/asdk/build/atf/bl32/gicv2_main.o
                0x000000007020092c                gicv2_cpuif_enable
 .text.gicv2_pcpu_distif_init
                0x0000000070200958       0x3c /home/qi_shen/jessica/6.6/sources/firmware/amebasmart_gcc_project/project_ap/asdk/build/atf/bl32/gicv2_main.o
                0x0000000070200958                gicv2_pcpu_distif_init
 .text.gicv2_distif_init
                0x0000000070200994       0x44 /home/qi_shen/jessica/6.6/sources/firmware/amebasmart_gcc_project/project_ap/asdk/build/atf/bl32/gicv2_main.o
                0x0000000070200994                gicv2_distif_init
 .text.gicv2_driver_init
                0x00000000702009d8       0x5c /home/qi_shen/jessica/6.6/sources/firmware/amebasmart_gcc_project/project_ap/asdk/build/atf/bl32/gicv2_main.o
                0x00000000702009d8                gicv2_driver_init
 .text.errata_needs_reporting
                0x0000000070200a34       0x2c /home/qi_shen/jessica/6.6/sources/firmware/amebasmart_gcc_project/project_ap/asdk/build/atf/bl32/errata_report.o
                0x0000000070200a34                errata_needs_reporting
 .text.cm_setup_context
                0x0000000070200a60       0x78 /home/qi_shen/jessica/6.6/sources/firmware/amebasmart_gcc_project/project_ap/asdk/build/atf/bl32/context_mgmt.o
                0x0000000070200a60                cm_setup_context
 .text.cm_init_context_by_index
                0x0000000070200ad8       0x18 /home/qi_shen/jessica/6.6/sources/firmware/amebasmart_gcc_project/project_ap/asdk/build/atf/bl32/context_mgmt.o
                0x0000000070200ad8                cm_init_context_by_index
 .text.cm_init_my_context
                0x0000000070200af0       0x18 /home/qi_shen/jessica/6.6/sources/firmware/amebasmart_gcc_project/project_ap/asdk/build/atf/bl32/context_mgmt.o
                0x0000000070200af0                cm_init_my_context
 .text.cm_prepare_el3_exit
                0x0000000070200b08       0xb8 /home/qi_shen/jessica/6.6/sources/firmware/amebasmart_gcc_project/project_ap/asdk/build/atf/bl32/context_mgmt.o
                0x0000000070200b08                cm_prepare_el3_exit
 .text.bakery_lock_get
                0x0000000070200bc0       0x84 /home/qi_shen/jessica/6.6/sources/firmware/amebasmart_gcc_project/project_ap/asdk/build/atf/bl32/bakery_lock_coherent.o
                0x0000000070200bc0                bakery_lock_get
 .text.bakery_lock_release
                0x0000000070200c44       0x3c /home/qi_shen/jessica/6.6/sources/firmware/amebasmart_gcc_project/project_ap/asdk/build/atf/bl32/bakery_lock_coherent.o
                0x0000000070200c44                bakery_lock_release
 .text.psci_set_req_local_pwr_state
                0x0000000070200c80       0x30 /home/qi_shen/jessica/6.6/sources/firmware/amebasmart_gcc_project/project_ap/asdk/build/atf/bl32/psci_common.o
 .text.psci_validate_power_state
                0x0000000070200cb0       0x30 /home/qi_shen/jessica/6.6/sources/firmware/amebasmart_gcc_project/project_ap/asdk/build/atf/bl32/psci_common.o
                0x0000000070200cb0                psci_validate_power_state
 .text.psci_query_sys_suspend_pwrstate
                0x0000000070200ce0       0x20 /home/qi_shen/jessica/6.6/sources/firmware/amebasmart_gcc_project/project_ap/asdk/build/atf/bl32/psci_common.o
                0x0000000070200ce0                psci_query_sys_suspend_pwrstate
 .text.psci_is_last_on_cpu
                0x0000000070200d00       0x48 /home/qi_shen/jessica/6.6/sources/firmware/amebasmart_gcc_project/project_ap/asdk/build/atf/bl32/psci_common.o
                0x0000000070200d00                psci_is_last_on_cpu
 .text.psci_init_req_local_pwr_states
                0x0000000070200d48       0x28 /home/qi_shen/jessica/6.6/sources/firmware/amebasmart_gcc_project/project_ap/asdk/build/atf/bl32/psci_common.o
                0x0000000070200d48                psci_init_req_local_pwr_states
 .text.psci_get_target_local_pwr_states
                0x0000000070200d70       0x48 /home/qi_shen/jessica/6.6/sources/firmware/amebasmart_gcc_project/project_ap/asdk/build/atf/bl32/psci_common.o
                0x0000000070200d70                psci_get_target_local_pwr_states
 .text.psci_get_parent_pwr_domain_nodes
                0x0000000070200db8       0x2c /home/qi_shen/jessica/6.6/sources/firmware/amebasmart_gcc_project/project_ap/asdk/build/atf/bl32/psci_common.o
                0x0000000070200db8                psci_get_parent_pwr_domain_nodes
 .text.psci_set_pwr_domains_to_run
                0x0000000070200de4       0x64 /home/qi_shen/jessica/6.6/sources/firmware/amebasmart_gcc_project/project_ap/asdk/build/atf/bl32/psci_common.o
                0x0000000070200de4                psci_set_pwr_domains_to_run
 .text.psci_do_state_coordination
                0x0000000070200e48       0xe4 /home/qi_shen/jessica/6.6/sources/firmware/amebasmart_gcc_project/project_ap/asdk/build/atf/bl32/psci_common.o
                0x0000000070200e48                psci_do_state_coordination
 .text.psci_find_max_off_lvl
                0x0000000070200f2c       0x20 /home/qi_shen/jessica/6.6/sources/firmware/amebasmart_gcc_project/project_ap/asdk/build/atf/bl32/psci_common.o
                0x0000000070200f2c                psci_find_max_off_lvl
 .text.psci_find_target_suspend_lvl
                0x0000000070200f4c       0x1c /home/qi_shen/jessica/6.6/sources/firmware/amebasmart_gcc_project/project_ap/asdk/build/atf/bl32/psci_common.o
                0x0000000070200f4c                psci_find_target_suspend_lvl
 .text.psci_validate_suspend_req
                0x0000000070200f68       0x52 /home/qi_shen/jessica/6.6/sources/firmware/amebasmart_gcc_project/project_ap/asdk/build/atf/bl32/psci_common.o
                0x0000000070200f68                psci_validate_suspend_req
 *fill*         0x0000000070200fba        0x2 
 .text.psci_acquire_pwr_domain_locks
                0x0000000070200fbc       0x38 /home/qi_shen/jessica/6.6/sources/firmware/amebasmart_gcc_project/project_ap/asdk/build/atf/bl32/psci_common.o
                0x0000000070200fbc                psci_acquire_pwr_domain_locks
 .text.psci_release_pwr_domain_locks
                0x0000000070200ff4       0x30 /home/qi_shen/jessica/6.6/sources/firmware/amebasmart_gcc_project/project_ap/asdk/build/atf/bl32/psci_common.o
                0x0000000070200ff4                psci_release_pwr_domain_locks
 .text.psci_validate_mpidr
                0x0000000070201024       0x12 /home/qi_shen/jessica/6.6/sources/firmware/amebasmart_gcc_project/project_ap/asdk/build/atf/bl32/psci_common.o
                0x0000000070201024                psci_validate_mpidr
 *fill*         0x0000000070201036        0x2 
 .text.psci_validate_entry_point
                0x0000000070201038       0x94 /home/qi_shen/jessica/6.6/sources/firmware/amebasmart_gcc_project/project_ap/asdk/build/atf/bl32/psci_common.o
                0x0000000070201038                psci_validate_entry_point
 .text.psci_warmboot_entrypoint
                0x00000000702010cc       0x9c /home/qi_shen/jessica/6.6/sources/firmware/amebasmart_gcc_project/project_ap/asdk/build/atf/bl32/psci_common.o
                0x00000000702010cc                psci_warmboot_entrypoint
 .text.psci_spd_migrate_info
                0x0000000070201168       0x2c /home/qi_shen/jessica/6.6/sources/firmware/amebasmart_gcc_project/project_ap/asdk/build/atf/bl32/psci_common.o
                0x0000000070201168                psci_spd_migrate_info
 .text.psci_print_power_domain_map
                0x0000000070201194       0xb4 /home/qi_shen/jessica/6.6/sources/firmware/amebasmart_gcc_project/project_ap/asdk/build/atf/bl32/psci_common.o
                0x0000000070201194                psci_print_power_domain_map
 .text.psci_do_pwrdown_sequence
                0x0000000070201248        0x4 /home/qi_shen/jessica/6.6/sources/firmware/amebasmart_gcc_project/project_ap/asdk/build/atf/bl32/psci_common.o
                0x0000000070201248                psci_do_pwrdown_sequence
 .text.psci_cpu_on
                0x000000007020124c       0x2e /home/qi_shen/jessica/6.6/sources/firmware/amebasmart_gcc_project/project_ap/asdk/build/atf/bl32/psci_main.o
                0x000000007020124c                psci_cpu_on
 *fill*         0x000000007020127a        0x2 
 .text.psci_cpu_suspend
                0x000000007020127c       0xc4 /home/qi_shen/jessica/6.6/sources/firmware/amebasmart_gcc_project/project_ap/asdk/build/atf/bl32/psci_main.o
                0x000000007020127c                psci_cpu_suspend
 .text.psci_system_suspend
                0x0000000070201340       0x68 /home/qi_shen/jessica/6.6/sources/firmware/amebasmart_gcc_project/project_ap/asdk/build/atf/bl32/psci_main.o
                0x0000000070201340                psci_system_suspend
 .text.psci_cpu_off
                0x00000000702013a8       0x1c /home/qi_shen/jessica/6.6/sources/firmware/amebasmart_gcc_project/project_ap/asdk/build/atf/bl32/psci_main.o
                0x00000000702013a8                psci_cpu_off
 .text.psci_affinity_info
                0x00000000702013c4       0x2a /home/qi_shen/jessica/6.6/sources/firmware/amebasmart_gcc_project/project_ap/asdk/build/atf/bl32/psci_main.o
                0x00000000702013c4                psci_affinity_info
 *fill*         0x00000000702013ee        0x2 
 .text.psci_migrate
                0x00000000702013f0       0x74 /home/qi_shen/jessica/6.6/sources/firmware/amebasmart_gcc_project/project_ap/asdk/build/atf/bl32/psci_main.o
                0x00000000702013f0                psci_migrate
 .text.psci_migrate_info_type
                0x0000000070201464        0xe /home/qi_shen/jessica/6.6/sources/firmware/amebasmart_gcc_project/project_ap/asdk/build/atf/bl32/psci_main.o
                0x0000000070201464                psci_migrate_info_type
 .text.psci_migrate_info_up_cpu
                0x0000000070201472       0x1a /home/qi_shen/jessica/6.6/sources/firmware/amebasmart_gcc_project/project_ap/asdk/build/atf/bl32/psci_main.o
                0x0000000070201472                psci_migrate_info_up_cpu
 .text.psci_node_hw_state
                0x000000007020148c       0x48 /home/qi_shen/jessica/6.6/sources/firmware/amebasmart_gcc_project/project_ap/asdk/build/atf/bl32/psci_main.o
                0x000000007020148c                psci_node_hw_state
 .text.psci_features
                0x00000000702014d4       0x60 /home/qi_shen/jessica/6.6/sources/firmware/amebasmart_gcc_project/project_ap/asdk/build/atf/bl32/psci_main.o
                0x00000000702014d4                psci_features
 .text.psci_smc_handler
                0x0000000070201534      0x134 /home/qi_shen/jessica/6.6/sources/firmware/amebasmart_gcc_project/project_ap/asdk/build/atf/bl32/psci_main.o
                0x0000000070201534                psci_smc_handler
 .text.psci_mem_protect
                0x0000000070201668       0x4c /home/qi_shen/jessica/6.6/sources/firmware/amebasmart_gcc_project/project_ap/asdk/build/atf/bl32/psci_mem_protect.o
                0x0000000070201668                psci_mem_protect
 .text.psci_mem_chk_range
                0x00000000702016b4       0x34 /home/qi_shen/jessica/6.6/sources/firmware/amebasmart_gcc_project/project_ap/asdk/build/atf/bl32/psci_mem_protect.o
                0x00000000702016b4                psci_mem_chk_range
 .text.psci_do_cpu_off
                0x00000000702016e8       0xc4 /home/qi_shen/jessica/6.6/sources/firmware/amebasmart_gcc_project/project_ap/asdk/build/atf/bl32/psci_off.o
                0x00000000702016e8                psci_do_cpu_off
 .text.psci_cpu_on_start
                0x00000000702017ac      0x130 /home/qi_shen/jessica/6.6/sources/firmware/amebasmart_gcc_project/project_ap/asdk/build/atf/bl32/psci_on.o
                0x00000000702017ac                psci_cpu_on_start
 .text.psci_cpu_on_finish
                0x00000000702018dc       0x9c /home/qi_shen/jessica/6.6/sources/firmware/amebasmart_gcc_project/project_ap/asdk/build/atf/bl32/psci_on.o
                0x00000000702018dc                psci_cpu_on_finish
 .text.psci_arch_setup
                0x0000000070201978       0x16 /home/qi_shen/jessica/6.6/sources/firmware/amebasmart_gcc_project/project_ap/asdk/build/atf/bl32/psci_setup.o
                0x0000000070201978                psci_arch_setup
 *fill*         0x000000007020198e        0x2 
 .text.psci_setup
                0x0000000070201990      0x22c /home/qi_shen/jessica/6.6/sources/firmware/amebasmart_gcc_project/project_ap/asdk/build/atf/bl32/psci_setup.o
                0x0000000070201990                psci_setup
 .text.psci_prepare_next_non_secure_ctx
                0x0000000070201bbc       0x24 /home/qi_shen/jessica/6.6/sources/firmware/amebasmart_gcc_project/project_ap/asdk/build/atf/bl32/psci_setup.o
                0x0000000070201bbc                psci_prepare_next_non_secure_ctx
 .text.psci_cpu_suspend_start
                0x0000000070201be0      0x104 /home/qi_shen/jessica/6.6/sources/firmware/amebasmart_gcc_project/project_ap/asdk/build/atf/bl32/psci_suspend.o
                0x0000000070201be0                psci_cpu_suspend_start
 .text.psci_cpu_suspend_finish
                0x0000000070201ce4       0x8c /home/qi_shen/jessica/6.6/sources/firmware/amebasmart_gcc_project/project_ap/asdk/build/atf/bl32/psci_suspend.o
                0x0000000070201ce4                psci_cpu_suspend_finish
 .text.psci_system_off
                0x0000000070201d70       0x38 /home/qi_shen/jessica/6.6/sources/firmware/amebasmart_gcc_project/project_ap/asdk/build/atf/bl32/psci_system_off.o
                0x0000000070201d70                psci_system_off
 .text.psci_system_reset
                0x0000000070201da8       0x38 /home/qi_shen/jessica/6.6/sources/firmware/amebasmart_gcc_project/project_ap/asdk/build/atf/bl32/psci_system_off.o
                0x0000000070201da8                psci_system_reset
 .text.psci_system_reset2
                0x0000000070201de0       0x70 /home/qi_shen/jessica/6.6/sources/firmware/amebasmart_gcc_project/project_ap/asdk/build/atf/bl32/psci_system_off.o
                0x0000000070201de0                psci_system_reset2
 .text.sp_min_plat_runtime_setup
                0x0000000070201e50        0x6 /home/qi_shen/jessica/6.6/sources/firmware/amebasmart_gcc_project/project_ap/asdk/build/atf/bl32/plat_sp_min_common.o
                0x0000000070201e50                sp_min_plat_runtime_setup
 *fill*         0x0000000070201e56        0x2 
 .text.plat_get_target_pwr_state
                0x0000000070201e58       0x24 /home/qi_shen/jessica/6.6/sources/firmware/amebasmart_gcc_project/project_ap/asdk/build/atf/bl32/plat_psci_common.o
                0x0000000070201e58                plat_get_target_pwr_state
 .text.rtk_secure_service
                0x0000000070201e7c       0x20 /home/qi_shen/jessica/6.6/sources/firmware/amebasmart_gcc_project/project_ap/asdk/build/atf/bl32/bsec_svc.o
                0x0000000070201e7c                rtk_secure_service
 .text.rtk_smc_setup
                0x0000000070201e9c        0x4 /home/qi_shen/jessica/6.6/sources/firmware/amebasmart_gcc_project/project_ap/asdk/build/atf/bl32/rtk_svc_setup.o
 .text.rtk_smc_handler
                0x0000000070201ea0       0x40 /home/qi_shen/jessica/6.6/sources/firmware/amebasmart_gcc_project/project_ap/asdk/build/atf/bl32/rtk_svc_setup.o
 .text.plat_sheipa_gic_driver_init
                0x0000000070201ee0        0xc /home/qi_shen/jessica/6.6/sources/firmware/amebasmart_gcc_project/project_ap/asdk/build/atf/bl32/sheipa_gic.o
                0x0000000070201ee0                plat_sheipa_gic_driver_init
 .text.plat_sheipa_gic_init
                0x0000000070201eec       0x12 /home/qi_shen/jessica/6.6/sources/firmware/amebasmart_gcc_project/project_ap/asdk/build/atf/bl32/sheipa_gic.o
                0x0000000070201eec                plat_sheipa_gic_init
 .text.plat_sheipa_gic_cpuif_enable
                0x0000000070201efe        0x4 /home/qi_shen/jessica/6.6/sources/firmware/amebasmart_gcc_project/project_ap/asdk/build/atf/bl32/sheipa_gic.o
                0x0000000070201efe                plat_sheipa_gic_cpuif_enable
 .text.plat_sheipa_gic_pcpu_init
                0x0000000070201f02        0x4 /home/qi_shen/jessica/6.6/sources/firmware/amebasmart_gcc_project/project_ap/asdk/build/atf/bl32/sheipa_gic.o
                0x0000000070201f02                plat_sheipa_gic_pcpu_init
 *fill*         0x0000000070201f06        0x2 
 .text.sp_min_plat_get_bl33_ep_info
                0x0000000070201f08       0x10 /home/qi_shen/jessica/6.6/sources/firmware/amebasmart_gcc_project/project_ap/asdk/build/atf/bl32/sp_min_setup.o
                0x0000000070201f08                sp_min_plat_get_bl33_ep_info
 .text.sp_min_early_platform_setup2
                0x0000000070201f18       0x5c /home/qi_shen/jessica/6.6/sources/firmware/amebasmart_gcc_project/project_ap/asdk/build/atf/bl32/sp_min_setup.o
                0x0000000070201f18                sp_min_early_platform_setup2
 .text.sp_min_plat_arch_setup
                0x0000000070201f74       0x44 /home/qi_shen/jessica/6.6/sources/firmware/amebasmart_gcc_project/project_ap/asdk/build/atf/bl32/sp_min_setup.o
                0x0000000070201f74                sp_min_plat_arch_setup
 .text.sp_min_platform_setup
                0x0000000070201fb8        0xe /home/qi_shen/jessica/6.6/sources/firmware/amebasmart_gcc_project/project_ap/asdk/build/atf/bl32/sp_min_setup.o
                0x0000000070201fb8                sp_min_platform_setup
 .text.plat_get_syscnt_freq2
                0x0000000070201fc6        0x6 /home/qi_shen/jessica/6.6/sources/firmware/amebasmart_gcc_project/project_ap/asdk/build/atf/bl32/sp_min_setup.o
                0x0000000070201fc6                plat_get_syscnt_freq2
 .text.plat_get_power_domain_tree_desc
                0x0000000070201fcc        0x8 /home/qi_shen/jessica/6.6/sources/firmware/amebasmart_gcc_project/project_ap/asdk/build/atf/bl32/topology.o
                0x0000000070201fcc                plat_get_power_domain_tree_desc
 .text.plat_core_pos_by_mpidr
                0x0000000070201fd4       0x20 /home/qi_shen/jessica/6.6/sources/firmware/amebasmart_gcc_project/project_ap/asdk/build/atf/bl32/topology.o
                0x0000000070201fd4                plat_core_pos_by_mpidr
 .text.std_svc_smc_handler
                0x0000000070201ff4       0x7c /home/qi_shen/jessica/6.6/sources/firmware/amebasmart_gcc_project/project_ap/asdk/build/atf/bl32/std_svc_setup.o
 .text.std_svc_setup
                0x0000000070202070       0x24 /home/qi_shen/jessica/6.6/sources/firmware/amebasmart_gcc_project/project_ap/asdk/build/atf/bl32/std_svc_setup.o
 .text.tf_log   0x0000000070202094       0x5c /home/qi_shen/jessica/6.6/sources/firmware/amebasmart_gcc_project/project_ap/asdk/build/atf/bl32/tf_log.o
                0x0000000070202094                tf_log
 .text.console_is_registered
                0x00000000702020f0       0x2c /home/qi_shen/jessica/6.6/sources/firmware/amebasmart_gcc_project/project_ap/asdk/build/atf/bl32/multi_console.o
                0x00000000702020f0                console_is_registered
 .text.console_register
                0x000000007020211c       0x40 /home/qi_shen/jessica/6.6/sources/firmware/amebasmart_gcc_project/project_ap/asdk/build/atf/bl32/multi_console.o
                0x000000007020211c                console_register
 .text.console_switch_state
                0x000000007020215c        0xc /home/qi_shen/jessica/6.6/sources/firmware/amebasmart_gcc_project/project_ap/asdk/build/atf/bl32/multi_console.o
                0x000000007020215c                console_switch_state
 .text.console_set_scope
                0x0000000070202168       0x1c /home/qi_shen/jessica/6.6/sources/firmware/amebasmart_gcc_project/project_ap/asdk/build/atf/bl32/multi_console.o
                0x0000000070202168                console_set_scope
 .text.console_putc
                0x0000000070202184       0x58 /home/qi_shen/jessica/6.6/sources/firmware/amebasmart_gcc_project/project_ap/asdk/build/atf/bl32/multi_console.o
                0x0000000070202184                console_putc
 .text.console_flush
                0x00000000702021dc       0x40 /home/qi_shen/jessica/6.6/sources/firmware/amebasmart_gcc_project/project_ap/asdk/build/atf/bl32/multi_console.o
                0x00000000702021dc                console_flush
 .text.plat_log_get_prefix
                0x000000007020221c       0x24 /home/qi_shen/jessica/6.6/sources/firmware/amebasmart_gcc_project/project_ap/asdk/build/atf/bl32/plat_log_common.o
                0x000000007020221c                plat_log_get_prefix
 .text.bl32_plat_enable_mmu
                0x0000000070202240        0x4 /home/qi_shen/jessica/6.6/sources/firmware/amebasmart_gcc_project/project_ap/asdk/build/atf/bl32/plat_common.o
                0x0000000070202240                bl32_plat_enable_mmu
 .text.__ctzdi2
                0x0000000070202244       0x20 /home/qi_shen/jessica/6.6/sources/firmware/amebasmart_gcc_project/project_ap/asdk/build/atf/bl32/ctzdi2.o
                0x0000000070202244                __ctzdi2
 .text.__udivmoddi4
                0x0000000070202264      0x17c /home/qi_shen/jessica/6.6/sources/firmware/amebasmart_gcc_project/project_ap/asdk/build/atf/bl32/udivmoddi4.o
                0x0000000070202264                __udivmoddi4
 .text.sheipa_configure_mmu_svc_mon
                0x00000000702023e0       0x70 /home/qi_shen/jessica/6.6/sources/firmware/amebasmart_gcc_project/project_ap/asdk/build/atf/bl32/sheipa_common.o
                0x00000000702023e0                sheipa_configure_mmu_svc_mon
 .text.sheipa_console_init
                0x0000000070202450       0x2c /home/qi_shen/jessica/6.6/sources/firmware/amebasmart_gcc_project/project_ap/asdk/build/atf/bl32/sheipa_console_setup.o
                0x0000000070202450                sheipa_console_init
 .text.ipc_send_message
                0x000000007020247c       0x50 /home/qi_shen/jessica/6.6/sources/firmware/amebasmart_gcc_project/project_ap/asdk/build/atf/bl32/sheipa_ipc.o
                0x000000007020247c                ipc_send_message
 .text.plat_sheipa_pm_get_ns_dram0_base
                0x00000000702024cc        0x8 /home/qi_shen/jessica/6.6/sources/firmware/amebasmart_gcc_project/project_ap/asdk/build/atf/bl32/sheipa_pm_ext.o
                0x00000000702024cc                plat_sheipa_pm_get_ns_dram0_base
 .text.plat_sheipa_pm_get_ns_dram0_size
                0x00000000702024d4        0x6 /home/qi_shen/jessica/6.6/sources/firmware/amebasmart_gcc_project/project_ap/asdk/build/atf/bl32/sheipa_pm_ext.o
                0x00000000702024d4                plat_sheipa_pm_get_ns_dram0_size
 *fill*         0x00000000702024da        0x2 
 .text.plat_sheipa_pm_get_trusted_mailbox_base
                0x00000000702024dc        0x8 /home/qi_shen/jessica/6.6/sources/firmware/amebasmart_gcc_project/project_ap/asdk/build/atf/bl32/sheipa_pm_ext.o
                0x00000000702024dc                plat_sheipa_pm_get_trusted_mailbox_base
 .text.plat_sheipa_pm_get_hold_base
                0x00000000702024e4        0x8 /home/qi_shen/jessica/6.6/sources/firmware/amebasmart_gcc_project/project_ap/asdk/build/atf/bl32/sheipa_pm_ext.o
                0x00000000702024e4                plat_sheipa_pm_get_hold_base
 .text.plat_sheipa_pm_get_warm_boot_base
                0x00000000702024ec        0x8 /home/qi_shen/jessica/6.6/sources/firmware/amebasmart_gcc_project/project_ap/asdk/build/atf/bl32/sheipa_pm_ext.o
                0x00000000702024ec                plat_sheipa_pm_get_warm_boot_base
 .text.xlat_arch_get_max_supported_pa
                0x00000000702024f4        0x8 /home/qi_shen/jessica/6.6/sources/firmware/amebasmart_gcc_project/project_ap/asdk/build/atf/bl32/xlat_tables_arch.o
                0x00000000702024f4                xlat_arch_get_max_supported_pa
 .text.xlat_get_min_virt_addr_space_size
                0x00000000702024fc        0x6 /home/qi_shen/jessica/6.6/sources/firmware/amebasmart_gcc_project/project_ap/asdk/build/atf/bl32/xlat_tables_arch.o
                0x00000000702024fc                xlat_get_min_virt_addr_space_size
 .text.is_dcache_enabled
                0x0000000070202502       0x1c /home/qi_shen/jessica/6.6/sources/firmware/amebasmart_gcc_project/project_ap/asdk/build/atf/bl32/xlat_tables_arch.o
                0x0000000070202502                is_dcache_enabled
 *fill*         0x000000007020251e        0x2 
 .text.xlat_arch_regime_get_xn_desc
                0x0000000070202520       0x28 /home/qi_shen/jessica/6.6/sources/firmware/amebasmart_gcc_project/project_ap/asdk/build/atf/bl32/xlat_tables_arch.o
                0x0000000070202520                xlat_arch_regime_get_xn_desc
 .text.xlat_arch_current_el
                0x0000000070202548       0x3c /home/qi_shen/jessica/6.6/sources/firmware/amebasmart_gcc_project/project_ap/asdk/build/atf/bl32/xlat_tables_arch.o
                0x0000000070202548                xlat_arch_current_el
 .text.is_mmu_enabled_ctx
                0x0000000070202584       0x40 /home/qi_shen/jessica/6.6/sources/firmware/amebasmart_gcc_project/project_ap/asdk/build/atf/bl32/xlat_tables_arch.o
                0x0000000070202584                is_mmu_enabled_ctx
 .text.setup_mmu_cfg
                0x00000000702025c4       0xac /home/qi_shen/jessica/6.6/sources/firmware/amebasmart_gcc_project/project_ap/asdk/build/atf/bl32/xlat_tables_arch.o
                0x00000000702025c4                setup_mmu_cfg
 .text.mmap_add_region
                0x0000000070202670       0x28 /home/qi_shen/jessica/6.6/sources/firmware/amebasmart_gcc_project/project_ap/asdk/build/atf/bl32/xlat_tables_context.o
                0x0000000070202670                mmap_add_region
 .text.mmap_add
                0x0000000070202698        0xc /home/qi_shen/jessica/6.6/sources/firmware/amebasmart_gcc_project/project_ap/asdk/build/atf/bl32/xlat_tables_context.o
                0x0000000070202698                mmap_add
 .text.init_xlat_tables
                0x00000000702026a4       0x3c /home/qi_shen/jessica/6.6/sources/firmware/amebasmart_gcc_project/project_ap/asdk/build/atf/bl32/xlat_tables_context.o
                0x00000000702026a4                init_xlat_tables
 .text.enable_mmu_svc_mon
                0x00000000702026e0       0x34 /home/qi_shen/jessica/6.6/sources/firmware/amebasmart_gcc_project/project_ap/asdk/build/atf/bl32/xlat_tables_context.o
                0x00000000702026e0                enable_mmu_svc_mon
 .text.xlat_clean_dcache_range
                0x0000000070202714       0x1a /home/qi_shen/jessica/6.6/sources/firmware/amebasmart_gcc_project/project_ap/asdk/build/atf/bl32/xlat_tables_core.o
 *fill*         0x000000007020272e        0x2 
 .text.xlat_desc
                0x0000000070202730       0xc0 /home/qi_shen/jessica/6.6/sources/firmware/amebasmart_gcc_project/project_ap/asdk/build/atf/bl32/xlat_tables_core.o
                0x0000000070202730                xlat_desc
 .text.xlat_tables_map_region
                0x00000000702027f0      0x184 /home/qi_shen/jessica/6.6/sources/firmware/amebasmart_gcc_project/project_ap/asdk/build/atf/bl32/xlat_tables_core.o
 .text.mmap_add_region_ctx
                0x0000000070202974      0x1f8 /home/qi_shen/jessica/6.6/sources/firmware/amebasmart_gcc_project/project_ap/asdk/build/atf/bl32/xlat_tables_core.o
                0x0000000070202974                mmap_add_region_ctx
 .text.mmap_add_ctx
                0x0000000070202b6c       0x18 /home/qi_shen/jessica/6.6/sources/firmware/amebasmart_gcc_project/project_ap/asdk/build/atf/bl32/xlat_tables_core.o
                0x0000000070202b6c                mmap_add_ctx
 .text.init_xlat_tables_ctx
                0x0000000070202b84      0x140 /home/qi_shen/jessica/6.6/sources/firmware/amebasmart_gcc_project/project_ap/asdk/build/atf/bl32/xlat_tables_core.o
                0x0000000070202b84                init_xlat_tables_ctx
 .text.xlat_mmap_print
                0x0000000070202cc4        0x2 /home/qi_shen/jessica/6.6/sources/firmware/amebasmart_gcc_project/project_ap/asdk/build/atf/bl32/xlat_tables_utils.o
                0x0000000070202cc4                xlat_mmap_print
 .text.xlat_tables_print
                0x0000000070202cc6        0x2 /home/qi_shen/jessica/6.6/sources/firmware/amebasmart_gcc_project/project_ap/asdk/build/atf/bl32/xlat_tables_utils.o
                0x0000000070202cc6                xlat_tables_print
 .text.asm.aem_generic_core_pwr_dwn
                0x0000000070202cc8       0x24 /home/qi_shen/jessica/6.6/sources/firmware/amebasmart_gcc_project/project_ap/asdk/build/atf/bl32/aem_generic.o
 .text.asm.aem_generic_cluster_pwr_dwn
                0x0000000070202cec       0x24 /home/qi_shen/jessica/6.6/sources/firmware/amebasmart_gcc_project/project_ap/asdk/build/atf/bl32/aem_generic.o
 .text.asm.aem_generic_errata_report
                0x0000000070202d10        0x4 /home/qi_shen/jessica/6.6/sources/firmware/amebasmart_gcc_project/project_ap/asdk/build/atf/bl32/aem_generic.o
 .text.asm.cortex_a32_disable_smp
                0x0000000070202d14       0x18 /home/qi_shen/jessica/6.6/sources/firmware/amebasmart_gcc_project/project_ap/asdk/build/atf/bl32/cortex_a32.o
 .text.asm.cortex_a32_reset_func
                0x0000000070202d2c       0x14 /home/qi_shen/jessica/6.6/sources/firmware/amebasmart_gcc_project/project_ap/asdk/build/atf/bl32/cortex_a32.o
 .text.asm.cortex_a32_core_pwr_dwn
                0x0000000070202d40       0x30 /home/qi_shen/jessica/6.6/sources/firmware/amebasmart_gcc_project/project_ap/asdk/build/atf/bl32/cortex_a32.o
 .text.asm.cortex_a32_cluster_pwr_dwn
                0x0000000070202d70       0x3c /home/qi_shen/jessica/6.6/sources/firmware/amebasmart_gcc_project/project_ap/asdk/build/atf/bl32/cortex_a32.o
 .text.asm.cortex_a32_errata_report
                0x0000000070202dac        0x4 /home/qi_shen/jessica/6.6/sources/firmware/amebasmart_gcc_project/project_ap/asdk/build/atf/bl32/cortex_a32.o
 .text.asm.cortex_a7_disable_smp
                0x0000000070202db0       0x18 /home/qi_shen/jessica/6.6/sources/firmware/amebasmart_gcc_project/project_ap/asdk/build/atf/bl32/cortex_a7.o
 .text.asm.cortex_a7_enable_smp
                0x0000000070202dc8       0x14 /home/qi_shen/jessica/6.6/sources/firmware/amebasmart_gcc_project/project_ap/asdk/build/atf/bl32/cortex_a7.o
 .text.asm.cortex_a7_reset_func
                0x0000000070202ddc        0x4 /home/qi_shen/jessica/6.6/sources/firmware/amebasmart_gcc_project/project_ap/asdk/build/atf/bl32/cortex_a7.o
 .text.asm.cortex_a7_core_pwr_dwn
                0x0000000070202de0       0x30 /home/qi_shen/jessica/6.6/sources/firmware/amebasmart_gcc_project/project_ap/asdk/build/atf/bl32/cortex_a7.o
 .text.asm.cortex_a7_cluster_pwr_dwn
                0x0000000070202e10       0x34 /home/qi_shen/jessica/6.6/sources/firmware/amebasmart_gcc_project/project_ap/asdk/build/atf/bl32/cortex_a7.o
 .text.asm.cortex_a7_errata_report
                0x0000000070202e44        0x4 /home/qi_shen/jessica/6.6/sources/firmware/amebasmart_gcc_project/project_ap/asdk/build/atf/bl32/cortex_a7.o
 .text.asm.reset_handler
                0x0000000070202e48       0x38 /home/qi_shen/jessica/6.6/sources/firmware/amebasmart_gcc_project/project_ap/asdk/build/atf/bl32/cpu_helpers.o
                0x0000000070202e48                reset_handler
 .text.asm.prepare_cpu_pwr_dwn
                0x0000000070202e80       0x44 /home/qi_shen/jessica/6.6/sources/firmware/amebasmart_gcc_project/project_ap/asdk/build/atf/bl32/cpu_helpers.o
                0x0000000070202e80                prepare_cpu_pwr_dwn
 .text.asm.init_cpu_ops
                0x0000000070202ec4       0x3c /home/qi_shen/jessica/6.6/sources/firmware/amebasmart_gcc_project/project_ap/asdk/build/atf/bl32/cpu_helpers.o
                0x0000000070202ec4                init_cpu_ops
 .text.asm.get_cpu_ops_ptr
                0x0000000070202f00       0x44 /home/qi_shen/jessica/6.6/sources/firmware/amebasmart_gcc_project/project_ap/asdk/build/atf/bl32/cpu_helpers.o
                0x0000000070202f00                get_cpu_ops_ptr
 .text.asm.print_errata_status
                0x0000000070202f44       0x34 /home/qi_shen/jessica/6.6/sources/firmware/amebasmart_gcc_project/project_ap/asdk/build/atf/bl32/cpu_helpers.o
                0x0000000070202f44                print_errata_status
 .text.asm._cpu_data
                0x0000000070202f78       0x10 /home/qi_shen/jessica/6.6/sources/firmware/amebasmart_gcc_project/project_ap/asdk/build/atf/bl32/cpu_data.o
                0x0000000070202f78                _cpu_data
 .text.asm._cpu_data_by_index
                0x0000000070202f88       0x18 /home/qi_shen/jessica/6.6/sources/firmware/amebasmart_gcc_project/project_ap/asdk/build/atf/bl32/cpu_data.o
                0x0000000070202f88                _cpu_data_by_index
 .text.asm.spin_lock
                0x0000000070202fa0       0x24 /home/qi_shen/jessica/6.6/sources/firmware/amebasmart_gcc_project/project_ap/asdk/build/atf/bl32/spinlock.o
                0x0000000070202fa0                spin_lock
 .text.asm.spin_unlock
                0x0000000070202fc4        0xc /home/qi_shen/jessica/6.6/sources/firmware/amebasmart_gcc_project/project_ap/asdk/build/atf/bl32/spinlock.o
                0x0000000070202fc4                spin_unlock
 .text.asm.psci_do_pwrdown_cache_maintenance
                0x0000000070202fd0       0x18 /home/qi_shen/jessica/6.6/sources/firmware/amebasmart_gcc_project/project_ap/asdk/build/atf/bl32/psci_helpers.o
                0x0000000070202fd0                psci_do_pwrdown_cache_maintenance
 .text.asm.psci_do_pwrup_cache_maintenance
                0x0000000070202fe8       0x30 /home/qi_shen/jessica/6.6/sources/firmware/amebasmart_gcc_project/project_ap/asdk/build/atf/bl32/psci_helpers.o
                0x0000000070202fe8                psci_do_pwrup_cache_maintenance
 .text.asm.do_stack_maintenance
                0x0000000070203018       0x3c /home/qi_shen/jessica/6.6/sources/firmware/amebasmart_gcc_project/project_ap/asdk/build/atf/bl32/psci_helpers.o
 .text.asm.psci_power_down_wfi
                0x0000000070203054       0x10 /home/qi_shen/jessica/6.6/sources/firmware/amebasmart_gcc_project/project_ap/asdk/build/atf/bl32/psci_helpers.o
                0x0000000070203054                psci_power_down_wfi
 .text.asm.plat_get_my_stack
                0x0000000070203064       0x1c /home/qi_shen/jessica/6.6/sources/firmware/amebasmart_gcc_project/project_ap/asdk/build/atf/bl32/platform_mp_stack.o
                0x0000000070203064                plat_get_my_stack
 .text.asm.plat_set_my_stack
                0x0000000070203080       0x20 /home/qi_shen/jessica/6.6/sources/firmware/amebasmart_gcc_project/project_ap/asdk/build/atf/bl32/platform_mp_stack.o
                0x0000000070203080                plat_set_my_stack
 .text.asm.do_panic
                0x00000000702030a0       0x3c /home/qi_shen/jessica/6.6/sources/firmware/amebasmart_gcc_project/project_ap/asdk/build/atf/bl32/debug.o
                0x00000000702030a0                do_panic
 .text.asm.report_prefetch_abort
                0x00000000702030dc       0x10 /home/qi_shen/jessica/6.6/sources/firmware/amebasmart_gcc_project/project_ap/asdk/build/atf/bl32/debug.o
                0x00000000702030dc                report_prefetch_abort
 .text.asm.report_data_abort
                0x00000000702030ec       0x10 /home/qi_shen/jessica/6.6/sources/firmware/amebasmart_gcc_project/project_ap/asdk/build/atf/bl32/debug.o
                0x00000000702030ec                report_data_abort
 .text.asm.asm_assert
                0x00000000702030fc       0x7c /home/qi_shen/jessica/6.6/sources/firmware/amebasmart_gcc_project/project_ap/asdk/build/atf/bl32/debug.o
                0x00000000702030fc                asm_assert
 .text.asm.asm_print_str
                0x0000000070203178       0x1c /home/qi_shen/jessica/6.6/sources/firmware/amebasmart_gcc_project/project_ap/asdk/build/atf/bl32/debug.o
                0x0000000070203178                asm_print_str
 .text.asm.asm_print_hex
                0x0000000070203194       0x34 /home/qi_shen/jessica/6.6/sources/firmware/amebasmart_gcc_project/project_ap/asdk/build/atf/bl32/debug.o
                0x0000000070203194                asm_print_hex
 .text.asm.flush_dcache_range
                0x00000000702031c8       0x3c /home/qi_shen/jessica/6.6/sources/firmware/amebasmart_gcc_project/project_ap/asdk/build/atf/bl32/cache_helpers.o
                0x00000000702031c8                flush_dcache_range
 .text.asm.clean_dcache_range
                0x0000000070203204       0x3c /home/qi_shen/jessica/6.6/sources/firmware/amebasmart_gcc_project/project_ap/asdk/build/atf/bl32/cache_helpers.o
                0x0000000070203204                clean_dcache_range
 .text.asm.inv_dcache_range
                0x0000000070203240       0x3c /home/qi_shen/jessica/6.6/sources/firmware/amebasmart_gcc_project/project_ap/asdk/build/atf/bl32/cache_helpers.o
                0x0000000070203240                inv_dcache_range
 .text.asm.do_dcsw_op
                0x000000007020327c       0x9c /home/qi_shen/jessica/6.6/sources/firmware/amebasmart_gcc_project/project_ap/asdk/build/atf/bl32/cache_helpers.o
 .text.asm.dcsw_op_louis
                0x0000000070203318       0x14 /home/qi_shen/jessica/6.6/sources/firmware/amebasmart_gcc_project/project_ap/asdk/build/atf/bl32/cache_helpers.o
                0x0000000070203318                dcsw_op_louis
 .text.asm.dcsw_op_all
                0x000000007020332c       0x14 /home/qi_shen/jessica/6.6/sources/firmware/amebasmart_gcc_project/project_ap/asdk/build/atf/bl32/cache_helpers.o
                0x000000007020332c                dcsw_op_all
 .text.asm.dcsw_op_level1
                0x0000000070203340       0x10 /home/qi_shen/jessica/6.6/sources/firmware/amebasmart_gcc_project/project_ap/asdk/build/atf/bl32/cache_helpers.o
                0x0000000070203340                dcsw_op_level1
 .text.asm.dcsw_op_level2
                0x0000000070203350       0x10 /home/qi_shen/jessica/6.6/sources/firmware/amebasmart_gcc_project/project_ap/asdk/build/atf/bl32/cache_helpers.o
                0x0000000070203350                dcsw_op_level2
 .text.asm.zeromem
                0x0000000070203360       0x64 /home/qi_shen/jessica/6.6/sources/firmware/amebasmart_gcc_project/project_ap/asdk/build/atf/bl32/misc_helpers.o
                0x0000000070203360                zeromem
                0x0000000070203360                zero_normalmem
 .text.asm.plat_reset_handler
                0x00000000702033c4        0x4 /home/qi_shen/jessica/6.6/sources/firmware/amebasmart_gcc_project/project_ap/asdk/build/atf/bl32/platform_helpers.o
                0x00000000702033c4                plat_reset_handler
 .text.asm.plat_disable_acp
                0x00000000702033c8        0x4 /home/qi_shen/jessica/6.6/sources/firmware/amebasmart_gcc_project/project_ap/asdk/build/atf/bl32/platform_helpers.o
                0x00000000702033c8                plat_disable_acp
 .text          0x00000000702033cc       0x24 /home/qi_shen/jessica/6.6/sources/firmware/amebasmart_gcc_project/project_ap/asdk/build/atf/bl32/aeabi_uldivmod.o
                0x00000000702033cc                __aeabi_uldivmod
 .text.asm.plat_my_core_pos
                0x00000000702033f0        0x8 /home/qi_shen/jessica/6.6/sources/firmware/amebasmart_gcc_project/project_ap/asdk/build/atf/bl32/plat_helpers.o
                0x00000000702033f0                plat_my_core_pos
 .text.asm.plat_report_exception
                0x00000000702033f8       0x64 /home/qi_shen/jessica/6.6/sources/firmware/amebasmart_gcc_project/project_ap/asdk/build/atf/bl32/plat_helpers.o
                0x00000000702033f8                plat_report_exception
 .text.asm.plat_report_prefetch_abort
                0x000000007020345c       0x58 /home/qi_shen/jessica/6.6/sources/firmware/amebasmart_gcc_project/project_ap/asdk/build/atf/bl32/plat_helpers.o
                0x000000007020345c                plat_report_prefetch_abort
 .text.asm.plat_report_data_abort
                0x00000000702034b4       0x58 /home/qi_shen/jessica/6.6/sources/firmware/amebasmart_gcc_project/project_ap/asdk/build/atf/bl32/plat_helpers.o
                0x00000000702034b4                plat_report_data_abort
 .text.asm.plat_sheipa_calc_core_pos
                0x000000007020350c       0x10 /home/qi_shen/jessica/6.6/sources/firmware/amebasmart_gcc_project/project_ap/asdk/build/atf/bl32/plat_helpers.o
                0x000000007020350c                plat_sheipa_calc_core_pos
 .text.asm.plat_crash_console_init
                0x000000007020351c       0x1c /home/qi_shen/jessica/6.6/sources/firmware/amebasmart_gcc_project/project_ap/asdk/build/atf/bl32/plat_helpers.o
                0x000000007020351c                plat_crash_console_init
 .text.asm.plat_crash_console_putc
                0x0000000070203538        0xc /home/qi_shen/jessica/6.6/sources/firmware/amebasmart_gcc_project/project_ap/asdk/build/atf/bl32/plat_helpers.o
                0x0000000070203538                plat_crash_console_putc
 .text.asm.plat_crash_console_flush
                0x0000000070203544        0xc /home/qi_shen/jessica/6.6/sources/firmware/amebasmart_gcc_project/project_ap/asdk/build/atf/bl32/plat_helpers.o
                0x0000000070203544                plat_crash_console_flush
 .text.asm.plat_panic_handler
                0x0000000070203550       0x14 /home/qi_shen/jessica/6.6/sources/firmware/amebasmart_gcc_project/project_ap/asdk/build/atf/bl32/plat_helpers.o
                0x0000000070203550                plat_panic_handler
 .text.asm.console_core_init
                0x0000000070203564       0x34 /home/qi_shen/jessica/6.6/sources/firmware/amebasmart_gcc_project/project_ap/asdk/build/atf/bl32/sheipa_console.o
                0x0000000070203564                console_core_init
 .text.asm.console_core_register
                0x0000000070203598       0x5c /home/qi_shen/jessica/6.6/sources/firmware/amebasmart_gcc_project/project_ap/asdk/build/atf/bl32/sheipa_console.o
                0x0000000070203598                console_core_register
 .text.asm.console_core_putc
                0x00000000702035f4       0x5c /home/qi_shen/jessica/6.6/sources/firmware/amebasmart_gcc_project/project_ap/asdk/build/atf/bl32/sheipa_console.o
                0x00000000702035f4                console_core_putc
 .text.asm.console_core_getc
                0x0000000070203650       0x30 /home/qi_shen/jessica/6.6/sources/firmware/amebasmart_gcc_project/project_ap/asdk/build/atf/bl32/sheipa_console.o
                0x0000000070203650                console_core_getc
 .text.asm.console_core_flush
                0x0000000070203680        0x8 /home/qi_shen/jessica/6.6/sources/firmware/amebasmart_gcc_project/project_ap/asdk/build/atf/bl32/sheipa_console.o
                0x0000000070203680                console_core_flush
 .text.asm.enable_mmu_direct_svc_mon
                0x0000000070203688       0x80 /home/qi_shen/jessica/6.6/sources/firmware/amebasmart_gcc_project/project_ap/asdk/build/atf/bl32/enable_mmu.o
                0x0000000070203688                enable_mmu_direct_svc_mon
 .text.sheipa_pwr_domain_off
                0x0000000070203708        0x2 /home/qi_shen/jessica/6.6/sources/firmware/amebasmart_gcc_project/project_ap/asdk/build/atf/lib/libpm.a(sheipa_pm.o)
                0x0000000070203708                sheipa_pwr_domain_off
 *fill*         0x000000007020370a        0x2 
 .text.sheipa_pwr_domain_suspend_finish
                0x000000007020370c       0x24 /home/qi_shen/jessica/6.6/sources/firmware/amebasmart_gcc_project/project_ap/asdk/build/atf/lib/libpm.a(sheipa_pm.o)
                0x000000007020370c                sheipa_pwr_domain_suspend_finish
 .text.sheipa_pwr_domain_pwr_down_wfi
                0x0000000070203730        0x4 /home/qi_shen/jessica/6.6/sources/firmware/amebasmart_gcc_project/project_ap/asdk/build/atf/lib/libpm.a(sheipa_pm.o)
                0x0000000070203730                sheipa_pwr_domain_pwr_down_wfi
 .text.sheipa_validate_ns_entrypoint
                0x0000000070203734       0x26 /home/qi_shen/jessica/6.6/sources/firmware/amebasmart_gcc_project/project_ap/asdk/build/atf/lib/libpm.a(sheipa_pm.o)
 *fill*         0x000000007020375a        0x2 
 .text.sheipa_system_reset
                0x000000007020375c       0x14 /home/qi_shen/jessica/6.6/sources/firmware/amebasmart_gcc_project/project_ap/asdk/build/atf/lib/libpm.a(sheipa_pm.o)
 .text.sheipa_system_off
                0x0000000070203770       0x14 /home/qi_shen/jessica/6.6/sources/firmware/amebasmart_gcc_project/project_ap/asdk/build/atf/lib/libpm.a(sheipa_pm.o)
 .text.sheipa_pwr_domain_on
                0x0000000070203784       0x1e /home/qi_shen/jessica/6.6/sources/firmware/amebasmart_gcc_project/project_ap/asdk/build/atf/lib/libpm.a(sheipa_pm.o)
 *fill*         0x00000000702037a2        0x2 
 .text.sheipa_validate_power_state
                0x00000000702037a4       0x3c /home/qi_shen/jessica/6.6/sources/firmware/amebasmart_gcc_project/project_ap/asdk/build/atf/lib/libpm.a(sheipa_pm.o)
 .text.sheipa_cpu_standby
                0x00000000702037e0       0x1c /home/qi_shen/jessica/6.6/sources/firmware/amebasmart_gcc_project/project_ap/asdk/build/atf/lib/libpm.a(sheipa_pm.o)
 .text.sheipa_pwr_domain_on_finish
                0x00000000702037fc       0x24 /home/qi_shen/jessica/6.6/sources/firmware/amebasmart_gcc_project/project_ap/asdk/build/atf/lib/libpm.a(sheipa_pm.o)
                0x00000000702037fc                sheipa_pwr_domain_on_finish
 .text.plat_sheipa_save_mpc
                0x0000000070203820       0x38 /home/qi_shen/jessica/6.6/sources/firmware/amebasmart_gcc_project/project_ap/asdk/build/atf/lib/libpm.a(sheipa_pm.o)
                0x0000000070203820                plat_sheipa_save_mpc
 .text.sheipa_pwr_domain_suspend
                0x0000000070203858       0x3c /home/qi_shen/jessica/6.6/sources/firmware/amebasmart_gcc_project/project_ap/asdk/build/atf/lib/libpm.a(sheipa_pm.o)
                0x0000000070203858                sheipa_pwr_domain_suspend
 .text.plat_sheipa_restore_mpc
                0x0000000070203894       0x38 /home/qi_shen/jessica/6.6/sources/firmware/amebasmart_gcc_project/project_ap/asdk/build/atf/lib/libpm.a(sheipa_pm.o)
                0x0000000070203894                plat_sheipa_restore_mpc
 .text.plat_setup_psci_ops
                0x00000000702038cc       0x18 /home/qi_shen/jessica/6.6/sources/firmware/amebasmart_gcc_project/project_ap/asdk/build/atf/lib/libpm.a(sheipa_pm.o)
                0x00000000702038cc                plat_setup_psci_ops
 .text.__assert
                0x00000000702038e4       0x18 /home/qi_shen/jessica/6.6/sources/firmware/amebasmart_gcc_project/project_ap/asdk/build/atf/lib/libc.a(assert.o)
                0x00000000702038e4                __assert
 .text.memcpy   0x00000000702038fc       0x16 /home/qi_shen/jessica/6.6/sources/firmware/amebasmart_gcc_project/project_ap/asdk/build/atf/lib/libc.a(memcpy.o)
                0x00000000702038fc                memcpy
 .text.memmove  0x0000000070203912       0x2c /home/qi_shen/jessica/6.6/sources/firmware/amebasmart_gcc_project/project_ap/asdk/build/atf/lib/libc.a(memmove.o)
                0x0000000070203912                memmove
 .text.memset   0x000000007020393e       0x10 /home/qi_shen/jessica/6.6/sources/firmware/amebasmart_gcc_project/project_ap/asdk/build/atf/lib/libc.a(memset.o)
                0x000000007020393e                memset
 .text.unsigned_num_print
                0x000000007020394e       0x80 /home/qi_shen/jessica/6.6/sources/firmware/amebasmart_gcc_project/project_ap/asdk/build/atf/lib/libc.a(printf.o)
 *fill*         0x00000000702039ce        0x2 
 .text.vprintf  0x00000000702039d0      0x194 /home/qi_shen/jessica/6.6/sources/firmware/amebasmart_gcc_project/project_ap/asdk/build/atf/lib/libc.a(printf.o)
                0x00000000702039d0                vprintf
 .text.printf   0x0000000070203b64       0x1a /home/qi_shen/jessica/6.6/sources/firmware/amebasmart_gcc_project/project_ap/asdk/build/atf/lib/libc.a(printf.o)
                0x0000000070203b64                printf
 .text.putchar  0x0000000070203b7e       0x1a /home/qi_shen/jessica/6.6/sources/firmware/amebasmart_gcc_project/project_ap/asdk/build/atf/lib/libc.a(putchar.o)
                0x0000000070203b7e                putchar
 *(.vectors)
 *fill*         0x0000000070203b98        0x8 
 .vectors       0x0000000070203ba0       0x20 /home/qi_shen/jessica/6.6/sources/firmware/amebasmart_gcc_project/project_ap/asdk/build/atf/bl32/entrypoint.o
                0x0000000070203ba0                sp_min_vector_table
 .vectors.__stub
                0x0000000070203bc0       0x40 linker stubs
                0x0000000070204000                . = ALIGN (0x1000)
 *fill*         0x0000000070203c00      0x400 
                0x0000000070204000                __TEXT_END__ = .

.glue_7         0x0000000070204000        0x0
 .glue_7        0x0000000070204000        0x0 linker stubs

.glue_7t        0x0000000070204000        0x0
 .glue_7t       0x0000000070204000        0x0 linker stubs

.vfp11_veneer   0x0000000070204000        0x0
 .vfp11_veneer  0x0000000070204000        0x0 linker stubs

.v4_bx          0x0000000070204000        0x0
 .v4_bx         0x0000000070204000        0x0 linker stubs

.iplt           0x0000000070204000        0x0
 .iplt          0x0000000070204000        0x0 /home/qi_shen/jessica/6.6/sources/firmware/amebasmart_gcc_project/project_ap/asdk/build/atf/bl32/sp_min_main.o

.ARM.extab
 *(.ARM.extab* .gnu.linkonce.armextab.*)

.ARM.exidx
 *(.ARM.exidx* .gnu.linkonce.armexidx.*)

.rodata         0x0000000070204000     0x1000
                0x0000000070204000                __RODATA_START__ = .
 *(.rodata*)
 .rodata.build_message
                0x0000000070204000       0x1e /home/qi_shen/jessica/6.6/sources/firmware/amebasmart_gcc_project/project_ap/asdk/build/atf/bl32/build_message.o
                0x0000000070204000                build_message
 .rodata.version_string
                0x000000007020401e       0x12 /home/qi_shen/jessica/6.6/sources/firmware/amebasmart_gcc_project/project_ap/asdk/build/atf/bl32/build_message.o
                0x000000007020401e                version_string
 .rodata.smc_get_ctx.str1.1
                0x0000000070204030       0x1a /home/qi_shen/jessica/6.6/sources/firmware/amebasmart_gcc_project/project_ap/asdk/build/atf/bl32/sp_min_main.o
 .rodata.sp_min_main.str1.1
                0x000000007020404a       0x5e /home/qi_shen/jessica/6.6/sources/firmware/amebasmart_gcc_project/project_ap/asdk/build/atf/bl32/sp_min_main.o
 .rodata.psci_args.0
                0x00000000702040a8        0xc /home/qi_shen/jessica/6.6/sources/firmware/amebasmart_gcc_project/project_ap/asdk/build/atf/bl32/sp_min_main.o
 .rodata.handle_runtime_svc.str1.1
                0x00000000702040b4       0x15 /home/qi_shen/jessica/6.6/sources/firmware/amebasmart_gcc_project/project_ap/asdk/build/atf/bl32/runtime_svc.o
 .rodata.runtime_svc_init.str1.1
                0x00000000702040c9       0x50 /home/qi_shen/jessica/6.6/sources/firmware/amebasmart_gcc_project/project_ap/asdk/build/atf/bl32/runtime_svc.o
 .rodata.gicv2_secure_spis_configure_props.str1.1
                0x0000000070204119       0x23 /home/qi_shen/jessica/6.6/sources/firmware/amebasmart_gcc_project/project_ap/asdk/build/atf/bl32/gicv2_helpers.o
 .rodata.gicv2_cpuif_enable.str1.1
                0x000000007020413c       0x20 /home/qi_shen/jessica/6.6/sources/firmware/amebasmart_gcc_project/project_ap/asdk/build/atf/bl32/gicv2_main.o
 .rodata.cm_setup_context.str1.1
                0x000000007020415c       0x27 /home/qi_shen/jessica/6.6/sources/firmware/amebasmart_gcc_project/project_ap/asdk/build/atf/bl32/context_mgmt.o
 .rodata.bakery_lock_get.str1.1
                0x0000000070204183       0x28 /home/qi_shen/jessica/6.6/sources/firmware/amebasmart_gcc_project/project_ap/asdk/build/atf/bl32/bakery_lock_coherent.o
 .rodata.psci_set_req_local_pwr_state.str1.1
                0x00000000702041ab       0x17 /home/qi_shen/jessica/6.6/sources/firmware/amebasmart_gcc_project/project_ap/asdk/build/atf/bl32/psci_common.o
 .rodata.psci_warmboot_entrypoint.str1.1
                0x00000000702041c2       0x22 /home/qi_shen/jessica/6.6/sources/firmware/amebasmart_gcc_project/project_ap/asdk/build/atf/bl32/psci_common.o
 .rodata.psci_print_power_domain_map.str1.1
                0x00000000702041e4       0x91 /home/qi_shen/jessica/6.6/sources/firmware/amebasmart_gcc_project/project_ap/asdk/build/atf/bl32/psci_common.o
 .rodata.str1.1
                0x0000000070204275        0xe /home/qi_shen/jessica/6.6/sources/firmware/amebasmart_gcc_project/project_ap/asdk/build/atf/bl32/psci_common.o
                                         0x11 (size before relaxing)
 .rodata        0x0000000070204283        0x3 /home/qi_shen/jessica/6.6/sources/firmware/amebasmart_gcc_project/project_ap/asdk/build/atf/bl32/psci_common.o
 *fill*         0x0000000070204286        0x2 
 .rodata.psci_state_type_str.0
                0x0000000070204288        0xc /home/qi_shen/jessica/6.6/sources/firmware/amebasmart_gcc_project/project_ap/asdk/build/atf/bl32/psci_common.o
 .rodata.psci_cpu_suspend.str1.1
                0x0000000070204294       0x48 /home/qi_shen/jessica/6.6/sources/firmware/amebasmart_gcc_project/project_ap/asdk/build/atf/bl32/psci_main.o
 .rodata.psci_smc_handler.str1.1
                0x00000000702042dc       0x20 /home/qi_shen/jessica/6.6/sources/firmware/amebasmart_gcc_project/project_ap/asdk/build/atf/bl32/psci_main.o
 .rodata        0x00000000702042fc        0x3 /home/qi_shen/jessica/6.6/sources/firmware/amebasmart_gcc_project/project_ap/asdk/build/atf/bl32/psci_main.o
 .rodata.psci_mem_protect.str1.1
                0x00000000702042ff       0x1c /home/qi_shen/jessica/6.6/sources/firmware/amebasmart_gcc_project/project_ap/asdk/build/atf/bl32/psci_mem_protect.o
 .rodata.psci_do_cpu_off.str1.1
                0x000000007020431b       0x14 /home/qi_shen/jessica/6.6/sources/firmware/amebasmart_gcc_project/project_ap/asdk/build/atf/bl32/psci_off.o
 .rodata.psci_cpu_on_start.str1.1
                0x000000007020432f       0x13 /home/qi_shen/jessica/6.6/sources/firmware/amebasmart_gcc_project/project_ap/asdk/build/atf/bl32/psci_on.o
 .rodata.psci_setup.str1.1
                0x0000000070204342       0x16 /home/qi_shen/jessica/6.6/sources/firmware/amebasmart_gcc_project/project_ap/asdk/build/atf/bl32/psci_setup.o
 .rodata.psci_cpu_suspend_start.str1.1
                0x0000000070204358       0x18 /home/qi_shen/jessica/6.6/sources/firmware/amebasmart_gcc_project/project_ap/asdk/build/atf/bl32/psci_suspend.o
 .rodata.psci_system_off.str1.1
                0x0000000070204370       0x1b /home/qi_shen/jessica/6.6/sources/firmware/amebasmart_gcc_project/project_ap/asdk/build/atf/bl32/psci_system_off.o
 .rodata.plat_get_target_pwr_state.str1.1
                0x000000007020438b       0x1f /home/qi_shen/jessica/6.6/sources/firmware/amebasmart_gcc_project/project_ap/asdk/build/atf/bl32/plat_psci_common.o
 .rodata.rtk_secure_service.str1.1
                0x00000000702043aa       0x13 /home/qi_shen/jessica/6.6/sources/firmware/amebasmart_gcc_project/project_ap/asdk/build/atf/bl32/bsec_svc.o
 .rodata.rtk_smc_handler.str1.1
                0x00000000702043bd       0x2d /home/qi_shen/jessica/6.6/sources/firmware/amebasmart_gcc_project/project_ap/asdk/build/atf/bl32/rtk_svc_setup.o
 .rodata.str1.1
                0x00000000702043ea        0x8 /home/qi_shen/jessica/6.6/sources/firmware/amebasmart_gcc_project/project_ap/asdk/build/atf/bl32/rtk_svc_setup.o
 *fill*         0x00000000702043f2        0x2 
 .rodata.plat_gicv2_driver_data
                0x00000000702043f4       0x18 /home/qi_shen/jessica/6.6/sources/firmware/amebasmart_gcc_project/project_ap/asdk/build/atf/bl32/sheipa_gic.o
 .rodata.sp_min_early_platform_setup2.str1.1
                0x000000007020440c       0x2a /home/qi_shen/jessica/6.6/sources/firmware/amebasmart_gcc_project/project_ap/asdk/build/atf/bl32/sp_min_setup.o
 .rodata.std_svc_smc_handler.str1.1
                0x0000000070204436       0x2d /home/qi_shen/jessica/6.6/sources/firmware/amebasmart_gcc_project/project_ap/asdk/build/atf/bl32/std_svc_setup.o
 .rodata.std_svc_setup.str1.1
                0x0000000070204436       0x21 /home/qi_shen/jessica/6.6/sources/firmware/amebasmart_gcc_project/project_ap/asdk/build/atf/bl32/std_svc_setup.o
 .rodata.str1.1
                0x0000000070204457        0x8 /home/qi_shen/jessica/6.6/sources/firmware/amebasmart_gcc_project/project_ap/asdk/build/atf/bl32/std_svc_setup.o
 .rodata.tf_log.str1.1
                0x000000007020445f       0x10 /home/qi_shen/jessica/6.6/sources/firmware/amebasmart_gcc_project/project_ap/asdk/build/atf/bl32/tf_log.o
 .rodata.console_unregister.str1.1
                0x000000007020446f       0x20 /home/qi_shen/jessica/6.6/sources/firmware/amebasmart_gcc_project/project_ap/asdk/build/atf/bl32/multi_console.o
 .rodata.str1.1
                0x000000007020448f       0x32 /home/qi_shen/jessica/6.6/sources/firmware/amebasmart_gcc_project/project_ap/asdk/build/atf/bl32/plat_log_common.o
 *fill*         0x00000000702044c1        0x3 
 .rodata.plat_prefix_str
                0x00000000702044c4       0x14 /home/qi_shen/jessica/6.6/sources/firmware/amebasmart_gcc_project/project_ap/asdk/build/atf/bl32/plat_log_common.o
 .rodata.plat_sheipa_mmap
                0x00000000702044d8       0xc0 /home/qi_shen/jessica/6.6/sources/firmware/amebasmart_gcc_project/project_ap/asdk/build/atf/bl32/sheipa_common.o
                0x00000000702044d8                plat_sheipa_mmap
 .rodata.xlat_arch_regime_get_xn_desc.str1.1
                0x0000000070204598       0x2e /home/qi_shen/jessica/6.6/sources/firmware/amebasmart_gcc_project/project_ap/asdk/build/atf/bl32/xlat_tables_arch.o
 .rodata.mmap_add_alloc_va.str1.1
                0x00000000702045c6       0x29 /home/qi_shen/jessica/6.6/sources/firmware/amebasmart_gcc_project/project_ap/asdk/build/atf/bl32/xlat_tables_context.o
 .rodata.xlat_desc.str1.1
                0x00000000702045ef       0x26 /home/qi_shen/jessica/6.6/sources/firmware/amebasmart_gcc_project/project_ap/asdk/build/atf/bl32/xlat_tables_core.o
 .rodata.mmap_add_region_ctx.str1.1
                0x0000000070204615       0x2b /home/qi_shen/jessica/6.6/sources/firmware/amebasmart_gcc_project/project_ap/asdk/build/atf/bl32/xlat_tables_core.o
 .rodata.init_xlat_tables_ctx.str1.1
                0x0000000070204640       0x4f /home/qi_shen/jessica/6.6/sources/firmware/amebasmart_gcc_project/project_ap/asdk/build/atf/bl32/xlat_tables_core.o
 .rodata.str1.1
                0x000000007020468f       0x29 /home/qi_shen/jessica/6.6/sources/firmware/amebasmart_gcc_project/project_ap/asdk/build/atf/bl32/entrypoint.o
 .rodata.str1.1
                0x00000000702046b8       0x1f /home/qi_shen/jessica/6.6/sources/firmware/amebasmart_gcc_project/project_ap/asdk/build/atf/bl32/aem_generic.o
 .rodata.str1.1
                0x00000000702046d7       0x1e /home/qi_shen/jessica/6.6/sources/firmware/amebasmart_gcc_project/project_ap/asdk/build/atf/bl32/cortex_a32.o
 .rodata.str1.1
                0x00000000702046f5       0x1d /home/qi_shen/jessica/6.6/sources/firmware/amebasmart_gcc_project/project_ap/asdk/build/atf/bl32/cortex_a7.o
 .rodata.str1.1
                0x0000000070204712       0x1f /home/qi_shen/jessica/6.6/sources/firmware/amebasmart_gcc_project/project_ap/asdk/build/atf/bl32/cpu_helpers.o
 .rodata.panic_str
                0x0000000070204731       0x14 /home/qi_shen/jessica/6.6/sources/firmware/amebasmart_gcc_project/project_ap/asdk/build/atf/bl32/debug.o
 .rodata.assert_str
                0x0000000070204745       0x15 /home/qi_shen/jessica/6.6/sources/firmware/amebasmart_gcc_project/project_ap/asdk/build/atf/bl32/debug.o
 .rodata.rev_err_str
                0x000000007020475a       0x92 /home/qi_shen/jessica/6.6/sources/firmware/amebasmart_gcc_project/project_ap/asdk/build/atf/bl32/plat_helpers.o
 .rodata.str1.1
                0x00000000702047ec       0x2d /home/qi_shen/jessica/6.6/sources/firmware/amebasmart_gcc_project/project_ap/asdk/build/atf/bl32/sheipa_console.o
 .rodata.str1.1
                0x0000000070204819       0x28 /home/qi_shen/jessica/6.6/sources/firmware/amebasmart_gcc_project/project_ap/asdk/build/atf/bl32/enable_mmu.o
 .rodata.sheipa_system_reset.str1.1
                0x0000000070204841       0x2e /home/qi_shen/jessica/6.6/sources/firmware/amebasmart_gcc_project/project_ap/asdk/build/atf/lib/libpm.a(sheipa_pm.o)
 .rodata.sheipa_system_off.str1.1
                0x000000007020486f       0x2c /home/qi_shen/jessica/6.6/sources/firmware/amebasmart_gcc_project/project_ap/asdk/build/atf/lib/libpm.a(sheipa_pm.o)
 .rodata.sheipa_validate_power_state.str1.1
                0x000000007020489b       0x24 /home/qi_shen/jessica/6.6/sources/firmware/amebasmart_gcc_project/project_ap/asdk/build/atf/lib/libpm.a(sheipa_pm.o)
 *fill*         0x00000000702048bf        0x1 
 .rodata.plat_sheipa_psci_pm_ops
                0x00000000702048c0       0x54 /home/qi_shen/jessica/6.6/sources/firmware/amebasmart_gcc_project/project_ap/asdk/build/atf/lib/libpm.a(sheipa_pm.o)
 .rodata.sheipa_pm_idle_states
                0x0000000070204914       0x10 /home/qi_shen/jessica/6.6/sources/firmware/amebasmart_gcc_project/project_ap/asdk/build/atf/lib/libpm.a(sheipa_pm.o)
 .rodata.__assert.str1.1
                0x0000000070204924        0xf /home/qi_shen/jessica/6.6/sources/firmware/amebasmart_gcc_project/project_ap/asdk/build/atf/lib/libc.a(assert.o)
 .rodata.vprintf.str1.1
                0x0000000070204933       0x15 /home/qi_shen/jessica/6.6/sources/firmware/amebasmart_gcc_project/project_ap/asdk/build/atf/lib/libc.a(printf.o)
                0x0000000070204948                . = ALIGN (0x4)
                0x0000000070204948                __RT_SVC_DESCS_START__ = .
 *(rt_svc_descs)
 rt_svc_descs   0x0000000070204948       0x10 /home/qi_shen/jessica/6.6/sources/firmware/amebasmart_gcc_project/project_ap/asdk/build/atf/bl32/rtk_svc_setup.o
 rt_svc_descs   0x0000000070204958       0x10 /home/qi_shen/jessica/6.6/sources/firmware/amebasmart_gcc_project/project_ap/asdk/build/atf/bl32/std_svc_setup.o
                0x0000000070204968                __RT_SVC_DESCS_END__ = .
                0x0000000070204968                . = ALIGN (0x4)
                0x0000000070204968                __FCONF_POPULATOR_START__ = .
 *(.fconf_populator)
                0x0000000070204968                __FCONF_POPULATOR_END__ = .
                0x0000000070204968                . = ALIGN (0x4)
                0x0000000070204968                __PMF_SVC_DESCS_START__ = .
 *(pmf_svc_descs)
                0x0000000070204968                __PMF_SVC_DESCS_END__ = .
                0x0000000070204968                . = ALIGN (0x4)
                0x0000000070204968                __PARSER_LIB_DESCS_START__ = .
 *(.img_parser_lib_descs)
                0x0000000070204968                __PARSER_LIB_DESCS_END__ = .
                0x0000000070204968                . = ALIGN (0x4)
                0x0000000070204968                __CPU_OPS_START__ = .
 *(cpu_ops)
 cpu_ops        0x0000000070204968       0x1c /home/qi_shen/jessica/6.6/sources/firmware/amebasmart_gcc_project/project_ap/asdk/build/atf/bl32/aem_generic.o
 cpu_ops        0x0000000070204984       0x1c /home/qi_shen/jessica/6.6/sources/firmware/amebasmart_gcc_project/project_ap/asdk/build/atf/bl32/cortex_a32.o
 cpu_ops        0x00000000702049a0       0x1c /home/qi_shen/jessica/6.6/sources/firmware/amebasmart_gcc_project/project_ap/asdk/build/atf/bl32/cortex_a7.o
                0x00000000702049bc                __CPU_OPS_END__ = .
                0x00000000702049bc                . = ALIGN (0x4)
                0x00000000702049bc                __GOT_START__ = .
 *(.got)
                0x00000000702049bc                __GOT_END__ = .
                0x00000000702049c0                . = ALIGN (0x8)
 *fill*         0x00000000702049bc        0x4 
                0x00000000702049c0                __pubsub_psci_cpu_on_finish_start = .
 *(__pubsub_psci_cpu_on_finish)
                0x00000000702049c0                __pubsub_psci_cpu_on_finish_end = .
                0x00000000702049c0                __pubsub_psci_suspend_pwrdown_start_start = .
 *(__pubsub_psci_suspend_pwrdown_start)
                0x00000000702049c0                __pubsub_psci_suspend_pwrdown_start_end = .
                0x00000000702049c0                __pubsub_psci_suspend_pwrdown_finish_start = .
 *(__pubsub_psci_suspend_pwrdown_finish)
                0x00000000702049c0                __pubsub_psci_suspend_pwrdown_finish_end = .
                0x0000000070205000                . = ALIGN (0x1000)
 *fill*         0x00000000702049c0      0x640 
                0x0000000070205000                __RODATA_END__ = .
                0x0000000000000001                ASSERT ((__CPU_OPS_END__ > __CPU_OPS_START__), cpu_ops not defined for this platform.)
                0x0000000070205000                __RW_START__ = .

.rel.dyn        0x0000000070205000        0x0
 .rel.iplt      0x0000000070205000        0x0 /home/qi_shen/jessica/6.6/sources/firmware/amebasmart_gcc_project/project_ap/asdk/build/atf/bl32/sp_min_main.o

.data           0x0000000070205000       0x68
                0x0000000070205000                __DATA_START__ = .
 *(.data*)
 .data.power_domain_tree_desc
                0x0000000070205000        0x3 /home/qi_shen/jessica/6.6/sources/firmware/amebasmart_gcc_project/project_ap/asdk/build/atf/bl32/topology.o
 *fill*         0x0000000070205003        0x1 
 .data.max_log_level
                0x0000000070205004        0x4 /home/qi_shen/jessica/6.6/sources/firmware/amebasmart_gcc_project/project_ap/asdk/build/atf/bl32/tf_log.o
 .data.console_state
                0x0000000070205008        0x1 /home/qi_shen/jessica/6.6/sources/firmware/amebasmart_gcc_project/project_ap/asdk/build/atf/bl32/multi_console.o
                0x0000000070205008                console_state
 *fill*         0x0000000070205009        0x7 
 .data.tf_xlat_ctx
                0x0000000070205010       0x40 /home/qi_shen/jessica/6.6/sources/firmware/amebasmart_gcc_project/project_ap/asdk/build/atf/bl32/xlat_tables_context.o
 .data          0x0000000070205050        0x8 /home/qi_shen/jessica/6.6/sources/firmware/amebasmart_gcc_project/project_ap/asdk/build/atf/bl32/aem_generic.o
 .data          0x0000000070205058        0x8 /home/qi_shen/jessica/6.6/sources/firmware/amebasmart_gcc_project/project_ap/asdk/build/atf/bl32/cortex_a32.o
 .data          0x0000000070205060        0x8 /home/qi_shen/jessica/6.6/sources/firmware/amebasmart_gcc_project/project_ap/asdk/build/atf/bl32/cortex_a7.o
                0x0000000070205068                __DATA_END__ = .

.igot.plt       0x0000000070205068        0x0
 .igot.plt      0x0000000070205068        0x0 /home/qi_shen/jessica/6.6/sources/firmware/amebasmart_gcc_project/project_ap/asdk/build/atf/bl32/sp_min_main.o

stacks          0x0000000070205080     0x2000
                0x0000000070205080                __STACKS_START__ = .
 *(tzfw_normal_stacks)
 tzfw_normal_stacks
                0x0000000070205080     0x2000 /home/qi_shen/jessica/6.6/sources/firmware/amebasmart_gcc_project/project_ap/asdk/build/atf/bl32/platform_mp_stack.o
                0x0000000070207080                __STACKS_END__ = .

.bss            0x0000000070207080      0x520
                0x0000000070207080                __BSS_START__ = .
 *(SORT_BY_ALIGNMENT(.bss*))
 .bss.percpu_data
                0x0000000070207080       0x80 /home/qi_shen/jessica/6.6/sources/firmware/amebasmart_gcc_project/project_ap/asdk/build/atf/bl32/cpu_data_array.o
                0x0000000070207080                percpu_data
 .bss.sp_min_smc_context
                0x0000000070207100      0x120 /home/qi_shen/jessica/6.6/sources/firmware/amebasmart_gcc_project/project_ap/asdk/build/atf/bl32/sp_min_main.o
 .bss.psci_ns_context
                0x0000000070207220       0x40 /home/qi_shen/jessica/6.6/sources/firmware/amebasmart_gcc_project/project_ap/asdk/build/atf/bl32/psci_setup.o
 .bss.mmu_cfg_params
                0x0000000070207260       0x18 /home/qi_shen/jessica/6.6/sources/firmware/amebasmart_gcc_project/project_ap/asdk/build/atf/bl32/xlat_tables_context.o
                0x0000000070207260                mmu_cfg_params
 .bss.tf_mmap   0x0000000070207278      0x198 /home/qi_shen/jessica/6.6/sources/firmware/amebasmart_gcc_project/project_ap/asdk/build/atf/bl32/xlat_tables_context.o
 .bss.sp_min_cpu_ctx_ptr
                0x0000000070207410        0x8 /home/qi_shen/jessica/6.6/sources/firmware/amebasmart_gcc_project/project_ap/asdk/build/atf/bl32/sp_min_main.o
 .bss.driver_data
                0x0000000070207418        0x4 /home/qi_shen/jessica/6.6/sources/firmware/amebasmart_gcc_project/project_ap/asdk/build/atf/bl32/gicv2_main.o
 .bss.psci_cpu_pd_nodes
                0x000000007020741c       0x18 /home/qi_shen/jessica/6.6/sources/firmware/amebasmart_gcc_project/project_ap/asdk/build/atf/bl32/psci_common.o
                0x000000007020741c                psci_cpu_pd_nodes
 .bss.psci_plat_core_count
                0x0000000070207434        0x4 /home/qi_shen/jessica/6.6/sources/firmware/amebasmart_gcc_project/project_ap/asdk/build/atf/bl32/psci_common.o
                0x0000000070207434                psci_plat_core_count
 .bss.psci_plat_pm_ops
                0x0000000070207438        0x4 /home/qi_shen/jessica/6.6/sources/firmware/amebasmart_gcc_project/project_ap/asdk/build/atf/bl32/psci_common.o
                0x0000000070207438                psci_plat_pm_ops
 .bss.psci_spd_pm
                0x000000007020743c        0x4 /home/qi_shen/jessica/6.6/sources/firmware/amebasmart_gcc_project/project_ap/asdk/build/atf/bl32/psci_common.o
                0x000000007020743c                psci_spd_pm
 .bss.psci_caps
                0x0000000070207440        0x4 /home/qi_shen/jessica/6.6/sources/firmware/amebasmart_gcc_project/project_ap/asdk/build/atf/bl32/psci_setup.o
                0x0000000070207440                psci_caps
 .bss.bl33_image_ep_info
                0x0000000070207444       0x24 /home/qi_shen/jessica/6.6/sources/firmware/amebasmart_gcc_project/project_ap/asdk/build/atf/bl32/sp_min_setup.o
 .bss.console_list
                0x0000000070207468        0x4 /home/qi_shen/jessica/6.6/sources/firmware/amebasmart_gcc_project/project_ap/asdk/build/atf/bl32/multi_console.o
                0x0000000070207468                console_list
 .bss.console   0x000000007020746c       0x1c /home/qi_shen/jessica/6.6/sources/firmware/amebasmart_gcc_project/project_ap/asdk/build/atf/bl32/sheipa_console_setup.o
 .bss.ipc_msg   0x0000000070207488       0x10 /home/qi_shen/jessica/6.6/sources/firmware/amebasmart_gcc_project/project_ap/asdk/build/atf/lib/libpm.a(sheipa_pm.o)
 .bss.mpc_backup
                0x0000000070207498       0x48 /home/qi_shen/jessica/6.6/sources/firmware/amebasmart_gcc_project/project_ap/asdk/build/atf/lib/libpm.a(sheipa_pm.o)
 .bss.rt_svc_descs_indices
                0x00000000702074e0       0x80 /home/qi_shen/jessica/6.6/sources/firmware/amebasmart_gcc_project/project_ap/asdk/build/atf/bl32/runtime_svc.o
                0x00000000702074e0                rt_svc_descs_indices
 .bss.psci_req_local_pwr_states
                0x0000000070207560        0x4 /home/qi_shen/jessica/6.6/sources/firmware/amebasmart_gcc_project/project_ap/asdk/build/atf/bl32/psci_common.o
 *(COMMON)
                0x0000000070207580                . = ALIGN (0x40)
 *fill*         0x0000000070207564       0x1c 
                0x0000000070207580                __PMF_TIMESTAMP_START__ = .
 *(pmf_timestamp_array)
                0x0000000070207580                . = ALIGN (0x40)
                0x0000000070207580                __PMF_PERCPU_TIMESTAMP_END__ = .
                0x0000000000000000                __PERCPU_TIMESTAMP_SIZE__ = ABSOLUTE ((. - __PMF_TIMESTAMP_START__))
                0x0000000070207580                . = (. + (__PERCPU_TIMESTAMP_SIZE__ * 0x1))
                0x0000000070207580                __PMF_TIMESTAMP_END__ = .
                0x0000000070207580                . = ALIGN (0x10)
 *(base_xlat_table)
 base_xlat_table
                0x0000000070207580       0x20 /home/qi_shen/jessica/6.6/sources/firmware/amebasmart_gcc_project/project_ap/asdk/build/atf/bl32/xlat_tables_context.o
                0x00000000702075a0                __BSS_END__ = .

xlat_table      0x0000000070208000     0xa000
 *(xlat_table)
 xlat_table     0x0000000070208000     0xa000 /home/qi_shen/jessica/6.6/sources/firmware/amebasmart_gcc_project/project_ap/asdk/build/atf/bl32/xlat_tables_context.o
                0x0000000000000520                __BSS_SIZE__ = SIZEOF (.bss)

coherent_ram    0x0000000070212000     0x1000
                0x0000000070212000                __COHERENT_RAM_START__ = .
 *(bakery_lock)
 bakery_lock    0x0000000070212000        0x8 /home/qi_shen/jessica/6.6/sources/firmware/amebasmart_gcc_project/project_ap/asdk/build/atf/bl32/psci_common.o
                0x0000000070212000                psci_locks
 *(tzfw_coherent_mem)
 tzfw_coherent_mem
                0x0000000070212008       0x20 /home/qi_shen/jessica/6.6/sources/firmware/amebasmart_gcc_project/project_ap/asdk/build/atf/bl32/psci_common.o
                0x0000000070212008                psci_non_cpu_pd_nodes
                0x0000000070212028                __COHERENT_RAM_END_UNALIGNED__ = .
                0x0000000070213000                . = ALIGN (0x1000)
 *fill*         0x0000000070212028      0xfd8 
                0x0000000070213000                __COHERENT_RAM_END__ = .
                0x0000000000000028                __COHERENT_RAM_UNALIGNED_SIZE__ = (__COHERENT_RAM_END_UNALIGNED__ - __COHERENT_RAM_START__)
                0x0000000070213000                __RW_END__ = .
                0x0000000070213000                __BL32_END__ = .
LOAD /home/qi_shen/jessica/6.6/sources/firmware/amebasmart_gcc_project/project_ap/asdk/build/atf/bl32/build_message.o
LOAD /home/qi_shen/jessica/6.6/sources/firmware/amebasmart_gcc_project/project_ap/asdk/build/atf/bl32/sp_min_main.o
LOAD /home/qi_shen/jessica/6.6/sources/firmware/amebasmart_gcc_project/project_ap/asdk/build/atf/bl32/runtime_svc.o
LOAD /home/qi_shen/jessica/6.6/sources/firmware/amebasmart_gcc_project/project_ap/asdk/build/atf/bl32/gic_common.o
LOAD /home/qi_shen/jessica/6.6/sources/firmware/amebasmart_gcc_project/project_ap/asdk/build/atf/bl32/gicv2_helpers.o
LOAD /home/qi_shen/jessica/6.6/sources/firmware/amebasmart_gcc_project/project_ap/asdk/build/atf/bl32/gicv2_main.o
LOAD /home/qi_shen/jessica/6.6/sources/firmware/amebasmart_gcc_project/project_ap/asdk/build/atf/bl32/errata_report.o
LOAD /home/qi_shen/jessica/6.6/sources/firmware/amebasmart_gcc_project/project_ap/asdk/build/atf/bl32/context_mgmt.o
LOAD /home/qi_shen/jessica/6.6/sources/firmware/amebasmart_gcc_project/project_ap/asdk/build/atf/bl32/cpu_data_array.o
LOAD /home/qi_shen/jessica/6.6/sources/firmware/amebasmart_gcc_project/project_ap/asdk/build/atf/bl32/bakery_lock_coherent.o
LOAD /home/qi_shen/jessica/6.6/sources/firmware/amebasmart_gcc_project/project_ap/asdk/build/atf/bl32/psci_common.o
LOAD /home/qi_shen/jessica/6.6/sources/firmware/amebasmart_gcc_project/project_ap/asdk/build/atf/bl32/psci_main.o
LOAD /home/qi_shen/jessica/6.6/sources/firmware/amebasmart_gcc_project/project_ap/asdk/build/atf/bl32/psci_mem_protect.o
LOAD /home/qi_shen/jessica/6.6/sources/firmware/amebasmart_gcc_project/project_ap/asdk/build/atf/bl32/psci_off.o
LOAD /home/qi_shen/jessica/6.6/sources/firmware/amebasmart_gcc_project/project_ap/asdk/build/atf/bl32/psci_on.o
LOAD /home/qi_shen/jessica/6.6/sources/firmware/amebasmart_gcc_project/project_ap/asdk/build/atf/bl32/psci_setup.o
LOAD /home/qi_shen/jessica/6.6/sources/firmware/amebasmart_gcc_project/project_ap/asdk/build/atf/bl32/psci_suspend.o
LOAD /home/qi_shen/jessica/6.6/sources/firmware/amebasmart_gcc_project/project_ap/asdk/build/atf/bl32/psci_system_off.o
LOAD /home/qi_shen/jessica/6.6/sources/firmware/amebasmart_gcc_project/project_ap/asdk/build/atf/bl32/plat_sp_min_common.o
LOAD /home/qi_shen/jessica/6.6/sources/firmware/amebasmart_gcc_project/project_ap/asdk/build/atf/bl32/plat_gicv2.o
LOAD /home/qi_shen/jessica/6.6/sources/firmware/amebasmart_gcc_project/project_ap/asdk/build/atf/bl32/plat_psci_common.o
LOAD /home/qi_shen/jessica/6.6/sources/firmware/amebasmart_gcc_project/project_ap/asdk/build/atf/bl32/bsec_svc.o
LOAD /home/qi_shen/jessica/6.6/sources/firmware/amebasmart_gcc_project/project_ap/asdk/build/atf/bl32/rtk_svc_setup.o
LOAD /home/qi_shen/jessica/6.6/sources/firmware/amebasmart_gcc_project/project_ap/asdk/build/atf/bl32/sheipa_gic.o
LOAD /home/qi_shen/jessica/6.6/sources/firmware/amebasmart_gcc_project/project_ap/asdk/build/atf/bl32/sp_min_setup.o
LOAD /home/qi_shen/jessica/6.6/sources/firmware/amebasmart_gcc_project/project_ap/asdk/build/atf/bl32/topology.o
LOAD /home/qi_shen/jessica/6.6/sources/firmware/amebasmart_gcc_project/project_ap/asdk/build/atf/bl32/std_svc_setup.o
LOAD /home/qi_shen/jessica/6.6/sources/firmware/amebasmart_gcc_project/project_ap/asdk/build/atf/bl32/bl_common.o
LOAD /home/qi_shen/jessica/6.6/sources/firmware/amebasmart_gcc_project/project_ap/asdk/build/atf/bl32/tf_log.o
LOAD /home/qi_shen/jessica/6.6/sources/firmware/amebasmart_gcc_project/project_ap/asdk/build/atf/bl32/multi_console.o
LOAD /home/qi_shen/jessica/6.6/sources/firmware/amebasmart_gcc_project/project_ap/asdk/build/atf/bl32/plat_bl_common.o
LOAD /home/qi_shen/jessica/6.6/sources/firmware/amebasmart_gcc_project/project_ap/asdk/build/atf/bl32/plat_log_common.o
LOAD /home/qi_shen/jessica/6.6/sources/firmware/amebasmart_gcc_project/project_ap/asdk/build/atf/bl32/plat_common.o
LOAD /home/qi_shen/jessica/6.6/sources/firmware/amebasmart_gcc_project/project_ap/asdk/build/atf/bl32/popcountdi2.o
LOAD /home/qi_shen/jessica/6.6/sources/firmware/amebasmart_gcc_project/project_ap/asdk/build/atf/bl32/popcountsi2.o
LOAD /home/qi_shen/jessica/6.6/sources/firmware/amebasmart_gcc_project/project_ap/asdk/build/atf/bl32/ctzdi2.o
LOAD /home/qi_shen/jessica/6.6/sources/firmware/amebasmart_gcc_project/project_ap/asdk/build/atf/bl32/divdi3.o
LOAD /home/qi_shen/jessica/6.6/sources/firmware/amebasmart_gcc_project/project_ap/asdk/build/atf/bl32/divmoddi4.o
LOAD /home/qi_shen/jessica/6.6/sources/firmware/amebasmart_gcc_project/project_ap/asdk/build/atf/bl32/lshrdi3.o
LOAD /home/qi_shen/jessica/6.6/sources/firmware/amebasmart_gcc_project/project_ap/asdk/build/atf/bl32/udivmoddi4.o
LOAD /home/qi_shen/jessica/6.6/sources/firmware/amebasmart_gcc_project/project_ap/asdk/build/atf/bl32/sheipa_common.o
LOAD /home/qi_shen/jessica/6.6/sources/firmware/amebasmart_gcc_project/project_ap/asdk/build/atf/bl32/sheipa_console_setup.o
LOAD /home/qi_shen/jessica/6.6/sources/firmware/amebasmart_gcc_project/project_ap/asdk/build/atf/bl32/sheipa_ipc.o
LOAD /home/qi_shen/jessica/6.6/sources/firmware/amebasmart_gcc_project/project_ap/asdk/build/atf/bl32/sheipa_pm_ext.o
LOAD /home/qi_shen/jessica/6.6/sources/firmware/amebasmart_gcc_project/project_ap/asdk/build/atf/bl32/xlat_tables_arch.o
LOAD /home/qi_shen/jessica/6.6/sources/firmware/amebasmart_gcc_project/project_ap/asdk/build/atf/bl32/xlat_tables_context.o
LOAD /home/qi_shen/jessica/6.6/sources/firmware/amebasmart_gcc_project/project_ap/asdk/build/atf/bl32/xlat_tables_core.o
LOAD /home/qi_shen/jessica/6.6/sources/firmware/amebasmart_gcc_project/project_ap/asdk/build/atf/bl32/xlat_tables_utils.o
LOAD /home/qi_shen/jessica/6.6/sources/firmware/amebasmart_gcc_project/project_ap/asdk/build/atf/bl32/entrypoint.o
LOAD /home/qi_shen/jessica/6.6/sources/firmware/amebasmart_gcc_project/project_ap/asdk/build/atf/bl32/wa_cve_2017_5715_bpiall.o
LOAD /home/qi_shen/jessica/6.6/sources/firmware/amebasmart_gcc_project/project_ap/asdk/build/atf/bl32/wa_cve_2017_5715_icache_inv.o
LOAD /home/qi_shen/jessica/6.6/sources/firmware/amebasmart_gcc_project/project_ap/asdk/build/atf/bl32/aem_generic.o
LOAD /home/qi_shen/jessica/6.6/sources/firmware/amebasmart_gcc_project/project_ap/asdk/build/atf/bl32/cortex_a32.o
LOAD /home/qi_shen/jessica/6.6/sources/firmware/amebasmart_gcc_project/project_ap/asdk/build/atf/bl32/cortex_a7.o
LOAD /home/qi_shen/jessica/6.6/sources/firmware/amebasmart_gcc_project/project_ap/asdk/build/atf/bl32/cpu_helpers.o
LOAD /home/qi_shen/jessica/6.6/sources/firmware/amebasmart_gcc_project/project_ap/asdk/build/atf/bl32/dsu_helpers.o
LOAD /home/qi_shen/jessica/6.6/sources/firmware/amebasmart_gcc_project/project_ap/asdk/build/atf/bl32/cpu_data.o
LOAD /home/qi_shen/jessica/6.6/sources/firmware/amebasmart_gcc_project/project_ap/asdk/build/atf/bl32/spinlock.o
LOAD /home/qi_shen/jessica/6.6/sources/firmware/amebasmart_gcc_project/project_ap/asdk/build/atf/bl32/psci_helpers.o
LOAD /home/qi_shen/jessica/6.6/sources/firmware/amebasmart_gcc_project/project_ap/asdk/build/atf/bl32/platform_mp_stack.o
LOAD /home/qi_shen/jessica/6.6/sources/firmware/amebasmart_gcc_project/project_ap/asdk/build/atf/bl32/debug.o
LOAD /home/qi_shen/jessica/6.6/sources/firmware/amebasmart_gcc_project/project_ap/asdk/build/atf/bl32/cache_helpers.o
LOAD /home/qi_shen/jessica/6.6/sources/firmware/amebasmart_gcc_project/project_ap/asdk/build/atf/bl32/misc_helpers.o
LOAD /home/qi_shen/jessica/6.6/sources/firmware/amebasmart_gcc_project/project_ap/asdk/build/atf/bl32/platform_helpers.o
LOAD /home/qi_shen/jessica/6.6/sources/firmware/amebasmart_gcc_project/project_ap/asdk/build/atf/bl32/aeabi_ldivmod.o
LOAD /home/qi_shen/jessica/6.6/sources/firmware/amebasmart_gcc_project/project_ap/asdk/build/atf/bl32/aeabi_uldivmod.o
LOAD /home/qi_shen/jessica/6.6/sources/firmware/amebasmart_gcc_project/project_ap/asdk/build/atf/bl32/plat_helpers.o
LOAD /home/qi_shen/jessica/6.6/sources/firmware/amebasmart_gcc_project/project_ap/asdk/build/atf/bl32/sheipa_console.o
LOAD /home/qi_shen/jessica/6.6/sources/firmware/amebasmart_gcc_project/project_ap/asdk/build/atf/bl32/enable_mmu.o
LOAD /home/qi_shen/jessica/6.6/sources/firmware/amebasmart_gcc_project/project_ap/asdk/build/atf/lib/libfdt.a
LOAD /home/qi_shen/jessica/6.6/sources/firmware/amebasmart_gcc_project/project_ap/asdk/build/atf/lib/libpm.a
LOAD /home/qi_shen/jessica/6.6/sources/firmware/amebasmart_gcc_project/project_ap/asdk/build/atf/lib/libc.a
LOAD /home/qi_shen/jessica/6.6/sources/firmware/amebasmart_gcc_project/project_ap/asdk/lib/soc/libpm.a
OUTPUT(/home/qi_shen/jessica/6.6/sources/firmware/amebasmart_gcc_project/project_ap/asdk/build/atf/bl32/bl32.elf elf32-littlearm)
LOAD linker stubs

.debug_info     0x0000000000000000    0x131de
 .debug_info    0x0000000000000000       0x7b /home/qi_shen/jessica/6.6/sources/firmware/amebasmart_gcc_project/project_ap/asdk/build/atf/bl32/build_message.o
 .debug_info    0x000000000000007b      0xe14 /home/qi_shen/jessica/6.6/sources/firmware/amebasmart_gcc_project/project_ap/asdk/build/atf/bl32/sp_min_main.o
 .debug_info    0x0000000000000e8f      0x7e1 /home/qi_shen/jessica/6.6/sources/firmware/amebasmart_gcc_project/project_ap/asdk/build/atf/bl32/runtime_svc.o
 .debug_info    0x0000000000001670     0x11a1 /home/qi_shen/jessica/6.6/sources/firmware/amebasmart_gcc_project/project_ap/asdk/build/atf/bl32/gic_common.o
 .debug_info    0x0000000000002811      0xa8a /home/qi_shen/jessica/6.6/sources/firmware/amebasmart_gcc_project/project_ap/asdk/build/atf/bl32/gicv2_helpers.o
 .debug_info    0x000000000000329b     0x14b5 /home/qi_shen/jessica/6.6/sources/firmware/amebasmart_gcc_project/project_ap/asdk/build/atf/bl32/gicv2_main.o
 .debug_info    0x0000000000004750      0x2a7 /home/qi_shen/jessica/6.6/sources/firmware/amebasmart_gcc_project/project_ap/asdk/build/atf/bl32/errata_report.o
 .debug_info    0x00000000000049f7      0xabd /home/qi_shen/jessica/6.6/sources/firmware/amebasmart_gcc_project/project_ap/asdk/build/atf/bl32/context_mgmt.o
 .debug_info    0x00000000000054b4      0x1bb /home/qi_shen/jessica/6.6/sources/firmware/amebasmart_gcc_project/project_ap/asdk/build/atf/bl32/cpu_data_array.o
 .debug_info    0x000000000000566f      0x5bc /home/qi_shen/jessica/6.6/sources/firmware/amebasmart_gcc_project/project_ap/asdk/build/atf/bl32/bakery_lock_coherent.o
 .debug_info    0x0000000000005c2b     0x1ea3 /home/qi_shen/jessica/6.6/sources/firmware/amebasmart_gcc_project/project_ap/asdk/build/atf/bl32/psci_common.o
 .debug_info    0x0000000000007ace     0x1370 /home/qi_shen/jessica/6.6/sources/firmware/amebasmart_gcc_project/project_ap/asdk/build/atf/bl32/psci_main.o
 .debug_info    0x0000000000008e3e      0x4fb /home/qi_shen/jessica/6.6/sources/firmware/amebasmart_gcc_project/project_ap/asdk/build/atf/bl32/psci_mem_protect.o
 .debug_info    0x0000000000009339      0x8bc /home/qi_shen/jessica/6.6/sources/firmware/amebasmart_gcc_project/project_ap/asdk/build/atf/bl32/psci_off.o
 .debug_info    0x0000000000009bf5      0xdb5 /home/qi_shen/jessica/6.6/sources/firmware/amebasmart_gcc_project/project_ap/asdk/build/atf/bl32/psci_on.o
 .debug_info    0x000000000000a9aa      0xdab /home/qi_shen/jessica/6.6/sources/firmware/amebasmart_gcc_project/project_ap/asdk/build/atf/bl32/psci_setup.o
 .debug_info    0x000000000000b755      0xd8f /home/qi_shen/jessica/6.6/sources/firmware/amebasmart_gcc_project/project_ap/asdk/build/atf/bl32/psci_suspend.o
 .debug_info    0x000000000000c4e4      0x679 /home/qi_shen/jessica/6.6/sources/firmware/amebasmart_gcc_project/project_ap/asdk/build/atf/bl32/psci_system_off.o
 .debug_info    0x000000000000cb5d      0x116 /home/qi_shen/jessica/6.6/sources/firmware/amebasmart_gcc_project/project_ap/asdk/build/atf/bl32/plat_sp_min_common.o
 .debug_info    0x000000000000cc73      0x1d0 /home/qi_shen/jessica/6.6/sources/firmware/amebasmart_gcc_project/project_ap/asdk/build/atf/bl32/plat_psci_common.o
 .debug_info    0x000000000000ce43      0x185 /home/qi_shen/jessica/6.6/sources/firmware/amebasmart_gcc_project/project_ap/asdk/build/atf/bl32/bsec_svc.o
 .debug_info    0x000000000000cfc8      0x556 /home/qi_shen/jessica/6.6/sources/firmware/amebasmart_gcc_project/project_ap/asdk/build/atf/bl32/rtk_svc_setup.o
 .debug_info    0x000000000000d51e      0x2ba /home/qi_shen/jessica/6.6/sources/firmware/amebasmart_gcc_project/project_ap/asdk/build/atf/bl32/sheipa_gic.o
 .debug_info    0x000000000000d7d8      0x533 /home/qi_shen/jessica/6.6/sources/firmware/amebasmart_gcc_project/project_ap/asdk/build/atf/bl32/sp_min_setup.o
 .debug_info    0x000000000000dd0b      0x1ad /home/qi_shen/jessica/6.6/sources/firmware/amebasmart_gcc_project/project_ap/asdk/build/atf/bl32/topology.o
 .debug_info    0x000000000000deb8      0x7a7 /home/qi_shen/jessica/6.6/sources/firmware/amebasmart_gcc_project/project_ap/asdk/build/atf/bl32/std_svc_setup.o