00000000 A __dram_dynamic_app_text_size__
00002429 A CRYPTO_Init
00002451 A CRYPTO_SHA_Init
00002479 A CRYPTO_OTPKey_Init
000024dd A CRYPTO_OTPKey_SHA_Init
0000319d A SBOOT_GetMdType
000033ed A SBOOT_Validate_Algorithm
00003431 A SBOOT_Validate_Signature
00003495 A SBOOT_Validate_PubKey
00003541 A SBOOT_Validate_ImgHash
00004641 A rtl_crypto_aes_cbc_init
000046f5 A rtl_crypto_aes_cbc_decrypt
00004c99 A hash_save
00004ffd A rtl_crypto_sha2_init
00005385 A rtl_crypto_sha2_update
000053f1 A rtl_crypto_sha2_final
00005b4d A rtl_crypto_hmac_sha2_update
00005bb9 A rtl_crypto_hmac_sha2_final
00009901 A Reset_Handler
0000994d A BKUP_Write
00009979 A BKUP_Read
000099f5 A XTAL_ClkGet
00009b2d A DelayUs
00009be5 A DelayMs
00009c99 A FLASH_SetSpiMode
00009db5 A FLASH_RxCmd
0000a04d A FLASH_TxData
0000a149 A FLASH_SetStatus
0000a345 A FLASH_StructInit_Micron
0000a3c5 A FLASH_StructInit_MXIC
0000a441 A FLASH_StructInit_GD
0000a4c1 A FLASH_StructInit
0000a53d A FLASH_Init
0000a559 A GPIO_INTMode
0000a6f1 A GPIO_Direction
0000a83d A GPIO_WriteBit
0000aaa5 A LOGUART_AGGCmd
0000aab9 A LOGUART_AGGPathCmd
0000abb5 A LOGUART_PutChar
0000ac55 A LOGUART_GetIMR
0000ac61 A LOGUART_SetIMR
0000b231 A PAD_PullCtrl
0000b2d5 A _Pinmux_Config
0000b465 A Pinmux_Swdoff
0000b479 A RCC_PeriphClockCmd
0000b569 A RCC_PeriphClockSource_SPIC
0000b7e9 A NAND_SetSpiMode
0000b8c1 A NAND_RxCmd
0000b991 A NAND_GetStatus
0000b9c1 A NAND_WaitBusy
0000bb19 A NAND_TxCmd
0000bbe9 A NAND_WriteEn
0000bd0d A NAND_SetStatus
0000bd85 A NAND_Page_Read_ArrayToCache
0000bde5 A NAND_Page_Write_Program_Execute
0000be71 A NAND_StructInit_Micron
0000bee9 A NAND_StructInit_MXIC
0000bf59 A NAND_StructInit_GD
0000bfcd A NAND_StructInit
0000c045 A NAND_Init
0000c09d A SYSCFG_TRP_TestMode
0000c0ad A SYSCFG_TRP_OTPBYP
0000c0bd A SYSCFG_TRP_BootSel
0000c0f9 A SYSCFG_CHIPType_Get
0000c109 A SYSCFG_OTP_RDPEn
0000c129 A SYSCFG_OTP_RSIPEn
0000c149 A SYSCFG_OTP_SBootEn
0000c179 A SYSCFG_OTP_DisBootLog
0000c1a9 A SYSCFG_OTP_BootSelect
0000c1d9 A SYSCFG_OTP_SPICAddr4ByteEn
0000c21d A SYSCFG_OTP_AntiRollback
0000c245 A SYSCFG_OTP_RSIPMode
0000c2a1 A SYSCFG_OTP_RMAMode
0000d2b5 A UART_ClearRxFifo
0000d381 A UART_ClearTxFifo
0000d835 A TRNG_Init
0000d8ed A INT_HardFault_C
0000e1d9 A irq_disable
0000e68d A DiagSPrintf
0000ea4d A _rand
0000eaad A _RandBytes_Get
000129bd A _memcmp
00012a1d A _memcpy
00012be5 A _memset
00012c89 A _strcmp
00012efd A __wrap_memset
00033000 D __rom_stdlib_text_start__
00054060 A SPIC_CALIB_PATTERN
0a000020 D __km4_boot_text_start__
0c000020 D __km0_flash_text_start__
0d000020 D __km4_flash_text_start__
0e000020 D __ca32_flash_text_start__
2001c00c A ConfigDebug
2001c01c A flash_init_para
2001c200 A SHA_OTPKEY
2001c460 A crypto_sha_engine
2001c700 A RBSS_UDELAY_CLK
2301fd00 D __km0_ipc_memory_start__
30000000 A NewVectorTable
30000184 A UserIrqFunTable
300002c4 A UserIrqDataTable
30003020 D __ram_image1_text_start__
30003020 D RamStartTable
30003020 D __ram_start_table_start__
30003040 D RAM_IMG1_VALID_PATTEN
30003048 D boot_export_symbol
30003050 T BOOT_SectionInit
30003058 T BOOT_NsStart
300030f8 T BOOT_RccConfig
300031d0 T BOOT_CACHEWRR_Set
3000322c T BOOT_TCMSet
30003514 T BOOT_GRstConfig
30003544 T BOOT_DDR_LCDC_HPR
3000355c T BOOT_DDR_Init
300035d8 T BOOT_PSRAM_Init
30003694 T BOOT_WakeFromPG
30003804 T BOOT_SCBConfig_HP
30003848 T BOOT_SCBVTORBackup_HP
3000385c T BOOT_SCBVTORReFill_HP
30003870 T BOOT_NVICBackup_HP
300038e8 T BOOT_NVICReFill_HP
3000392c T BOOT_LoadImages
30003958 T BOOT_ReasonSet
30003bac T BOOT_Enable_KM0
30003c10 T BOOT_AP_Clk_Get
30003c30 T BOOT_SOC_ClkSet
30003e68 T BOOT_Disable_AP
30003e8c T BOOT_Enable_AP
30003f24 T BOOT_Share_Memory_Patch
30003fac T BOOT_Log_Init
30004008 T BOOT_Image1
30004434 T BOOT_RAM_TZCfg
300045d0 t BOOT_SbootEn_Check
30004660 T BOOT_LoadRDPImg
300047b8 T _BOOT_Validate_ImgHash
30004a20 T BOOT_Validate_ImgHash
30004a54 T BOOT_SignatureCheck
30004c60 T BOOT_CertificateCheck
30004cf0 T BOOT_Extract_SignatureCheck
30004da8 T BOOT_ImgCopy
30004ddc T BOOT_OTA_SlotSelect
30004f44 T BOOT_LoadSubImage
300050dc T BOOT_RSIPIvSet
30005114 T BOOT_OTFCheck
300051a8 T BOOT_OTA_Region_Init
300051d8 T BOOT_OTA_RDP
30005248 T BOOT_OTA_AP
30005314 T BOOT_OTA_LoadIMG2
30005584 T BOOT_OTA_IMG2
300056a4 T BOOT_OTA_AP_Linux
300057ac T FLASH_ClockDiv
3000583c T FLASH_CalibrationPhaseIdx
300058b4 T FLASH_CalibrationNewCmd
300058d4 T FLASH_CalibrationNew
30005a3c T FLASH_Calibration
30005b64 T _flash_calibration_highspeed
30005c28 T flash_calibration_highspeed
30005cbc T flash_rx_mode_switch
30005e48 T flash_highspeed_setup
30006220 T flash_init_userdef
30006280 T nand_init_userdef
300062f4 T flash_get_layout_info
30006360 T flash_get_layout_info_by_addr
300063c4 T NAND_CHECK_IS_BAD_BLOCK
30006470 T Nand_Get_NandAddr
300064bc T Nand_L2P_Table
30006508 T NandImgCopy
30006624 t DDR_PHY_ChipInfo.part.0
300066a0 T DDR_PHY_ChipInfo_ddrtype
300066bc T DDR_PHY_StructInit
300066c4 T DDR_PHY_DLL_CLK_DIV
300068d4 T DDR_PHY_CRT_Init
300069b0 T DDR_PHY_R240_ZQ_CAL
30006a3c T DDR_PHY_ZQ_SET_SEL
30006ae4 T DDR_PHY_DELAY_TAP_SET
30006b54 T DDR_PHY_READ_CTRL
30006ba4 T DDR_PHY_READ_LEVELING
30006c34 T DDR_PHY_Init
30006d04 T DDR_PHY_CAL
30006d08 T DDR_PHY_AutoGating
30006d44 T ddr_init_index
30006d98 T rxi316_perf_tune
3000764c T rxi316_dram_init
30008094 T rxi316_ftend_init
300080d4 T rxi316_DynSre_init
30008168 T ddr_init
30008190 T PSRAM_INFO_Update
300082f4 T PSRAM_PHY_StructInit
30008314 T PSRAM_PHY_Init
3000837c T PSRAM_CTRL_Init
300084c0 T PSRAM_REG_Write
30008548 T PSRAM_APM_DEVIC_Init
300085a0 T PSRAM_WB_REG_Write
30008620 T PSRAM_WB_DEVIC_Init
3000865c T PSRAM_calibration
30008900 T PSRAM_AutoGating
3000894c T SDM32K_Enable
30008960 T CLK_SWITCH_XTAL
300089a8 T SWR_MEM
30008a88 T SWR_MEM_Manual
30008aa8 T SWR_MEM_Mode_Set
30008b44 T SWR_AUDIO
30008bd4 T SWR_AUDIO_Manual
30008bf4 T SWR_BST_MODE_Set
30008c14 T OTP_Read8
30008d10 T SWR_Calib_DCore
30008d58 T SWR_Calib_MEM
30008eb4 T SWR_Calib_AUD
30008fe8 T PLL_NP_ClkSet
30009068 T PLL_AP_ClkSet
300090a4 T PLL_AP
30009104 T BOOT_Reason
30009114 T IPC_SEMTake
300091b0 T IPC_SEMFree
30009200 T HANDLER_SecureFault
30009218 T HANDLER_MemFault
30009230 T HANDLER_BusFault
30009248 T HANDLER_UsageFault
30009260 T HANDLER_HardFault
30009278 T Fault_Handler
300093cc T Fault_Hanlder_Redirect
3000940c T rtk_log_level_get
30009470 T rtk_log_write
300094c0 T rtk_log_write_nano
30009510 t ChipInfo_Invalid
30009538 T ChipInfo_Get
30009598 T ChipInfo_MemoryType
300095ec T ChipInfo_DDRType
30009638 T ChipInfo_MemorySize
30009670 T ChipInfo_MemoryVendor
300096bc t print_unsigned_num
300097b4 T LOGUART_INTConfig
30009804 T LOGUART_WaitTxComplete
30009834 T CPU_ClkGet
300098d4 T RSIP_IV_Set
300098f0 T RSIP_OTF_Cmd
30009908 T RSIP_MMU_Config
30009948 T RSIP_MMU_Cmd
30009970 T RSIP_MMU_Cache_Clean
30009980 T NAND_RxData
30009ab4 T NAND_Page_Read
30009ae4 T SYSCFG_BootFromNor
30009b2c T SYSCFG_RLVersion
30009b50 T DiagVprintf
3000a0d0 T DiagPrintf
3000a0ec T DiagVprintfNano
3000a4bc T DiagPrintfNano
3000a4d8 T io_assert_failed
3000a4f8 T CRYPTO_SetSecurityModeAD
3000a68c T rtl_crypto_hmac_sha2_init
3000a964 T RSIP_OTF_Enable
3000a9c4 T BOOT_VerCheck
3000aa74 T crash_dump_memory
3000ab28 T crash_dump
3000ad04 T fault_diagnosis
3000b12c T TaskExitError
3000b130 T do_stack_backtrace
3000b3d4 T __aeabi_uldivmod
3000b404 T __popcountsi2
3000b42a T __udivmoddi4
3000b6d4 W __aeabi_idiv0
3000b6d4 W __aeabi_ldiv0
3000b6d8 t __SBOOT_Validate_Algorithm_veneer
3000b6e0 t __SBOOT_Validate_ImgHash_veneer
3000b6e8 t __SBOOT_Validate_PubKey_veneer
3000b6f0 t __SBOOT_Validate_Signature_veneer
3000b6f8 t __SBOOT_GetMdType_veneer
3000b700 t ____wrap_memset_veneer
3000b708 t __INT_HardFault_C_veneer
3000bd74 t ImagePattern
3000bdd0 T Flash_AVL
3000bed4 T Flash_ReadMode
3000bed6 T Flash_Speed
3000bed8 T NAND_AVL
3000c228 t ddrphy_tx_scan
3000c2e8 t ddrphy_zq_rx_scan
3000c750 T Memory_Info
3000cc84 t register_string
3000d654 D mpc2_config
3000d654 D __ram_image1_data_start__
3000d6b4 D mpc1_config
3000d714 D sau_config
3000d774 D Boot_Agg_En
3000d775 D Boot_MemSwr_Only
3000d776 D Boot_AP_Enbale
3000d778 D Boot_TCM_Size
3000d77c D Cert_PKHash_OTP_ADDR
3000d780 D RCC_Config
3000d81c D CACHETCM_Def
3000d8e0 D CACHEWRR_Def
3000d900 D SocClk_Info
3000d914 D Flash_Layout_Nand
3000d980 D Flash_Layout_Nor
3000d9ec d s_chipinfo_ddr.0
3000d9f0 D ddr2_dq16_bus_addr_remap_info
3000da10 D ddr2_dq16_bus_addr_remap_info_256m
3000da30 D ddr2_dq16_bus_addr_remap_info_512m
3000da50 D rxi316_ddr2_dev
3000da5c D rxi316_ddr2_dev_256m
3000da68 D rxi316_ddr2_dev_512m
3000da74 D rxi316_ddr2_dramc_info_ddr2_dev
3000da80 D rxi316_ddr2_dramc_info_ddr2_dev_256m
3000da8c D rxi316_ddr2_dramc_info_ddr2_dev_512m
3000da98 D rxi316_ddr2_dramc_info_ddr3_dev
3000daa4 D rxi316_ddr2_dramc_info_lpddr1_dev
3000dab0 D rxi316_ddr2_mode_reg_1066mhz
3000daf8 D rxi316_ddr2_timing_1066mhz
3000db5c D rxi316_ddr3_dev
3000db68 D rxi316_ddr3_mode_reg_1066mhz
3000dbb0 D rxi316_ddr3_timing_1066mhz
3000dc14 D rxi316_dram_ctrl_common
3000dc84 D rxi316_dram_info_m
3000dc98 D rxi316_dram_info_m_ddr2_dev
3000dcb0 D rxi316_dram_info_m_ddr2_dev_256m
3000dcc8 D rxi316_dram_info_m_ddr2_dev_512m
3000dce0 D rxi316_dram_info_m_ddr3_dev
3000dcf8 D rxi316_dram_info_m_lpddr1_dev
3000dd10 D rxi316_lpddr1_dev
3000dd1c D rxi316_lpddr1_mode_reg_400mhz
3000dd64 D rxi316_lpddr1_timing_400mhz
3000ddc8 D slot_starve_info
3000de1c D APM_WR_INIT_LATENCY_SPEC
3000de24 d PSRAM_CALIB_PATTERN
3000de3c D WB_WR_INIT_LATENCY_SPEC
3000de41 d Swr_Calib_AUD_PFM_Times
3000de42 d Swr_Calib_AUD_PWM_Times
3000de43 d Swr_Calib_MEM_PFM_Times
3000de44 d Swr_Calib_MEM_PWM_Times
3000de45 D rtk_log_default_level
3000de46 d Chipinfo.0
3000de50 B __image1_bss_start__
3000de50 B PMC_S_BK
3000de50 D __ram_image1_data_end__
3000de50 D __ram_image1_text_end__
3000debc B PSRAM_CAL_BK
3000dec0 B SecureBootEn
3000dec4 b Cert
3000e18c b Manifest
3000e4ac B OTA_Region
3000e4c4 B Signature
3000e5e4 b SubImgInfo
3000e654 b ValidIMGNum
3000e658 B Ver
3000e668 b check_config_reg
3000e66c b current_IC
3000e670 B nand_l2p_table
3000e678 b s_chipinfo_ddrtpye.1
3000e67c B PsramInfo
3000e6a0 B ipc_delay
3000e6a4 b rtk_log_entry_count
3000e6a8 B rtk_log_tag_array
3000e6d4 B crash_task_info
3000e6d8 B regs
3000e748 B __image1_bss_end__
3001fe00 D __ca32_bl1_sram_start__
60000020 N __image2_entry_func__
60000020 N __ram_image2_text_start__
6fffffff D __dram_dynamic_app_text_end__
6fffffff D __dram_dynamic_app_text_start__
70180020 D __ca32_bl1_dram_start__
70400000 D __ca32_fip_dram_start__
