00002429 A CRYPTO_Init
00002451 A CRYPTO_SHA_Init
00002479 A CRYPTO_OTPKey_Init
000024dd A CRYPTO_OTPKey_SHA_Init
0000319d A SBOOT_GetMdType
000033ed A SBOOT_Validate_Algorithm
00003431 A SBOOT_Validate_Signature
00003495 A SBOOT_Validate_PubKey
00003541 A SBOOT_Validate_ImgHash
00004641 A rtl_crypto_aes_cbc_init
000046f5 A rtl_crypto_aes_cbc_decrypt
00004c99 A hash_save
00004ffd A rtl_crypto_sha2_init
00005385 A rtl_crypto_sha2_update
000053f1 A rtl_crypto_sha2_final
00005b4d A rtl_crypto_hmac_sha2_update
00005bb9 A rtl_crypto_hmac_sha2_final
00009901 A Reset_Handler
0000994d A BKUP_Write
00009979 A BKUP_Read
000099f5 A XTAL_ClkGet
00009b2d A DelayUs
00009be5 A DelayMs
00009c99 A FLASH_SetSpiMode
00009db5 A FLASH_RxCmd
0000a04d A FLASH_TxData
0000a149 A FLASH_SetStatus
0000a345 A FLASH_StructInit_Micron
0000a3c5 A FLASH_StructInit_MXIC
0000a441 A FLASH_StructInit_GD
0000a4c1 A FLASH_StructInit
0000a53d A FLASH_Init
0000a559 A GPIO_INTMode
0000a6f1 A GPIO_Direction
0000a83d A GPIO_WriteBit
0000aaa5 A LOGUART_AGGCmd
0000aab9 A LOGUART_AGGPathCmd
0000abb5 A LOGUART_PutChar
0000ac55 A LOGUART_GetIMR
0000ac61 A LOGUART_SetIMR
0000b231 A PAD_PullCtrl
0000b2d5 A _Pinmux_Config
0000b2f1 A Pinmux_ConfigGet
0000b465 A Pinmux_Swdoff
0000b479 A RCC_PeriphClockCmd
0000b569 A RCC_PeriphClockSource_SPIC
0000b7e9 A NAND_SetSpiMode
0000b8c1 A NAND_RxCmd
0000b991 A NAND_GetStatus
0000b9c1 A NAND_WaitBusy
0000bb19 A NAND_TxCmd
0000bbe9 A NAND_WriteEn
0000bd0d A NAND_SetStatus
0000bd85 A NAND_Page_Read_ArrayToCache
0000bde5 A NAND_Page_Write_Program_Execute
0000be71 A NAND_StructInit_Micron
0000bee9 A NAND_StructInit_MXIC
0000bf59 A NAND_StructInit_GD
0000bfcd A NAND_StructInit
0000c045 A NAND_Init
0000c09d A SYSCFG_TRP_TestMode
0000c0ad A SYSCFG_TRP_OTPBYP
0000c0bd A SYSCFG_TRP_BootSel
0000c0f9 A SYSCFG_CHIPType_Get
0000c109 A SYSCFG_OTP_RDPEn
0000c129 A SYSCFG_OTP_RSIPEn
0000c149 A SYSCFG_OTP_SBootEn
0000c179 A SYSCFG_OTP_DisBootLog
0000c1a9 A SYSCFG_OTP_BootSelect
0000c1d9 A SYSCFG_OTP_SPICAddr4ByteEn
0000c21d A SYSCFG_OTP_AntiRollback
0000c245 A SYSCFG_OTP_RSIPMode
0000c2a1 A SYSCFG_OTP_RMAMode
0000d2b5 A UART_ClearRxFifo
0000d381 A UART_ClearTxFifo
0000d835 A TRNG_Init
0000d8ed A INT_HardFault_C
0000e1d9 A irq_disable
0000e68d A DiagSPrintf
0000ea4d A _rand
0000eaad A _RandBytes_Get
000129bd A _memcmp
00012a1d A _memcpy
00012be5 A _memset
00012c89 A _strcmp
00012efd A __wrap_memset
00012f0d A __wrap_memcmp
00012f25 A __wrap_strlen
00033000 D __rom_stdlib_text_start__
00054060 A SPIC_CALIB_PATTERN
0a000020 D __km4_boot_text_start__
0c000020 D __km0_flash_text_start__
0d000020 D __km4_flash_text_start__
0e000020 D __ca32_flash_text_start__
2001c00c A ConfigDebug
2001c01c A flash_init_para
2001c200 A SHA_OTPKEY
2001c460 A crypto_sha_engine
2001c700 A RBSS_UDELAY_CLK
2301fd00 D __km0_ipc_memory_start__
30000000 A NewVectorTable
30000184 A UserIrqFunTable
300002c4 A UserIrqDataTable
30003020 D __ram_image1_text_start__
30003020 D RamStartTable
30003020 D __ram_start_table_start__
30003040 D RAM_IMG1_VALID_PATTEN
30003048 D boot_export_symbol
30003050 T BOOT_SectionInit
30003058 T BOOT_NsStart
300030f8 T BOOT_RccConfig
300031d4 T BOOT_CACHEWRR_Set
30003230 T BOOT_TCMSet
30003518 T BOOT_GRstConfig
3000354c T BOOT_DDR_LCDC_HPR
30003564 T BOOT_DDR_Init
300035e0 T BOOT_PSRAM_Init
30003694 T BOOT_WakeFromPG
30003808 T BOOT_SCBConfig_HP
3000384c T BOOT_SCBVTORBackup_HP
30003860 T BOOT_SCBVTORReFill_HP
30003874 T BOOT_NVICBackup_HP
300038ec T BOOT_NVICReFill_HP
30003930 T BOOT_LoadImages
3000395c T BOOT_ReasonSet
30003af4 T BOOT_Enable_KM0
30003b58 T BOOT_AP_Clk_Get
30003b78 T BOOT_SOC_ClkSet
30003db8 T BOOT_Disable_AP
30003ddc T BOOT_Enable_AP
30003e74 T BOOT_Share_Memory_Patch
30003efc T BOOT_Log_Init
30003f58 T BOOT_Image1
300043c0 T BOOT_RAM_TZCfg
30004590 t BOOT_SbootEn_Check
30004620 T BOOT_LoadRDPImg
30004778 T _BOOT_Validate_ImgHash
300049e0 T BOOT_Validate_ImgHash
30004a14 T BOOT_SignatureCheck
30004c20 T BOOT_CertificateCheck
30004cb0 T BOOT_Extract_SignatureCheck
30004d68 T BOOT_ImgCopy
30004d9c T BOOT_OTA_SlotSelect
30004f04 T BOOT_LoadSubImage
3000509c T BOOT_RSIPIvSet
300050d4 T BOOT_OTFCheck
30005168 T BOOT_OTA_Region_Init
30005198 T BOOT_OTA_RDP
30005208 T BOOT_OTA_AP
300052d4 T BOOT_OTA_LoadIMG2
30005544 T BOOT_OTA_IMG2
300056b0 T BOOT_OTA_AP_Linux
30005800 T FLASH_ClockDiv
30005890 T FLASH_CalibrationPhaseIdx
30005908 T FLASH_CalibrationNewCmd
30005928 T FLASH_CalibrationNew
30005a90 T FLASH_Calibration
30005bb8 T _flash_calibration_highspeed
30005c7c T flash_calibration_highspeed
30005d10 T flash_rx_mode_switch
30005e9c T flash_highspeed_setup
300062c4 T NAND_CHECK_IS_BAD_BLOCK
30006370 T Nand_Get_NandAddr
300063bc T Nand_L2P_Table
30006408 T NandImgCopy
30006524 t DDR_PHY_ChipInfo.part.0
300065a0 T DDR_PHY_ChipInfo_ddrtype
300065bc T DDR_PHY_StructInit
300065c4 T DDR_PHY_DLL_CLK_DIV
300067d4 T DDR_PHY_CRT_Init
300068b0 T DDR_PHY_R240_ZQ_CAL
3000693c T DDR_PHY_ZQ_SET_SEL
300069e4 T DDR_PHY_DELAY_TAP_SET
30006a54 T DDR_PHY_READ_CTRL
30006aa4 T DDR_PHY_READ_LEVELING
30006b34 T DDR_PHY_Init
30006c04 T DDR_PHY_CAL
30006c08 T DDR_PHY_AutoGating
30006c44 T ddr_init_index
30006ca0 T rxi316_perf_tune
30007554 T rxi316_dram_init
30007f9c T rxi316_ftend_init
30007fdc T rxi316_DynSre_init
30008070 T ddr_init
30008098 T ChipInfo_InitPsramInfoFromMemInfo
30008118 T PSRAM_INFO_Update
30008274 T PSRAM_PHY_StructInit
30008294 T PSRAM_PHY_Init
300082fc T PSRAM_CTRL_Init
30008440 T PSRAM_REG_Write
300084c8 T PSRAM_APM_DEVIC_Init
30008520 T PSRAM_WB_REG_Write
300085a0 T PSRAM_WB_DEVIC_Init
300085dc T PSRAM_calibration
30008778 T PSRAM_AutoGating
3000877c T SDM32K_Enable
30008798 T CLK_SWITCH_XTAL
300087e0 T SWR_MEM
300088c0 T SWR_MEM_Manual
300088e0 T SWR_MEM_Mode_Set
3000897c T SWR_AUDIO
30008a0c T SWR_AUDIO_Manual
30008a2c T SWR_BST_MODE_Set
30008a4c T OTP_Read8
30008b48 T SWR_Calib_DCore
30008b90 T SWR_Calib_MEM
30008cec T SWR_Calib_AUD
30008e20 T PLL_NP_ClkGet
30008e68 T PLL_NP_ClkSet
30008ee8 T PLL_AP_ClkSet
30008f24 T PLL_AP
30008f84 T BOOT_Reason
30008f94 T IPC_SEMTake
30009054 T IPC_SEMFree
300090b0 T HANDLER_SecureFault
300090cc T HANDLER_MemFault
300090e4 T HANDLER_BusFault
300090fc T HANDLER_UsageFault
30009114 T HANDLER_HardFault
3000912c T Fault_Handler
30009278 T Fault_Hanlder_Redirect
300092b8 T rtk_log_level_get
3000931c T rtk_log_write
3000936c T rtk_log_write_nano
300093bc T flash_init_userdef
3000941c T nand_init_userdef
30009490 T flash_get_layout_info
300094e0 T flash_get_layout_info_by_addr
3000952c T TaskExitError
30009530 t thumb_backtrace_from_stack
3000975c T do_stack_backtrace
30009804 T crash_dump_memory
300098b8 T crash_dump
30009a94 T fault_diagnosis
30009ebc T ChipInfo_Get
30009f1c T ChipInfo_BDNum
30009f8c T ChipInfo_MCMInfo
3000a004 T ChipInfo_DDRType
3000a028 T ChipInfo_PsramBoundary
3000a0b8 t print_unsigned_num
3000a1b0 T LOGUART_INTConfig
3000a200 T LOGUART_WaitTxComplete
3000a230 T CPU_ClkGet
3000a2d0 T RSIP_IV_Set
3000a2ec T RSIP_OTF_Cmd
3000a304 T RSIP_MMU_Config
3000a344 T RSIP_MMU_Cmd
3000a36c T RSIP_MMU_Cache_Clean
3000a37c T NAND_RxData
3000a4b0 T NAND_Page_Read
3000a4e0 T SYSCFG_BootFromNor
3000a528 T SYSCFG_RLVersion
3000a55c T DiagVprintf
3000aadc T DiagPrintf
3000aaf8 T DiagVprintfNano
3000aec8 T DiagPrintfNano
3000aee4 T io_assert_failed
3000af04 T CRYPTO_SetSecurityModeAD
3000b09c T rtl_crypto_hmac_sha2_init
3000b374 T RSIP_OTF_Enable
3000b3d4 T BOOT_VerCheck
3000b484 T __aeabi_uldivmod
3000b4b4 T __popcountsi2
3000b4da T __udivmoddi4
3000b784 W __aeabi_idiv0
3000b784 W __aeabi_ldiv0
3000b788 t __SBOOT_Validate_Signature_veneer
3000b790 t __SBOOT_GetMdType_veneer
3000b798 t ____wrap_memset_veneer
3000b7a0 t __SBOOT_Validate_PubKey_veneer
3000b7a8 t __SBOOT_Validate_ImgHash_veneer
3000b7b0 t __SBOOT_Validate_Algorithm_veneer
3000b7b8 t __INT_HardFault_C_veneer
3000bdfc t ImagePattern
3000c108 t ddrphy_tx_scan
3000c1c8 t ddrphy_zq_rx_scan
3000c684 T mpc1_config
3000c6e4 T mpc2_config
3000c744 T sau_config
3000c7f8 T Flash_AVL
3000c910 T Flash_ReadMode
3000c912 T Flash_Speed
3000c914 T NAND_AVL
3000ccc4 t register_string
3000d6d4 T chipinfo
3000daf8 D __ram_image1_data_start__
3000daf8 d s_chipinfo_ddr.0
3000dafc D ddr2_dq16_bus_addr_remap_info
3000db1c D ddr2_dq16_bus_addr_remap_info_256m
3000db3c D ddr2_dq16_bus_addr_remap_info_512m
3000db5c D rxi316_ddr2_dev
3000db68 D rxi316_ddr2_dev_256m
3000db74 D rxi316_ddr2_dev_512m
3000db80 D rxi316_ddr2_dramc_info_ddr2_dev
3000db8c D rxi316_ddr2_dramc_info_ddr2_dev_256m
3000db98 D rxi316_ddr2_dramc_info_ddr2_dev_512m
3000dba4 D rxi316_ddr2_dramc_info_ddr3_dev
3000dbb0 D rxi316_ddr2_dramc_info_lpddr1_dev
3000dbbc D rxi316_ddr2_mode_reg_1066mhz
3000dc04 D rxi316_ddr2_timing_1066mhz
3000dc68 D rxi316_ddr3_dev
3000dc74 D rxi316_ddr3_mode_reg_1066mhz
3000dcbc D rxi316_ddr3_timing_1066mhz
3000dd20 D rxi316_dram_ctrl_common
3000dd90 D rxi316_dram_info_m
3000dda4 D rxi316_dram_info_m_ddr2_dev
3000ddbc D rxi316_dram_info_m_ddr2_dev_256m
3000ddd4 D rxi316_dram_info_m_ddr2_dev_512m
3000ddec D rxi316_dram_info_m_ddr3_dev
3000de04 D rxi316_dram_info_m_lpddr1_dev
3000de1c D rxi316_lpddr1_dev
3000de28 D rxi316_lpddr1_mode_reg_400mhz
3000de70 D rxi316_lpddr1_timing_400mhz
3000ded4 D slot_starve_info
3000df28 D APM_WR_INIT_LATENCY_SPEC
3000df30 d PSRAM_CALIB_PATTERN
3000df48 D WB_WR_INIT_LATENCY_SPEC
3000df4d d Swr_Calib_AUD_PFM_Times
3000df4e d Swr_Calib_AUD_PWM_Times
3000df4f d Swr_Calib_MEM_PFM_Times
3000df50 d Swr_Calib_MEM_PWM_Times
3000df51 D rtk_log_default_level
3000df52 D Boot_AP_Enbale
3000df54 D CACHETCM_Def
3000e018 D CACHEWRR_Def
3000e038 D Cert_PKHash_OTP_ADDR
3000e03c D RCC_Config
3000e0d8 D SocClk_Info
3000e0ec D Flash_Layout
3000e158 d max_depth
3000e15c d Chipinfo.2
3000e15d d rtk_temp.0
3000e160 B __image1_bss_start__
3000e160 B PMC_S_BK
3000e160 D __ram_image1_data_end__
3000e160 D __ram_image1_text_end__
3000e1cc B PSRAM_CAL_BK
3000e1d0 B SecureBootEn
3000e1d4 b Cert
3000e49c b Manifest
3000e7bc B OTA_Region
3000e7d4 B Signature
3000e8f4 b SubImgInfo
3000e964 b ValidIMGNum
3000e968 B Ver
3000e978 b check_config_reg
3000e97c b current_IC
3000e980 B nand_l2p_table
3000e988 b s_chipinfo_ddrtpye.1
3000e98c B PsramInfo
3000e9b0 B ipc_delay
3000e9b4 B ipc_enter
3000e9b8 B ipc_exit
3000e9bc b rtk_log_entry_count
3000e9c0 B rtk_log_tag_array
3000e9ec B Boot_Agg_En
3000e9ed B Boot_MemSwr_Only
3000e9f0 B Boot_TCM_Size
3000e9f4 B crash_task_info
3000e9f8 B regs
3000ea68 b meminfo.1
3000ea6c B __image1_bss_end__
3001fe00 D __ca32_bl1_sram_start__
60000020 N __image2_entry_func__
60000020 N __ram_image2_text_start__
60800000 A __non_secure_psram_end__
70180020 D __ca32_bl1_dram_start__
70300000 D __ca32_fip_dram_start__
