Archive member included to satisfy reference by file (symbol)

project_hp/asdk/make/image1/bootloader/lib_bootloader_internal.a(bootloader_hp.o)
                              (--whole-archive)
project_hp/asdk/make/image1/bootloader/lib_bootloader_internal.a(boot_trustzone_hp.o)
                              (--whole-archive)
project_hp/asdk/make/image1/bootloader/lib_bootloader_internal.a(boot_security_hp.o)
                              (--whole-archive)
project_hp/asdk/make/image1/bootloader/lib_bootloader_internal.a(boot_ota_hp.o)
                              (--whole-archive)
project_hp/asdk/make/image1/fwlib/lib_fwlib.a(ameba_flashclk.o)
                              (--whole-archive)
project_hp/asdk/make/image1/fwlib/lib_fwlib.a(ameba_nandflash.o)
                              (--whole-archive)
project_hp/asdk/make/image1/fwlib/lib_fwlib.a(ameba_ddrphy.o)
                              (--whole-archive)
project_hp/asdk/make/image1/fwlib/lib_fwlib.a(ameba_rxi316_dram_init.o)
                              (--whole-archive)
project_hp/asdk/make/image1/fwlib/lib_fwlib.a(ameba_psram.o)
                              (--whole-archive)
project_hp/asdk/make/image1/fwlib/lib_fwlib.a(ameba_clk.o)
                              (--whole-archive)
project_hp/asdk/make/image1/fwlib/lib_fwlib.a(ameba_swr.o)
                              (--whole-archive)
project_hp/asdk/make/image1/fwlib/lib_fwlib.a(ameba_otp.o)
                              (--whole-archive)
project_hp/asdk/make/image1/fwlib/lib_fwlib.a(ameba_swr_calib.o)
                              (--whole-archive)
project_hp/asdk/make/image1/fwlib/lib_fwlib.a(ameba_pll.o)
                              (--whole-archive)
project_hp/asdk/make/image1/fwlib/lib_fwlib.a(ameba_reset.o)
                              (--whole-archive)
project_hp/asdk/make/image1/fwlib/lib_fwlib.a(ameba_ipc_api.o)
                              (--whole-archive)
project_hp/asdk/make/image1/fwlib/lib_fwlib.a(ameba_fault_handle.o)
                              (--whole-archive)
project_hp/asdk/make/image1/swlib/lib_swlib.a(log.o)
                              (--whole-archive)
project_hp/asdk/make/image1/amebasmart/lib_usrcfg.a(ameba_boot_trustzonecfg.o)
                              (--whole-archive)
project_hp/asdk/make/image1/amebasmart/lib_usrcfg.a(ameba_bootcfg.o)
                              (--whole-archive)
project_hp/asdk/make/image1/amebasmart/lib_usrcfg.a(ameba_flashcfg.o)
                              (--whole-archive)
project_hp/asdk/make/image1/amebasmart/lib_usrcfg.a(ameba_sleepcfg.o)
                              (--whole-archive)
project_hp/asdk/make/image1/amebasmart/lib_usrcfg.a(ameba_pinmapcfg.o)
                              (--whole-archive)
/home/auto_jenkins_wlan5/IOT_ATS/repos/Release_SDK_Linux/Release_Sdk/sources/firmware/amebasmart_gcc_project/project_hp/asdk/lib/soc/lib_crashdump.a(ameba_freertos_backtrace.o)
                              (--whole-archive)
/home/auto_jenkins_wlan5/IOT_ATS/repos/Release_SDK_Linux/Release_Sdk/sources/firmware/amebasmart_gcc_project/project_hp/asdk/lib/soc/lib_crashdump.a(ameba_v8m_backtrace.o)
                              (--whole-archive)
/home/auto_jenkins_wlan5/IOT_ATS/repos/Release_SDK_Linux/Release_Sdk/sources/firmware/amebasmart_gcc_project/project_hp/asdk/lib/soc/lib_crashdump.a(ameba_v8m_crashdump.o)
                              (--whole-archive)
/home/auto_jenkins_wlan5/IOT_ATS/repos/Release_SDK_Linux/Release_Sdk/sources/firmware/amebasmart_gcc_project/project_hp/asdk/lib/soc/lib_crashdump.a(ameba_v8m_fault_diagnosis.o)
                              (--whole-archive)
/home/auto_jenkins_wlan5/IOT_ATS/repos/Release_SDK_Linux/Release_Sdk/sources/firmware/amebasmart_gcc_project/project_hp/asdk/lib/soc/lib_chipinfo.a(ameba_chipinfo_lib.o)
                              (--whole-archive)
/home/auto_jenkins_wlan5/IOT_ATS/repos/Release_SDK_Linux/Release_Sdk/sources/firmware/amebasmart_gcc_project/project_hp/asdk/lib/soc/lib_chipinfo.a(ameba_rom_patch.o)
                              (--whole-archive)
/home/auto_jenkins_wlan5/IOT_ATS/repos/Release_SDK_Linux/Release_Sdk/sources/firmware/amebasmart_gcc_project/project_hp/asdk/lib/soc/lib_bootloader.a(bootloader_hp_lib.o)
                              (--whole-archive)
/opt/rtk-toolchain/asdk-10.3.1-4354/linux/newlib/lib/gcc/arm-none-eabi/10.3.1/thumb/v8-m.main+fp/fpu/libgcc.a(_arm_muldf3.o)
                              project_hp/asdk/make/image1/fwlib/lib_fwlib.a(ameba_pll.o) (__aeabi_dmul)
/opt/rtk-toolchain/asdk-10.3.1-4354/linux/newlib/lib/gcc/arm-none-eabi/10.3.1/thumb/v8-m.main+fp/fpu/libgcc.a(_arm_addsubdf3.o)
                              project_hp/asdk/make/image1/fwlib/lib_fwlib.a(ameba_pll.o) (__aeabi_dsub)
/opt/rtk-toolchain/asdk-10.3.1-4354/linux/newlib/lib/gcc/arm-none-eabi/10.3.1/thumb/v8-m.main+fp/fpu/libgcc.a(_arm_muldivdf3.o)
                              project_hp/asdk/make/image1/fwlib/lib_fwlib.a(ameba_pll.o) (__aeabi_ddiv)
[...]
Memory Configuration

Name             Origin             Length             Attributes
KM4_IROM         0x0000000000000000 0x000000000001e000 xr
KM4_IROM_NS      0x000000000001e000 0x0000000000015000 xr
KM4_IROM_STDLIB_NS 0x0000000000033000 0x0000000000013000 xr
KM4_DROM_NS      0x0000000000046000 0x000000000000e000 xr
KM4_DROM         0x0000000000054000 0x0000000000004000 xr
KM0_IROM         0x0000000000000000 0x000000000000c000 xr
KM0_DROM         0x000000000000c000 0x0000000000004000 xr
CA32_IROM        0x0000000000000000 0x0000000000000400 xr
KM4_ROMBSS_RAM_S 0x0000000030000000 0x0000000000001000 rw
KM4_MSP_RAM_S    0x0000000030001000 0x0000000000002000 rw
KM4_FLOADER_RAM_S 0x0000000030003020 0x0000000000017fe0 xrw
KM4_BOOTLOADER_RAM_S 0x0000000030003020 0x0000000000010fe0 xrw
KM4_BD_RAM       0x0000000020014020 0x0000000000006fe0 xrw
KM4_MSP_RAM_NS   0x000000002001b000 0x0000000000001000 rw
KM4_ROMBSS_RAM_COM 0x000000002001c000 0x0000000000001000 rw
KM4_ROMBSS_RAM_NS 0x000000002001d000 0x0000000000001000 rw
KM4_STDLIB_HEAP_RAM_NS 0x000000002001e000 0x0000000000001000 rw
CA32_BL1_SRAM_S  0x000000003001fe00 0x0000000000000200 xrw
KM4_AUDIO_BUFFER 0x0000000020020000 0x0000000000020000 rw
EXTENTION_SRAM   0x0000000022000000 0x0000000001000000 xrw
KM0_ROMBSS_RAM   0x0000000023000000 0x0000000000001000 rw
KM0_MSP_RAM      0x0000000023001000 0x0000000000001000 rw
KM0_BD_RAM       0x0000000023002020 0x000000000001dce0 xrw
KM0_IPC_RAM      0x000000002301fd00 0x0000000000000300 xrw
RETENTION_RAM    0x0000000023020000 0x0000000000000200 xrw
KM4_BOOT_XIP     0x000000000a000020 0x0000000001ffffe0 xr
KM0_IMG2_XIP     0x000000000c000020 0x0000000000ffffe0 xr
KM4_IMG2_XIP     0x000000000d000020 0x0000000000ffffe0 xr
CA32_IMG2_XIP    0x000000000e000020 0x0000000001ffffe0 xr
BTRACE           0x00000000c8800000 0x0000000000800000 xr
CTRACE           0x00000000ca000000 0x00000000007fffff xr
KM4_BD_DRAM      0x0000000060000020 0x000000000015afe0 xrw
KM4_BD_RAM_NSC   0x000000006015b020 0x0000000000000fe0 xrw
KM4_BD_RAM_ENTRY 0x000000006015c000 0x0000000000004000 xrw
KM4_BD_RAM_S     0x0000000070160020 0x000000000001ffe0 xrw
CA32_BL1_DRAM_S  0x0000000070180020 0x000000000001ffe0 xrw
CA32_BL3_DRAM_NS 0x0000000060300000 0x0000000000400000 xrw
KM4_DRAM_HEAP_EXT 0x0000000060700000 0x0000000000100000 xrw
CA32_DYNAMIC_APP_LOAD_DRAM 0x000000006fffffff 0x0000000000000000 xrw
KM0_BD_DRAM      0x000000006fffffff 0x0000000000000000 xrw
*default*        0x0000000000000000 0xffffffffffffffff

Linker script and memory map

LOAD project_hp/CMakeFiles/empty_obj_hp_origin.dir/home/auto_jenkins_wlan5/IOT_ATS/repos/Release_SDK_Linux/Release_Sdk/sources/firmware/cmake/empty_file.o
LOAD project_hp/asdk/make/image1/bootloader/lib_bootloader_internal.a
LOAD project_hp/asdk/make/image1/fwlib/lib_fwlib.a
LOAD project_hp/asdk/make/image1/swlib/lib_swlib.a
LOAD project_hp/asdk/make/image1/amebasmart/lib_usrcfg.a
LOAD /home/auto_jenkins_wlan5/IOT_ATS/repos/Release_SDK_Linux/Release_Sdk/sources/firmware/amebasmart_gcc_project/project_hp/asdk/lib/soc/lib_crashdump.a
LOAD /home/auto_jenkins_wlan5/IOT_ATS/repos/Release_SDK_Linux/Release_Sdk/sources/firmware/amebasmart_gcc_project/project_hp/asdk/lib/soc/lib_chipinfo.a
LOAD /home/auto_jenkins_wlan5/IOT_ATS/repos/Release_SDK_Linux/Release_Sdk/sources/firmware/amebasmart_gcc_project/project_hp/asdk/lib/soc/lib_bootloader.a
START GROUP
LOAD /opt/rtk-toolchain/asdk-10.3.1-4354/linux/newlib/lib/gcc/arm-none-eabi/10.3.1/thumb/v8-m.main+fp/fpu/libgcc.a
LOAD /opt/rtk-toolchain/asdk-10.3.1-4354/linux/newlib/arm-none-eabi/lib/thumb/v8-m.main+fp/fpu/libc.a
END GROUP
START GROUP
LOAD /opt/rtk-toolchain/asdk-10.3.1-4354/linux/newlib/lib/gcc/arm-none-eabi/10.3.1/thumb/v8-m.main+fp/fpu/libgcc.a
LOAD /opt/rtk-toolchain/asdk-10.3.1-4354/linux/newlib/arm-none-eabi/lib/thumb/v8-m.main+fp/fpu/libc.a
LOAD /opt/rtk-toolchain/asdk-10.3.1-4354/linux/newlib/arm-none-eabi/lib/thumb/v8-m.main+fp/fpu/libnosys.a
END GROUP
                0x0000000000033000                __rom_stdlib_text_start__ = ORIGIN (KM4_IROM_STDLIB_NS)
                0x000000002301fd00                __km0_ipc_memory_start__ = ORIGIN (KM0_IPC_RAM)
                0x000000000a000020                __km4_boot_text_start__ = ORIGIN (KM4_BOOT_XIP)
                0x000000000c000020                __km0_flash_text_start__ = ORIGIN (KM0_IMG2_XIP)
                0x000000000d000020                __km4_flash_text_start__ = ORIGIN (KM4_IMG2_XIP)
                0x000000000e000020                __ca32_flash_text_start__ = ORIGIN (CA32_IMG2_XIP)
                0x000000003001fe00                __ca32_bl1_sram_start__ = ORIGIN (CA32_BL1_SRAM_S)
                0x0000000070180020                __ca32_bl1_dram_start__ = ORIGIN (CA32_BL1_DRAM_S)
                0x0000000070300000                __ca32_fip_dram_start__ = (ORIGIN (CA32_BL3_DRAM_NS) + 0x10000000)
                0x0000000000000001                ASSERT (((__ca32_fip_dram_start__ + 0x200000) < 0x70800000), Error: reserved 2MB for FIP Img, please check psram size.)
                0x0000000060800000                __non_secure_psram_end__ = 0x60800000

.ram_image1.entry
                0x0000000030003020       0x30
                0x0000000030003020                __ram_image1_text_start__ = .
                0x0000000030003020                __ram_start_table_start__ = .
 *(SORT_BY_NAME(.image1.entry.data*))
 .image1.entry.data
                0x0000000030003020       0x20 project_hp/asdk/make/image1/bootloader/lib_bootloader_internal.a(bootloader_hp.o)
                0x0000000030003020                RamStartTable
 *(.image1.validate.rodata*)
 .image1.validate.rodata
                0x0000000030003040        0x8 project_hp/asdk/make/image1/bootloader/lib_bootloader_internal.a(bootloader_hp.o)
                0x0000000030003040                RAM_IMG1_VALID_PATTEN
 *(.image1.export.symb)
 .image1.export.symb
                0x0000000030003048        0x8 project_hp/asdk/make/image1/bootloader/lib_bootloader_internal.a(bootloader_hp.o)
                0x0000000030003048                boot_export_symbol

.ram_image1.text
                0x0000000030003050     0xab48
 *(.boot.ram.text*)
 .boot.ram.text
                0x0000000030003050     0x13f0 project_hp/asdk/make/image1/bootloader/lib_bootloader_internal.a(bootloader_hp.o)
                0x0000000030003050                BOOT_SectionInit
                0x0000000030003058                BOOT_NsStart
                0x00000000300030f8                BOOT_RccConfig
                0x00000000300031d0                BOOT_CACHEWRR_Set
                0x000000003000322c                BOOT_TCMSet
                0x0000000030003514                BOOT_GRstConfig
                0x0000000030003548                BOOT_DDR_LCDC_HPR
                0x0000000030003560                BOOT_DDR_Init
                0x00000000300035dc                BOOT_PSRAM_Init
                0x0000000030003698                BOOT_WakeFromPG
                0x0000000030003808                BOOT_SCBConfig_HP
                0x000000003000384c                BOOT_SCBVTORBackup_HP
                0x0000000030003860                BOOT_SCBVTORReFill_HP
                0x0000000030003874                BOOT_NVICBackup_HP
                0x00000000300038ec                BOOT_NVICReFill_HP
                0x0000000030003930                BOOT_LoadImages
                0x000000003000395c                BOOT_ReasonSet
                0x0000000030003bb0                BOOT_Enable_KM0
                0x0000000030003c14                BOOT_AP_Clk_Get
                0x0000000030003c34                BOOT_SOC_ClkSet
                0x0000000030003e6c                BOOT_Disable_AP
                0x0000000030003e90                BOOT_Enable_AP
                0x0000000030003f28                BOOT_Share_Memory_Patch
                0x0000000030003fb0                BOOT_Log_Init
                0x000000003000400c                BOOT_Image1
 .boot.ram.text
                0x0000000030004440      0x1d0 project_hp/asdk/make/image1/bootloader/lib_bootloader_internal.a(boot_trustzone_hp.o)
                0x0000000030004440                BOOT_RAM_TZCfg
 .boot.ram.text
                0x0000000030004610      0x7d8 project_hp/asdk/make/image1/bootloader/lib_bootloader_internal.a(boot_security_hp.o)
                0x00000000300046a0                BOOT_LoadRDPImg
                0x00000000300047f8                _BOOT_Validate_ImgHash
                0x0000000030004a60                BOOT_Validate_ImgHash
                0x0000000030004a94                BOOT_SignatureCheck
                0x0000000030004ca0                BOOT_CertificateCheck
                0x0000000030004d30                BOOT_Extract_SignatureCheck
 .boot.ram.text
                0x0000000030004de8      0xa98 project_hp/asdk/make/image1/bootloader/lib_bootloader_internal.a(boot_ota_hp.o)
                0x0000000030004de8                BOOT_ImgCopy
                0x0000000030004e1c                BOOT_OTA_SlotSelect
                0x0000000030004f84                BOOT_LoadSubImage
                0x000000003000511c                BOOT_RSIPIvSet
                0x0000000030005154                BOOT_OTFCheck
                0x00000000300051e8                BOOT_OTA_Region_Init
                0x0000000030005218                BOOT_OTA_RDP
                0x0000000030005288                BOOT_OTA_AP
                0x0000000030005354                BOOT_OTA_LoadIMG2
                0x00000000300055c4                BOOT_OTA_IMG2
                0x0000000030005730                BOOT_OTA_AP_Linux
 .boot.ram.text
                0x0000000030005880      0xac4 project_hp/asdk/make/image1/fwlib/lib_fwlib.a(ameba_flashclk.o)
                0x0000000030005880                FLASH_ClockDiv
                0x0000000030005910                FLASH_CalibrationPhaseIdx
                0x0000000030005988                FLASH_CalibrationNewCmd
                0x00000000300059a8                FLASH_CalibrationNew
                0x0000000030005b10                FLASH_Calibration
                0x0000000030005c38                _flash_calibration_highspeed
                0x0000000030005cfc                flash_calibration_highspeed
                0x0000000030005d90                flash_rx_mode_switch
                0x0000000030005f1c                flash_highspeed_setup
 *(.text*)
 .text.NAND_CHECK_IS_BAD_BLOCK
                0x0000000030006344       0xac project_hp/asdk/make/image1/fwlib/lib_fwlib.a(ameba_nandflash.o)
                0x0000000030006344                NAND_CHECK_IS_BAD_BLOCK
 .text.Nand_Get_NandAddr
                0x00000000300063f0       0x4c project_hp/asdk/make/image1/fwlib/lib_fwlib.a(ameba_nandflash.o)
                0x00000000300063f0                Nand_Get_NandAddr
 .text.Nand_L2P_Table
                0x000000003000643c       0x4c project_hp/asdk/make/image1/fwlib/lib_fwlib.a(ameba_nandflash.o)
                0x000000003000643c                Nand_L2P_Table
 .text.NandImgCopy
                0x0000000030006488      0x11c project_hp/asdk/make/image1/fwlib/lib_fwlib.a(ameba_nandflash.o)
                0x0000000030006488                NandImgCopy
 .text.DDR_PHY_ChipInfo.part.0
                0x00000000300065a4       0x7c project_hp/asdk/make/image1/fwlib/lib_fwlib.a(ameba_ddrphy.o)
 .text.DDR_PHY_ChipInfo_ddrtype
                0x0000000030006620       0x1c project_hp/asdk/make/image1/fwlib/lib_fwlib.a(ameba_ddrphy.o)
                0x0000000030006620                DDR_PHY_ChipInfo_ddrtype
 .text.DDR_PHY_StructInit
                0x000000003000663c        0x8 project_hp/asdk/make/image1/fwlib/lib_fwlib.a(ameba_ddrphy.o)
                0x000000003000663c                DDR_PHY_StructInit
 .text.DDR_PHY_DLL_CLK_DIV
                0x0000000030006644      0x210 project_hp/asdk/make/image1/fwlib/lib_fwlib.a(ameba_ddrphy.o)
                0x0000000030006644                DDR_PHY_DLL_CLK_DIV
 .text.DDR_PHY_CRT_Init
                0x0000000030006854       0xdc project_hp/asdk/make/image1/fwlib/lib_fwlib.a(ameba_ddrphy.o)
                0x0000000030006854                DDR_PHY_CRT_Init
 .text.DDR_PHY_R240_ZQ_CAL
                0x0000000030006930       0x8c project_hp/asdk/make/image1/fwlib/lib_fwlib.a(ameba_ddrphy.o)
                0x0000000030006930                DDR_PHY_R240_ZQ_CAL
 .text.DDR_PHY_ZQ_SET_SEL
                0x00000000300069bc       0xa8 project_hp/asdk/make/image1/fwlib/lib_fwlib.a(ameba_ddrphy.o)
                0x00000000300069bc                DDR_PHY_ZQ_SET_SEL
 .text.DDR_PHY_DELAY_TAP_SET
                0x0000000030006a64       0x70 project_hp/asdk/make/image1/fwlib/lib_fwlib.a(ameba_ddrphy.o)
                0x0000000030006a64                DDR_PHY_DELAY_TAP_SET
 .text.DDR_PHY_READ_CTRL
                0x0000000030006ad4       0x50 project_hp/asdk/make/image1/fwlib/lib_fwlib.a(ameba_ddrphy.o)
                0x0000000030006ad4                DDR_PHY_READ_CTRL
 .text.DDR_PHY_READ_LEVELING
                0x0000000030006b24       0x90 project_hp/asdk/make/image1/fwlib/lib_fwlib.a(ameba_ddrphy.o)
                0x0000000030006b24                DDR_PHY_READ_LEVELING
 .text.DDR_PHY_Init
                0x0000000030006bb4       0xd0 project_hp/asdk/make/image1/fwlib/lib_fwlib.a(ameba_ddrphy.o)
                0x0000000030006bb4                DDR_PHY_Init
 .text.DDR_PHY_CAL
                0x0000000030006c84        0x4 project_hp/asdk/make/image1/fwlib/lib_fwlib.a(ameba_ddrphy.o)
                0x0000000030006c84                DDR_PHY_CAL
 .text.DDR_PHY_AutoGating
                0x0000000030006c88       0x3c project_hp/asdk/make/image1/fwlib/lib_fwlib.a(ameba_ddrphy.o)
                0x0000000030006c88                DDR_PHY_AutoGating
 .text.ddr_init_index
                0x0000000030006cc4       0x54 project_hp/asdk/make/image1/fwlib/lib_fwlib.a(ameba_rxi316_dram_init.o)
                0x0000000030006cc4                ddr_init_index
 .text.rxi316_perf_tune
                0x0000000030006d18      0x8b4 project_hp/asdk/make/image1/fwlib/lib_fwlib.a(ameba_rxi316_dram_init.o)
                0x0000000030006d18                rxi316_perf_tune
 .text.rxi316_dram_init
                0x00000000300075cc      0xa48 project_hp/asdk/make/image1/fwlib/lib_fwlib.a(ameba_rxi316_dram_init.o)
                0x00000000300075cc                rxi316_dram_init
 .text.rxi316_ftend_init
                0x0000000030008014       0x40 project_hp/asdk/make/image1/fwlib/lib_fwlib.a(ameba_rxi316_dram_init.o)
                0x0000000030008014                rxi316_ftend_init
 .text.rxi316_DynSre_init
                0x0000000030008054       0x94 project_hp/asdk/make/image1/fwlib/lib_fwlib.a(ameba_rxi316_dram_init.o)
                0x0000000030008054                rxi316_DynSre_init
 .text.ddr_init
                0x00000000300080e8       0x28 project_hp/asdk/make/image1/fwlib/lib_fwlib.a(ameba_rxi316_dram_init.o)
                0x00000000300080e8                ddr_init
 .text.PSRAM_INFO_Update
                0x0000000030008110      0x164 project_hp/asdk/make/image1/fwlib/lib_fwlib.a(ameba_psram.o)
                0x0000000030008110                PSRAM_INFO_Update
 .text.PSRAM_PHY_StructInit
                0x0000000030008274       0x20 project_hp/asdk/make/image1/fwlib/lib_fwlib.a(ameba_psram.o)
                0x0000000030008274                PSRAM_PHY_StructInit
 .text.PSRAM_PHY_Init
                0x0000000030008294       0x68 project_hp/asdk/make/image1/fwlib/lib_fwlib.a(ameba_psram.o)
                0x0000000030008294                PSRAM_PHY_Init
 .text.PSRAM_CTRL_Init
                0x00000000300082fc      0x144 project_hp/asdk/make/image1/fwlib/lib_fwlib.a(ameba_psram.o)
                0x00000000300082fc                PSRAM_CTRL_Init
 .text.PSRAM_REG_Write
                0x0000000030008440       0x88 project_hp/asdk/make/image1/fwlib/lib_fwlib.a(ameba_psram.o)
                0x0000000030008440                PSRAM_REG_Write
 .text.PSRAM_APM_DEVIC_Init
                0x00000000300084c8       0x58 project_hp/asdk/make/image1/fwlib/lib_fwlib.a(ameba_psram.o)
                0x00000000300084c8                PSRAM_APM_DEVIC_Init
 .text.PSRAM_WB_REG_Write
                0x0000000030008520       0x80 project_hp/asdk/make/image1/fwlib/lib_fwlib.a(ameba_psram.o)
                0x0000000030008520                PSRAM_WB_REG_Write
 .text.PSRAM_WB_DEVIC_Init
                0x00000000300085a0       0x3c project_hp/asdk/make/image1/fwlib/lib_fwlib.a(ameba_psram.o)
                0x00000000300085a0                PSRAM_WB_DEVIC_Init
 .text.PSRAM_calibration
                0x00000000300085dc      0x19c project_hp/asdk/make/image1/fwlib/lib_fwlib.a(ameba_psram.o)
                0x00000000300085dc                PSRAM_calibration
 .text.PSRAM_AutoGating
                0x0000000030008778       0x4c project_hp/asdk/make/image1/fwlib/lib_fwlib.a(ameba_psram.o)
                0x0000000030008778                PSRAM_AutoGating
 .text.SDM32K_Enable
                0x00000000300087c4       0x1c project_hp/asdk/make/image1/fwlib/lib_fwlib.a(ameba_clk.o)
                0x00000000300087c4                SDM32K_Enable
 .text.CLK_SWITCH_XTAL
                0x00000000300087e0       0x48 project_hp/asdk/make/image1/fwlib/lib_fwlib.a(ameba_clk.o)
                0x00000000300087e0                CLK_SWITCH_XTAL
 .text.SWR_MEM  0x0000000030008828       0xe0 project_hp/asdk/make/image1/fwlib/lib_fwlib.a(ameba_swr.o)
                0x0000000030008828                SWR_MEM
 .text.SWR_MEM_Manual
                0x0000000030008908       0x20 project_hp/asdk/make/image1/fwlib/lib_fwlib.a(ameba_swr.o)
                0x0000000030008908                SWR_MEM_Manual
 .text.SWR_MEM_Mode_Set
                0x0000000030008928       0x9c project_hp/asdk/make/image1/fwlib/lib_fwlib.a(ameba_swr.o)
                0x0000000030008928                SWR_MEM_Mode_Set
 .text.SWR_AUDIO
                0x00000000300089c4       0x90 project_hp/asdk/make/image1/fwlib/lib_fwlib.a(ameba_swr.o)
                0x00000000300089c4                SWR_AUDIO
 .text.SWR_AUDIO_Manual
                0x0000000030008a54       0x20 project_hp/asdk/make/image1/fwlib/lib_fwlib.a(ameba_swr.o)
                0x0000000030008a54                SWR_AUDIO_Manual
 .text.SWR_BST_MODE_Set
                0x0000000030008a74       0x20 project_hp/asdk/make/image1/fwlib/lib_fwlib.a(ameba_swr.o)
                0x0000000030008a74                SWR_BST_MODE_Set
 .text.OTP_Read8
                0x0000000030008a94       0xfc project_hp/asdk/make/image1/fwlib/lib_fwlib.a(ameba_otp.o)
                0x0000000030008a94                OTP_Read8
 .text.SWR_Calib_DCore
                0x0000000030008b90       0x48 project_hp/asdk/make/image1/fwlib/lib_fwlib.a(ameba_swr_calib.o)
                0x0000000030008b90                SWR_Calib_DCore
 .text.SWR_Calib_MEM
                0x0000000030008bd8      0x15c project_hp/asdk/make/image1/fwlib/lib_fwlib.a(ameba_swr_calib.o)
                0x0000000030008bd8                SWR_Calib_MEM
 .text.SWR_Calib_AUD
                0x0000000030008d34      0x134 project_hp/asdk/make/image1/fwlib/lib_fwlib.a(ameba_swr_calib.o)
                0x0000000030008d34                SWR_Calib_AUD
 .text.PLL_NP_ClkGet
                0x0000000030008e68       0x48 project_hp/asdk/make/image1/fwlib/lib_fwlib.a(ameba_pll.o)
                0x0000000030008e68                PLL_NP_ClkGet
 .text.PLL_NP_ClkSet
                0x0000000030008eb0       0x80 project_hp/asdk/make/image1/fwlib/lib_fwlib.a(ameba_pll.o)
                0x0000000030008eb0                PLL_NP_ClkSet
 .text.PLL_AP_ClkSet
                0x0000000030008f30       0x3c project_hp/asdk/make/image1/fwlib/lib_fwlib.a(ameba_pll.o)
                0x0000000030008f30                PLL_AP_ClkSet
 .text.PLL_AP   0x0000000030008f6c       0x60 project_hp/asdk/make/image1/fwlib/lib_fwlib.a(ameba_pll.o)
                0x0000000030008f6c                PLL_AP
 .text.BOOT_Reason
                0x0000000030008fcc       0x10 project_hp/asdk/make/image1/fwlib/lib_fwlib.a(ameba_reset.o)
                0x0000000030008fcc                BOOT_Reason
 .text.IPC_SEMTake
                0x0000000030008fdc       0xa8 project_hp/asdk/make/image1/fwlib/lib_fwlib.a(ameba_ipc_api.o)
                0x0000000030008fdc                IPC_SEMTake
 .text.IPC_SEMFree
                0x0000000030009084       0x5c project_hp/asdk/make/image1/fwlib/lib_fwlib.a(ameba_ipc_api.o)
                0x0000000030009084                IPC_SEMFree
 .text.HANDLER_SecureFault
                0x00000000300090e0       0x1c project_hp/asdk/make/image1/fwlib/lib_fwlib.a(ameba_fault_handle.o)
                0x00000000300090e0                HANDLER_SecureFault
 .text.HANDLER_MemFault
                0x00000000300090fc       0x18 project_hp/asdk/make/image1/fwlib/lib_fwlib.a(ameba_fault_handle.o)
                0x00000000300090fc                HANDLER_MemFault
 .text.HANDLER_BusFault
                0x0000000030009114       0x18 project_hp/asdk/make/image1/fwlib/lib_fwlib.a(ameba_fault_handle.o)
                0x0000000030009114                HANDLER_BusFault
 .text.HANDLER_UsageFault
                0x000000003000912c       0x18 project_hp/asdk/make/image1/fwlib/lib_fwlib.a(ameba_fault_handle.o)
                0x000000003000912c                HANDLER_UsageFault
 .text.HANDLER_HardFault
                0x0000000030009144       0x18 project_hp/asdk/make/image1/fwlib/lib_fwlib.a(ameba_fault_handle.o)
                0x0000000030009144                HANDLER_HardFault
 .text.Fault_Handler
                0x000000003000915c      0x14c project_hp/asdk/make/image1/fwlib/lib_fwlib.a(ameba_fault_handle.o)
                0x000000003000915c                Fault_Handler
 .text.Fault_Hanlder_Redirect
                0x00000000300092a8       0x40 project_hp/asdk/make/image1/fwlib/lib_fwlib.a(ameba_fault_handle.o)
                0x00000000300092a8                Fault_Hanlder_Redirect
 .text.rtk_log_level_get
                0x00000000300092e8       0x64 project_hp/asdk/make/image1/swlib/lib_swlib.a(log.o)
                0x00000000300092e8                rtk_log_level_get
 .text.rtk_log_write
                0x000000003000934c       0x50 project_hp/asdk/make/image1/swlib/lib_swlib.a(log.o)
                0x000000003000934c                rtk_log_write
 .text.rtk_log_write_nano
                0x000000003000939c       0x50 project_hp/asdk/make/image1/swlib/lib_swlib.a(log.o)
                0x000000003000939c                rtk_log_write_nano
 .text.flash_init_userdef
                0x00000000300093ec       0x60 project_hp/asdk/make/image1/amebasmart/lib_usrcfg.a(ameba_flashcfg.o)
                0x00000000300093ec                flash_init_userdef
 .text.nand_init_userdef
                0x000000003000944c       0x74 project_hp/asdk/make/image1/amebasmart/lib_usrcfg.a(ameba_flashcfg.o)
                0x000000003000944c                nand_init_userdef
 .text.flash_get_layout_info
                0x00000000300094c0       0x6c project_hp/asdk/make/image1/amebasmart/lib_usrcfg.a(ameba_flashcfg.o)
                0x00000000300094c0                flash_get_layout_info
 .text.flash_get_layout_info_by_addr
                0x000000003000952c       0x64 project_hp/asdk/make/image1/amebasmart/lib_usrcfg.a(ameba_flashcfg.o)
                0x000000003000952c                flash_get_layout_info_by_addr
 .text.TaskExitError
                0x0000000030009590        0x4 /home/auto_jenkins_wlan5/IOT_ATS/repos/Release_SDK_Linux/Release_Sdk/sources/firmware/amebasmart_gcc_project/project_hp/asdk/lib/soc/lib_crashdump.a(ameba_v8m_backtrace.o)
                0x0000000030009590                TaskExitError
 .text.thumb_backtrace_from_stack
                0x0000000030009594      0x22c /home/auto_jenkins_wlan5/IOT_ATS/repos/Release_SDK_Linux/Release_Sdk/sources/firmware/amebasmart_gcc_project/project_hp/asdk/lib/soc/lib_crashdump.a(ameba_v8m_backtrace.o)
 .text.do_stack_backtrace
                0x00000000300097c0       0xa8 /home/auto_jenkins_wlan5/IOT_ATS/repos/Release_SDK_Linux/Release_Sdk/sources/firmware/amebasmart_gcc_project/project_hp/asdk/lib/soc/lib_crashdump.a(ameba_v8m_backtrace.o)
                0x00000000300097c0                do_stack_backtrace
 .text.crash_dump_memory
                0x0000000030009868       0xb4 /home/auto_jenkins_wlan5/IOT_ATS/repos/Release_SDK_Linux/Release_Sdk/sources/firmware/amebasmart_gcc_project/project_hp/asdk/lib/soc/lib_crashdump.a(ameba_v8m_crashdump.o)
                0x0000000030009868                crash_dump_memory
 .text.crash_dump
                0x000000003000991c      0x1dc /home/auto_jenkins_wlan5/IOT_ATS/repos/Release_SDK_Linux/Release_Sdk/sources/firmware/amebasmart_gcc_project/project_hp/asdk/lib/soc/lib_crashdump.a(ameba_v8m_crashdump.o)
                0x000000003000991c                crash_dump
 .text.fault_diagnosis
                0x0000000030009af8      0x428 /home/auto_jenkins_wlan5/IOT_ATS/repos/Release_SDK_Linux/Release_Sdk/sources/firmware/amebasmart_gcc_project/project_hp/asdk/lib/soc/lib_crashdump.a(ameba_v8m_fault_diagnosis.o)
                0x0000000030009af8                fault_diagnosis
 .text.ChipInfo_Invalid
                0x0000000030009f20       0x28 /home/auto_jenkins_wlan5/IOT_ATS/repos/Release_SDK_Linux/Release_Sdk/sources/firmware/amebasmart_gcc_project/project_hp/asdk/lib/soc/lib_chipinfo.a(ameba_chipinfo_lib.o)
 .text.ChipInfo_Get
                0x0000000030009f48       0x60 /home/auto_jenkins_wlan5/IOT_ATS/repos/Release_SDK_Linux/Release_Sdk/sources/firmware/amebasmart_gcc_project/project_hp/asdk/lib/soc/lib_chipinfo.a(ameba_chipinfo_lib.o)
                0x0000000030009f48                ChipInfo_Get
 .text.ChipInfo_MemoryType
                0x0000000030009fa8       0x54 /home/auto_jenkins_wlan5/IOT_ATS/repos/Release_SDK_Linux/Release_Sdk/sources/firmware/amebasmart_gcc_project/project_hp/asdk/lib/soc/lib_chipinfo.a(ameba_chipinfo_lib.o)
                0x0000000030009fa8                ChipInfo_MemoryType
 .text.ChipInfo_DDRType
                0x0000000030009ffc       0x4c /home/auto_jenkins_wlan5/IOT_ATS/repos/Release_SDK_Linux/Release_Sdk/sources/firmware/amebasmart_gcc_project/project_hp/asdk/lib/soc/lib_chipinfo.a(ameba_chipinfo_lib.o)
                0x0000000030009ffc                ChipInfo_DDRType
 .text.ChipInfo_MemorySize
                0x000000003000a048       0x38 /home/auto_jenkins_wlan5/IOT_ATS/repos/Release_SDK_Linux/Release_Sdk/sources/firmware/amebasmart_gcc_project/project_hp/asdk/lib/soc/lib_chipinfo.a(ameba_chipinfo_lib.o)
                0x000000003000a048                ChipInfo_MemorySize
 .text.ChipInfo_PsramBoundary
                0x000000003000a080       0xc8 /home/auto_jenkins_wlan5/IOT_ATS/repos/Release_SDK_Linux/Release_Sdk/sources/firmware/amebasmart_gcc_project/project_hp/asdk/lib/soc/lib_chipinfo.a(ameba_chipinfo_lib.o)
                0x000000003000a080                ChipInfo_PsramBoundary
 .text.ChipInfo_MemoryVendor
                0x000000003000a148       0x4c /home/auto_jenkins_wlan5/IOT_ATS/repos/Release_SDK_Linux/Release_Sdk/sources/firmware/amebasmart_gcc_project/project_hp/asdk/lib/soc/lib_chipinfo.a(ameba_chipinfo_lib.o)
                0x000000003000a148                ChipInfo_MemoryVendor
 .text.print_unsigned_num
                0x000000003000a194       0xf8 /home/auto_jenkins_wlan5/IOT_ATS/repos/Release_SDK_Linux/Release_Sdk/sources/firmware/amebasmart_gcc_project/project_hp/asdk/lib/soc/lib_chipinfo.a(ameba_rom_patch.o)
 .text.LOGUART_INTConfig
                0x000000003000a28c       0x50 /home/auto_jenkins_wlan5/IOT_ATS/repos/Release_SDK_Linux/Release_Sdk/sources/firmware/amebasmart_gcc_project/project_hp/asdk/lib/soc/lib_chipinfo.a(ameba_rom_patch.o)
                0x000000003000a28c                LOGUART_INTConfig
 .text.LOGUART_WaitTxComplete
                0x000000003000a2dc       0x30 /home/auto_jenkins_wlan5/IOT_ATS/repos/Release_SDK_Linux/Release_Sdk/sources/firmware/amebasmart_gcc_project/project_hp/asdk/lib/soc/lib_chipinfo.a(ameba_rom_patch.o)
                0x000000003000a2dc                LOGUART_WaitTxComplete
 .text.CPU_ClkGet
                0x000000003000a30c       0xa0 /home/auto_jenkins_wlan5/IOT_ATS/repos/Release_SDK_Linux/Release_Sdk/sources/firmware/amebasmart_gcc_project/project_hp/asdk/lib/soc/lib_chipinfo.a(ameba_rom_patch.o)
                0x000000003000a30c                CPU_ClkGet
 .text.RSIP_IV_Set
                0x000000003000a3ac       0x1c /home/auto_jenkins_wlan5/IOT_ATS/repos/Release_SDK_Linux/Release_Sdk/sources/firmware/amebasmart_gcc_project/project_hp/asdk/lib/soc/lib_chipinfo.a(ameba_rom_patch.o)
                0x000000003000a3ac                RSIP_IV_Set
 .text.RSIP_OTF_Cmd
                0x000000003000a3c8       0x18 /home/auto_jenkins_wlan5/IOT_ATS/repos/Release_SDK_Linux/Release_Sdk/sources/firmware/amebasmart_gcc_project/project_hp/asdk/lib/soc/lib_chipinfo.a(ameba_rom_patch.o)
                0x000000003000a3c8                RSIP_OTF_Cmd
 .text.RSIP_MMU_Config
                0x000000003000a3e0       0x40 /home/auto_jenkins_wlan5/IOT_ATS/repos/Release_SDK_Linux/Release_Sdk/sources/firmware/amebasmart_gcc_project/project_hp/asdk/lib/soc/lib_chipinfo.a(ameba_rom_patch.o)
                0x000000003000a3e0                RSIP_MMU_Config
 .text.RSIP_MMU_Cmd
                0x000000003000a420       0x28 /home/auto_jenkins_wlan5/IOT_ATS/repos/Release_SDK_Linux/Release_Sdk/sources/firmware/amebasmart_gcc_project/project_hp/asdk/lib/soc/lib_chipinfo.a(ameba_rom_patch.o)
                0x000000003000a420                RSIP_MMU_Cmd
 .text.RSIP_MMU_Cache_Clean
                0x000000003000a448       0x10 /home/auto_jenkins_wlan5/IOT_ATS/repos/Release_SDK_Linux/Release_Sdk/sources/firmware/amebasmart_gcc_project/project_hp/asdk/lib/soc/lib_chipinfo.a(ameba_rom_patch.o)
                0x000000003000a448                RSIP_MMU_Cache_Clean
 .text.NAND_RxData
                0x000000003000a458      0x134 /home/auto_jenkins_wlan5/IOT_ATS/repos/Release_SDK_Linux/Release_Sdk/sources/firmware/amebasmart_gcc_project/project_hp/asdk/lib/soc/lib_chipinfo.a(ameba_rom_patch.o)
                0x000000003000a458                NAND_RxData
 .text.NAND_Page_Read
                0x000000003000a58c       0x30 /home/auto_jenkins_wlan5/IOT_ATS/repos/Release_SDK_Linux/Release_Sdk/sources/firmware/amebasmart_gcc_project/project_hp/asdk/lib/soc/lib_chipinfo.a(ameba_rom_patch.o)
                0x000000003000a58c                NAND_Page_Read
 .text.SYSCFG_BootFromNor
                0x000000003000a5bc       0x48 /home/auto_jenkins_wlan5/IOT_ATS/repos/Release_SDK_Linux/Release_Sdk/sources/firmware/amebasmart_gcc_project/project_hp/asdk/lib/soc/lib_chipinfo.a(ameba_rom_patch.o)
                0x000000003000a5bc                SYSCFG_BootFromNor
 .text.SYSCFG_RLVersion
                0x000000003000a604       0x24 /home/auto_jenkins_wlan5/IOT_ATS/repos/Release_SDK_Linux/Release_Sdk/sources/firmware/amebasmart_gcc_project/project_hp/asdk/lib/soc/lib_chipinfo.a(ameba_rom_patch.o)
                0x000000003000a604                SYSCFG_RLVersion
 .text.DiagVprintf
                0x000000003000a628      0x580 /home/auto_jenkins_wlan5/IOT_ATS/repos/Release_SDK_Linux/Release_Sdk/sources/firmware/amebasmart_gcc_project/project_hp/asdk/lib/soc/lib_chipinfo.a(ameba_rom_patch.o)
                0x000000003000a628                DiagVprintf
 .text.DiagPrintf
                0x000000003000aba8       0x1c /home/auto_jenkins_wlan5/IOT_ATS/repos/Release_SDK_Linux/Release_Sdk/sources/firmware/amebasmart_gcc_project/project_hp/asdk/lib/soc/lib_chipinfo.a(ameba_rom_patch.o)
                0x000000003000aba8                DiagPrintf
 .text.DiagVprintfNano
                0x000000003000abc4      0x3d0 /home/auto_jenkins_wlan5/IOT_ATS/repos/Release_SDK_Linux/Release_Sdk/sources/firmware/amebasmart_gcc_project/project_hp/asdk/lib/soc/lib_chipinfo.a(ameba_rom_patch.o)
                0x000000003000abc4                DiagVprintfNano
 .text.DiagPrintfNano
                0x000000003000af94       0x1c /home/auto_jenkins_wlan5/IOT_ATS/repos/Release_SDK_Linux/Release_Sdk/sources/firmware/amebasmart_gcc_project/project_hp/asdk/lib/soc/lib_chipinfo.a(ameba_rom_patch.o)
                0x000000003000af94                DiagPrintfNano
 .text.io_assert_failed
                0x000000003000afb0       0x20 /home/auto_jenkins_wlan5/IOT_ATS/repos/Release_SDK_Linux/Release_Sdk/sources/firmware/amebasmart_gcc_project/project_hp/asdk/lib/soc/lib_chipinfo.a(ameba_rom_patch.o)
                0x000000003000afb0                io_assert_failed
 .text.CRYPTO_SetSecurityModeAD
                0x000000003000afd0      0x194 /home/auto_jenkins_wlan5/IOT_ATS/repos/Release_SDK_Linux/Release_Sdk/sources/firmware/amebasmart_gcc_project/project_hp/asdk/lib/soc/lib_chipinfo.a(ameba_rom_patch.o)
                0x000000003000afd0                CRYPTO_SetSecurityModeAD
 .text.rtl_crypto_hmac_sha2_init
                0x000000003000b164      0x2d8 /home/auto_jenkins_wlan5/IOT_ATS/repos/Release_SDK_Linux/Release_Sdk/sources/firmware/amebasmart_gcc_project/project_hp/asdk/lib/soc/lib_chipinfo.a(ameba_rom_patch.o)
                0x000000003000b164                rtl_crypto_hmac_sha2_init
 .text.RSIP_OTF_Enable
                0x000000003000b43c       0x60 /home/auto_jenkins_wlan5/IOT_ATS/repos/Release_SDK_Linux/Release_Sdk/sources/firmware/amebasmart_gcc_project/project_hp/asdk/lib/soc/lib_chipinfo.a(ameba_rom_patch.o)
                0x000000003000b43c                RSIP_OTF_Enable
 .text.BOOT_VerCheck
                0x000000003000b49c       0xb0 /home/auto_jenkins_wlan5/IOT_ATS/repos/Release_SDK_Linux/Release_Sdk/sources/firmware/amebasmart_gcc_project/project_hp/asdk/lib/soc/lib_bootloader.a(bootloader_hp_lib.o)
                0x000000003000b49c                BOOT_VerCheck
 .text          0x000000003000b54c       0x30 /opt/rtk-toolchain/asdk-10.3.1-4354/linux/newlib/lib/gcc/arm-none-eabi/10.3.1/thumb/v8-m.main+fp/fpu/libgcc.a(_aeabi_uldivmod.o)
                0x000000003000b54c                __aeabi_uldivmod
 .text          0x000000003000b57c       0x26 /opt/rtk-toolchain/asdk-10.3.1-4354/linux/newlib/lib/gcc/arm-none-eabi/10.3.1/thumb/v8-m.main+fp/fpu/libgcc.a(_popcountsi2.o)
                0x000000003000b57c                __popcountsi2
 .text          0x000000003000b5a2      0x2a8 /opt/rtk-toolchain/asdk-10.3.1-4354/linux/newlib/lib/gcc/arm-none-eabi/10.3.1/thumb/v8-m.main+fp/fpu/libgcc.a(_udivmoddi4.o)
                0x000000003000b5a2                __udivmoddi4
 *fill*         0x000000003000b84a        0x2 
 .text          0x000000003000b84c        0x4 /opt/rtk-toolchain/asdk-10.3.1-4354/linux/newlib/lib/gcc/arm-none-eabi/10.3.1/thumb/v8-m.main+fp/fpu/libgcc.a(_dvmd_tls.o)
                0x000000003000b84c                __aeabi_ldiv0
                0x000000003000b84c                __aeabi_idiv0
 .text.__stub   0x000000003000b850       0x38 linker stubs
 *(.boot.rodata*)
 *(.rodata*)
 .rodata.str1.4
                0x000000003000b888      0x325 project_hp/asdk/make/image1/bootloader/lib_bootloader_internal.a(bootloader_hp.o)
                                        0x329 (size before relaxing)
 *fill*         0x000000003000bbad        0x3 
 .rodata        0x000000003000bbb0       0x20 project_hp/asdk/make/image1/bootloader/lib_bootloader_internal.a(bootloader_hp.o)
 .rodata.str1.4
                0x000000003000bbd0       0xde project_hp/asdk/make/image1/bootloader/lib_bootloader_internal.a(boot_security_hp.o)
                                         0xee (size before relaxing)
 *fill*         0x000000003000bcae        0x2 
 .rodata        0x000000003000bcb0       0x18 project_hp/asdk/make/image1/bootloader/lib_bootloader_internal.a(boot_security_hp.o)
 .rodata.str1.4
                0x000000003000bcc8      0x171 project_hp/asdk/make/image1/bootloader/lib_bootloader_internal.a(boot_ota_hp.o)
                                        0x195 (size before relaxing)
 *fill*         0x000000003000be39        0x3 
 .rodata.BOOT_OTA_Extract.str1.4
                0x000000003000be3c       0xc4 project_hp/asdk/make/image1/bootloader/lib_bootloader_internal.a(boot_ota_hp.o)
 .rodata        0x000000003000bf00       0x34 project_hp/asdk/make/image1/bootloader/lib_bootloader_internal.a(boot_ota_hp.o)
 .rodata.ImagePattern
                0x000000003000bf34        0x8 project_hp/asdk/make/image1/bootloader/lib_bootloader_internal.a(boot_ota_hp.o)
 .rodata.str1.4
                0x000000003000bf3c      0x248 project_hp/asdk/make/image1/fwlib/lib_fwlib.a(ameba_flashclk.o)
                                        0x250 (size before relaxing)
 .rodata        0x000000003000c184       0x14 project_hp/asdk/make/image1/fwlib/lib_fwlib.a(ameba_flashclk.o)
 .rodata.NAND_CHECK_IS_BAD_BLOCK.str1.4
                0x000000003000c198       0x1e project_hp/asdk/make/image1/fwlib/lib_fwlib.a(ameba_nandflash.o)
 *fill*         0x000000003000c1b6        0x2 
 .rodata.Nand_L2P_Table.str1.4
                0x000000003000c1b8       0x2a project_hp/asdk/make/image1/fwlib/lib_fwlib.a(ameba_nandflash.o)
 *fill*         0x000000003000c1e2        0x2 
 .rodata.NandImgCopy.str1.4
                0x000000003000c1e4       0x36 project_hp/asdk/make/image1/fwlib/lib_fwlib.a(ameba_nandflash.o)
 *fill*         0x000000003000c21a        0x2 
 .rodata.DDR_PHY_ChipInfo.part.0.str1.4
                0x000000003000c21c       0x23 project_hp/asdk/make/image1/fwlib/lib_fwlib.a(ameba_ddrphy.o)
 *fill*         0x000000003000c23f        0x1 
 .rodata.ddrphy_tx_scan
                0x000000003000c240       0xc0 project_hp/asdk/make/image1/fwlib/lib_fwlib.a(ameba_ddrphy.o)
 .rodata.ddrphy_zq_rx_scan
                0x000000003000c300       0x78 project_hp/asdk/make/image1/fwlib/lib_fwlib.a(ameba_ddrphy.o)
 .rodata.ddr_init_index.str1.4
                0x000000003000c378       0x20 project_hp/asdk/make/image1/fwlib/lib_fwlib.a(ameba_rxi316_dram_init.o)
 .rodata.rxi316_perf_tune.str1.4
                0x000000003000c398       0x78 project_hp/asdk/make/image1/fwlib/lib_fwlib.a(ameba_rxi316_dram_init.o)
 .rodata.rxi316_DynSre_init.str1.4
                0x000000003000c410       0x95 project_hp/asdk/make/image1/fwlib/lib_fwlib.a(ameba_rxi316_dram_init.o)
 *fill*         0x000000003000c4a5        0x3 
 .rodata.PSRAM_INFO_Update.str1.4
                0x000000003000c4a8       0x22 project_hp/asdk/make/image1/fwlib/lib_fwlib.a(ameba_psram.o)
 *fill*         0x000000003000c4ca        0x2 
 .rodata.PSRAM_calibration.str1.4
                0x000000003000c4cc       0x36 project_hp/asdk/make/image1/fwlib/lib_fwlib.a(ameba_psram.o)
 *fill*         0x000000003000c502        0x2 
 .rodata.SWR_MEM_Mode_Set.str1.4
                0x000000003000c504       0x8c project_hp/asdk/make/image1/fwlib/lib_fwlib.a(ameba_swr.o)
 .rodata.OTP_ProgramMarginRead8.str1.4
                0x000000003000c590       0x34 project_hp/asdk/make/image1/fwlib/lib_fwlib.a(ameba_otp.o)
 .rodata.PLL_I2S_Div.str1.4
                0x000000003000c5c4       0x8c project_hp/asdk/make/image1/fwlib/lib_fwlib.a(ameba_pll.o)
 .rodata.ipc_send_message.str1.4
                0x000000003000c650       0x90 project_hp/asdk/make/image1/fwlib/lib_fwlib.a(ameba_ipc_api.o)
 .rodata.Fault_Handler.str1.4
                0x000000003000c6e0       0xd0 project_hp/asdk/make/image1/fwlib/lib_fwlib.a(ameba_fault_handle.o)
 .rodata.rtk_log_write.str1.4
                0x000000003000c7b0        0x9 project_hp/asdk/make/image1/swlib/lib_swlib.a(log.o)
 *fill*         0x000000003000c7b9        0x3 
 .rodata.mpc1_config
                0x000000003000c7bc       0x60 project_hp/asdk/make/image1/amebasmart/lib_usrcfg.a(ameba_boot_trustzonecfg.o)
                0x000000003000c7bc                mpc1_config
 .rodata.mpc2_config
                0x000000003000c81c       0x60 project_hp/asdk/make/image1/amebasmart/lib_usrcfg.a(ameba_boot_trustzonecfg.o)
                0x000000003000c81c                mpc2_config
 .rodata.sau_config
                0x000000003000c87c       0x60 project_hp/asdk/make/image1/amebasmart/lib_usrcfg.a(ameba_boot_trustzonecfg.o)
                0x000000003000c87c                sau_config
 .rodata.flash_get_layout_info.str1.4
                0x000000003000c8dc       0x27 project_hp/asdk/make/image1/amebasmart/lib_usrcfg.a(ameba_flashcfg.o)
                                         0x2e (size before relaxing)
 *fill*         0x000000003000c903        0x1 
 .rodata.flash_get_layout_info_by_addr.str1.4
                0x000000003000c904       0x29 project_hp/asdk/make/image1/amebasmart/lib_usrcfg.a(ameba_flashcfg.o)
 *fill*         0x000000003000c92d        0x3 
 .rodata.Flash_AVL
                0x000000003000c930      0x118 project_hp/asdk/make/image1/amebasmart/lib_usrcfg.a(ameba_flashcfg.o)
                0x000000003000c930                Flash_AVL
 .rodata.Flash_ReadMode
                0x000000003000ca48        0x2 project_hp/asdk/make/image1/amebasmart/lib_usrcfg.a(ameba_flashcfg.o)
                0x000000003000ca48                Flash_ReadMode
 .rodata.Flash_Speed
                0x000000003000ca4a        0x2 project_hp/asdk/make/image1/amebasmart/lib_usrcfg.a(ameba_flashcfg.o)
                0x000000003000ca4a                Flash_Speed
 .rodata.NAND_AVL
                0x000000003000ca4c       0x8c project_hp/asdk/make/image1/amebasmart/lib_usrcfg.a(ameba_flashcfg.o)
                0x000000003000ca4c                NAND_AVL
 .rodata.do_stack_backtrace.str1.4
                0x000000003000cad8      0x148 /home/auto_jenkins_wlan5/IOT_ATS/repos/Release_SDK_Linux/Release_Sdk/sources/firmware/amebasmart_gcc_project/project_hp/asdk/lib/soc/lib_crashdump.a(ameba_v8m_backtrace.o)
                                        0x14c (size before relaxing)
 .rodata.crash_dump_memory.str1.4
                0x000000003000cc20       0x88 /home/auto_jenkins_wlan5/IOT_ATS/repos/Release_SDK_Linux/Release_Sdk/sources/firmware/amebasmart_gcc_project/project_hp/asdk/lib/soc/lib_crashdump.a(ameba_v8m_crashdump.o)
                                         0x8a (size before relaxing)
 .rodata.crash_dump.str1.4
                0x000000003000cca8      0x129 /home/auto_jenkins_wlan5/IOT_ATS/repos/Release_SDK_Linux/Release_Sdk/sources/firmware/amebasmart_gcc_project/project_hp/asdk/lib/soc/lib_crashdump.a(ameba_v8m_crashdump.o)
 *fill*         0x000000003000cdd1        0x3 
 .rodata.str1.4
                0x000000003000cdd4       0x27 /home/auto_jenkins_wlan5/IOT_ATS/repos/Release_SDK_Linux/Release_Sdk/sources/firmware/amebasmart_gcc_project/project_hp/asdk/lib/soc/lib_crashdump.a(ameba_v8m_crashdump.o)
 *fill*         0x000000003000cdfb        0x1 
 .rodata.register_string
                0x000000003000cdfc       0x38 /home/auto_jenkins_wlan5/IOT_ATS/repos/Release_SDK_Linux/Release_Sdk/sources/firmware/amebasmart_gcc_project/project_hp/asdk/lib/soc/lib_crashdump.a(ameba_v8m_crashdump.o)
 .rodata.fault_diagnosis.str1.4
                0x000000003000ce34      0x8c4 /home/auto_jenkins_wlan5/IOT_ATS/repos/Release_SDK_Linux/Release_Sdk/sources/firmware/amebasmart_gcc_project/project_hp/asdk/lib/soc/lib_crashdump.a(ameba_v8m_fault_diagnosis.o)
 .rodata.ChipInfo_Invalid.str1.4
                0x000000003000d6f8       0x29 /home/auto_jenkins_wlan5/IOT_ATS/repos/Release_SDK_Linux/Release_Sdk/sources/firmware/amebasmart_gcc_project/project_hp/asdk/lib/soc/lib_chipinfo.a(ameba_chipinfo_lib.o)
 *fill*         0x000000003000d721        0x3 
 .rodata.ChipInfo_Get.str1.4
                0x000000003000d724       0x22 /home/auto_jenkins_wlan5/IOT_ATS/repos/Release_SDK_Linux/Release_Sdk/sources/firmware/amebasmart_gcc_project/project_hp/asdk/lib/soc/lib_chipinfo.a(ameba_chipinfo_lib.o)
 *fill*         0x000000003000d746        0x2 
 .rodata.ChipInfo_PsramBoundary.str1.4
                0x000000003000d748       0x7a /home/auto_jenkins_wlan5/IOT_ATS/repos/Release_SDK_Linux/Release_Sdk/sources/firmware/amebasmart_gcc_project/project_hp/asdk/lib/soc/lib_chipinfo.a(ameba_chipinfo_lib.o)
 *fill*         0x000000003000d7c2        0x2 
 .rodata.CSWTCH.16
                0x000000003000d7c4       0x10 /home/auto_jenkins_wlan5/IOT_ATS/repos/Release_SDK_Linux/Release_Sdk/sources/firmware/amebasmart_gcc_project/project_hp/asdk/lib/soc/lib_chipinfo.a(ameba_chipinfo_lib.o)
 .rodata.CSWTCH.17
                0x000000003000d7d4       0x10 /home/auto_jenkins_wlan5/IOT_ATS/repos/Release_SDK_Linux/Release_Sdk/sources/firmware/amebasmart_gcc_project/project_hp/asdk/lib/soc/lib_chipinfo.a(ameba_chipinfo_lib.o)
 .rodata.Memory_Info
                0x000000003000d7e4       0x60 /home/auto_jenkins_wlan5/IOT_ATS/repos/Release_SDK_Linux/Release_Sdk/sources/firmware/amebasmart_gcc_project/project_hp/asdk/lib/soc/lib_chipinfo.a(ameba_chipinfo_lib.o)
                0x000000003000d7e4                Memory_Info
 .rodata.Pinmux_Config.str1.4
                0x000000003000d844       0x6d /home/auto_jenkins_wlan5/IOT_ATS/repos/Release_SDK_Linux/Release_Sdk/sources/firmware/amebasmart_gcc_project/project_hp/asdk/lib/soc/lib_chipinfo.a(ameba_rom_patch.o)
 *fill*         0x000000003000d8b1        0x3 
 .rodata.io_assert_failed.str1.4
                0x000000003000d8b4       0x34 /home/auto_jenkins_wlan5/IOT_ATS/repos/Release_SDK_Linux/Release_Sdk/sources/firmware/amebasmart_gcc_project/project_hp/asdk/lib/soc/lib_chipinfo.a(ameba_rom_patch.o)
                                         0x36 (size before relaxing)
 .rodata.GPIO_Init.str1.4
                0x000000003000d8e8       0x8e /home/auto_jenkins_wlan5/IOT_ATS/repos/Release_SDK_Linux/Release_Sdk/sources/firmware/amebasmart_gcc_project/project_hp/asdk/lib/soc/lib_chipinfo.a(ameba_rom_patch.o)
 *fill*         0x000000003000d976        0x2 
 .rodata.CRYPTO_SetSecurityModeAD.str1.4
                0x000000003000d978       0x21 /home/auto_jenkins_wlan5/IOT_ATS/repos/Release_SDK_Linux/Release_Sdk/sources/firmware/amebasmart_gcc_project/project_hp/asdk/lib/soc/lib_chipinfo.a(ameba_rom_patch.o)
 *fill*         0x000000003000d999        0x3 
 .rodata.BOOT_VerCheck.str1.4
                0x000000003000d99c      0x1fa /home/auto_jenkins_wlan5/IOT_ATS/repos/Release_SDK_Linux/Release_Sdk/sources/firmware/amebasmart_gcc_project/project_hp/asdk/lib/soc/lib_bootloader.a(bootloader_hp_lib.o)
                                        0x206 (size before relaxing)
                0x000000003000db98                . = ALIGN (0x4)
 *fill*         0x000000003000db96        0x2 

.glue_7         0x000000003000db98        0x0
 .glue_7        0x000000003000db98        0x0 linker stubs

.glue_7t        0x000000003000db98        0x0
 .glue_7t       0x000000003000db98        0x0 linker stubs

.vfp11_veneer   0x000000003000db98        0x0
 .vfp11_veneer  0x000000003000db98        0x0 linker stubs

.v4_bx          0x000000003000db98        0x0
 .v4_bx         0x000000003000db98        0x0 linker stubs

.iplt           0x000000003000db98        0x0
 .iplt          0x000000003000db98        0x0 project_hp/asdk/make/image1/bootloader/lib_bootloader_internal.a(bootloader_hp.o)

.igot.plt       0x000000003000db98        0x0
 .igot.plt      0x000000003000db98        0x0 project_hp/asdk/make/image1/bootloader/lib_bootloader_internal.a(bootloader_hp.o)

.rel.dyn        0x000000003000db98        0x0
 .rel.iplt      0x000000003000db98        0x0 project_hp/asdk/make/image1/bootloader/lib_bootloader_internal.a(bootloader_hp.o)

.ARM.exidx      0x000000003000db98        0x8
 .ARM.exidx     0x000000003000db98        0x8 /opt/rtk-toolchain/asdk-10.3.1-4354/linux/newlib/lib/gcc/arm-none-eabi/10.3.1/thumb/v8-m.main+fp/fpu/libgcc.a(_udivmoddi4.o)

.ram_image1.data
                0x000000003000dba0      0x6e0
                0x000000003000dba0                __ram_image1_data_start__ = .
 *(.boot.ram.data*)
 *(.data*)
 .data.s_chipinfo_ddr.0
                0x000000003000dba0        0x1 project_hp/asdk/make/image1/fwlib/lib_fwlib.a(ameba_ddrphy.o)
 *fill*         0x000000003000dba1        0x3 
 .data.ddr2_dq16_bus_addr_remap_info
                0x000000003000dba4       0x20 project_hp/asdk/make/image1/fwlib/lib_fwlib.a(ameba_rxi316_dram_init.o)
                0x000000003000dba4                ddr2_dq16_bus_addr_remap_info
 .data.ddr2_dq16_bus_addr_remap_info_256m
                0x000000003000dbc4       0x20 project_hp/asdk/make/image1/fwlib/lib_fwlib.a(ameba_rxi316_dram_init.o)
                0x000000003000dbc4                ddr2_dq16_bus_addr_remap_info_256m
 .data.ddr2_dq16_bus_addr_remap_info_512m
                0x000000003000dbe4       0x20 project_hp/asdk/make/image1/fwlib/lib_fwlib.a(ameba_rxi316_dram_init.o)
                0x000000003000dbe4                ddr2_dq16_bus_addr_remap_info_512m
 .data.rxi316_ddr2_dev
                0x000000003000dc04        0xc project_hp/asdk/make/image1/fwlib/lib_fwlib.a(ameba_rxi316_dram_init.o)
                0x000000003000dc04                rxi316_ddr2_dev
 .data.rxi316_ddr2_dev_256m
                0x000000003000dc10        0xc project_hp/asdk/make/image1/fwlib/lib_fwlib.a(ameba_rxi316_dram_init.o)
                0x000000003000dc10                rxi316_ddr2_dev_256m
 .data.rxi316_ddr2_dev_512m
                0x000000003000dc1c        0xc project_hp/asdk/make/image1/fwlib/lib_fwlib.a(ameba_rxi316_dram_init.o)
                0x000000003000dc1c                rxi316_ddr2_dev_512m
 .data.rxi316_ddr2_dramc_info_ddr2_dev
                0x000000003000dc28        0xc project_hp/asdk/make/image1/fwlib/lib_fwlib.a(ameba_rxi316_dram_init.o)
                0x000000003000dc28                rxi316_ddr2_dramc_info_ddr2_dev
 .data.rxi316_ddr2_dramc_info_ddr2_dev_256m
                0x000000003000dc34        0xc project_hp/asdk/make/image1/fwlib/lib_fwlib.a(ameba_rxi316_dram_init.o)
                0x000000003000dc34                rxi316_ddr2_dramc_info_ddr2_dev_256m
 .data.rxi316_ddr2_dramc_info_ddr2_dev_512m
                0x000000003000dc40        0xc project_hp/asdk/make/image1/fwlib/lib_fwlib.a(ameba_rxi316_dram_init.o)
                0x000000003000dc40                rxi316_ddr2_dramc_info_ddr2_dev_512m
 .data.rxi316_ddr2_dramc_info_ddr3_dev
                0x000000003000dc4c        0xc project_hp/asdk/make/image1/fwlib/lib_fwlib.a(ameba_rxi316_dram_init.o)
                0x000000003000dc4c                rxi316_ddr2_dramc_info_ddr3_dev
 .data.rxi316_ddr2_dramc_info_lpddr1_dev
                0x000000003000dc58        0xc project_hp/asdk/make/image1/fwlib/lib_fwlib.a(ameba_rxi316_dram_init.o)
                0x000000003000dc58                rxi316_ddr2_dramc_info_lpddr1_dev
 .data.rxi316_ddr2_mode_reg_1066mhz
                0x000000003000dc64       0x48 project_hp/asdk/make/image1/fwlib/lib_fwlib.a(ameba_rxi316_dram_init.o)
                0x000000003000dc64                rxi316_ddr2_mode_reg_1066mhz
 .data.rxi316_ddr2_timing_1066mhz
                0x000000003000dcac       0x64 project_hp/asdk/make/image1/fwlib/lib_fwlib.a(ameba_rxi316_dram_init.o)
                0x000000003000dcac                rxi316_ddr2_timing_1066mhz
 .data.rxi316_ddr3_dev
                0x000000003000dd10        0xc project_hp/asdk/make/image1/fwlib/lib_fwlib.a(ameba_rxi316_dram_init.o)
                0x000000003000dd10                rxi316_ddr3_dev
 .data.rxi316_ddr3_mode_reg_1066mhz
                0x000000003000dd1c       0x48 project_hp/asdk/make/image1/fwlib/lib_fwlib.a(ameba_rxi316_dram_init.o)
                0x000000003000dd1c                rxi316_ddr3_mode_reg_1066mhz
 .data.rxi316_ddr3_timing_1066mhz
                0x000000003000dd64       0x64 project_hp/asdk/make/image1/fwlib/lib_fwlib.a(ameba_rxi316_dram_init.o)
                0x000000003000dd64                rxi316_ddr3_timing_1066mhz
 .data.rxi316_dram_ctrl_common
                0x000000003000ddc8       0x70 project_hp/asdk/make/image1/fwlib/lib_fwlib.a(ameba_rxi316_dram_init.o)
                0x000000003000ddc8                rxi316_dram_ctrl_common
 .data.rxi316_dram_info_m
                0x000000003000de38       0x14 project_hp/asdk/make/image1/fwlib/lib_fwlib.a(ameba_rxi316_dram_init.o)
                0x000000003000de38                rxi316_dram_info_m
 .data.rxi316_dram_info_m_ddr2_dev
                0x000000003000de4c       0x18 project_hp/asdk/make/image1/fwlib/lib_fwlib.a(ameba_rxi316_dram_init.o)
                0x000000003000de4c                rxi316_dram_info_m_ddr2_dev
 .data.rxi316_dram_info_m_ddr2_dev_256m
                0x000000003000de64       0x18 project_hp/asdk/make/image1/fwlib/lib_fwlib.a(ameba_rxi316_dram_init.o)
                0x000000003000de64                rxi316_dram_info_m_ddr2_dev_256m
 .data.rxi316_dram_info_m_ddr2_dev_512m
                0x000000003000de7c       0x18 project_hp/asdk/make/image1/fwlib/lib_fwlib.a(ameba_rxi316_dram_init.o)
                0x000000003000de7c                rxi316_dram_info_m_ddr2_dev_512m
 .data.rxi316_dram_info_m_ddr3_dev
                0x000000003000de94       0x18 project_hp/asdk/make/image1/fwlib/lib_fwlib.a(ameba_rxi316_dram_init.o)
                0x000000003000de94                rxi316_dram_info_m_ddr3_dev
 .data.rxi316_dram_info_m_lpddr1_dev
                0x000000003000deac       0x18 project_hp/asdk/make/image1/fwlib/lib_fwlib.a(ameba_rxi316_dram_init.o)
                0x000000003000deac                rxi316_dram_info_m_lpddr1_dev
 .data.rxi316_lpddr1_dev
                0x000000003000dec4        0xc project_hp/asdk/make/image1/fwlib/lib_fwlib.a(ameba_rxi316_dram_init.o)
                0x000000003000dec4                rxi316_lpddr1_dev
 .data.rxi316_lpddr1_mode_reg_400mhz
                0x000000003000ded0       0x48 project_hp/asdk/make/image1/fwlib/lib_fwlib.a(ameba_rxi316_dram_init.o)
                0x000000003000ded0                rxi316_lpddr1_mode_reg_400mhz
 .data.rxi316_lpddr1_timing_400mhz
                0x000000003000df18       0x64 project_hp/asdk/make/image1/fwlib/lib_fwlib.a(ameba_rxi316_dram_init.o)
                0x000000003000df18                rxi316_lpddr1_timing_400mhz
 .data.slot_starve_info
                0x000000003000df7c       0x54 project_hp/asdk/make/image1/fwlib/lib_fwlib.a(ameba_rxi316_dram_init.o)
                0x000000003000df7c                slot_starve_info
 .data.APM_WR_INIT_LATENCY_SPEC
                0x000000003000dfd0        0x6 project_hp/asdk/make/image1/fwlib/lib_fwlib.a(ameba_psram.o)
                0x000000003000dfd0                APM_WR_INIT_LATENCY_SPEC
 *fill*         0x000000003000dfd6        0x2 
 .data.PSRAM_CALIB_PATTERN
                0x000000003000dfd8       0x18 project_hp/asdk/make/image1/fwlib/lib_fwlib.a(ameba_psram.o)
 .data.WB_WR_INIT_LATENCY_SPEC
                0x000000003000dff0        0x5 project_hp/asdk/make/image1/fwlib/lib_fwlib.a(ameba_psram.o)
                0x000000003000dff0                WB_WR_INIT_LATENCY_SPEC
 .data.Swr_Calib_AUD_PFM_Times
                0x000000003000dff5        0x1 project_hp/asdk/make/image1/fwlib/lib_fwlib.a(ameba_swr_calib.o)
 .data.Swr_Calib_AUD_PWM_Times
                0x000000003000dff6        0x1 project_hp/asdk/make/image1/fwlib/lib_fwlib.a(ameba_swr_calib.o)
 .data.Swr_Calib_MEM_PFM_Times
                0x000000003000dff7        0x1 project_hp/asdk/make/image1/fwlib/lib_fwlib.a(ameba_swr_calib.o)
 .data.Swr_Calib_MEM_PWM_Times
                0x000000003000dff8        0x1 project_hp/asdk/make/image1/fwlib/lib_fwlib.a(ameba_swr_calib.o)
 .data.rtk_log_default_level
                0x000000003000dff9        0x1 project_hp/asdk/make/image1/swlib/lib_swlib.a(log.o)
                0x000000003000dff9                rtk_log_default_level
 .data.Boot_AP_Enbale
                0x000000003000dffa        0x1 project_hp/asdk/make/image1/amebasmart/lib_usrcfg.a(ameba_bootcfg.o)
                0x000000003000dffa                Boot_AP_Enbale
 *fill*         0x000000003000dffb        0x1 
 .data.CACHETCM_Def
                0x000000003000dffc       0xc4 project_hp/asdk/make/image1/amebasmart/lib_usrcfg.a(ameba_bootcfg.o)
                0x000000003000dffc                CACHETCM_Def
 .data.CACHEWRR_Def
                0x000000003000e0c0       0x20 project_hp/asdk/make/image1/amebasmart/lib_usrcfg.a(ameba_bootcfg.o)
                0x000000003000e0c0                CACHEWRR_Def
 .data.Cert_PKHash_OTP_ADDR
                0x000000003000e0e0        0x4 project_hp/asdk/make/image1/amebasmart/lib_usrcfg.a(ameba_bootcfg.o)
                0x000000003000e0e0                Cert_PKHash_OTP_ADDR
 .data.RCC_Config
                0x000000003000e0e4       0x9c project_hp/asdk/make/image1/amebasmart/lib_usrcfg.a(ameba_bootcfg.o)
                0x000000003000e0e4                RCC_Config
 .data.SocClk_Info
                0x000000003000e180       0x14 project_hp/asdk/make/image1/amebasmart/lib_usrcfg.a(ameba_bootcfg.o)
                0x000000003000e180                SocClk_Info
 .data.Flash_Layout_Nand
                0x000000003000e194       0x6c project_hp/asdk/make/image1/amebasmart/lib_usrcfg.a(ameba_flashcfg.o)
                0x000000003000e194                Flash_Layout_Nand
 .data.Flash_Layout_Nor
                0x000000003000e200       0x6c project_hp/asdk/make/image1/amebasmart/lib_usrcfg.a(ameba_flashcfg.o)
                0x000000003000e200                Flash_Layout_Nor
 .data.max_depth
                0x000000003000e26c        0x4 /home/auto_jenkins_wlan5/IOT_ATS/repos/Release_SDK_Linux/Release_Sdk/sources/firmware/amebasmart_gcc_project/project_hp/asdk/lib/soc/lib_crashdump.a(ameba_v8m_backtrace.o)
 .data.Chipinfo.0
                0x000000003000e270        0x1 /home/auto_jenkins_wlan5/IOT_ATS/repos/Release_SDK_Linux/Release_Sdk/sources/firmware/amebasmart_gcc_project/project_hp/asdk/lib/soc/lib_chipinfo.a(ameba_chipinfo_lib.o)
                0x000000003000e280                . = ALIGN (0x10)
 *fill*         0x000000003000e271        0xf 
                0x000000003000e280                __ram_image1_data_end__ = .
                0x000000003000e280                __ram_image1_text_end__ = .

.ram_image1.bss
                0x000000003000e280      0x908
                0x000000003000e280                __image1_bss_start__ = .
 *(.boot.ram.bss*)
 *(.bss*)
 .bss.PMC_S_BK  0x000000003000e280       0x6c project_hp/asdk/make/image1/bootloader/lib_bootloader_internal.a(bootloader_hp.o)
                0x000000003000e280                PMC_S_BK
 .bss.PSRAM_CAL_BK
                0x000000003000e2ec        0x4 project_hp/asdk/make/image1/bootloader/lib_bootloader_internal.a(bootloader_hp.o)
                0x000000003000e2ec                PSRAM_CAL_BK
 .bss.SecureBootEn
                0x000000003000e2f0        0x1 project_hp/asdk/make/image1/bootloader/lib_bootloader_internal.a(boot_security_hp.o)
                0x000000003000e2f0                SecureBootEn
 *fill*         0x000000003000e2f1        0x3 
 .bss.Cert      0x000000003000e2f4      0x2c8 project_hp/asdk/make/image1/bootloader/lib_bootloader_internal.a(boot_ota_hp.o)
 .bss.Manifest  0x000000003000e5bc      0x320 project_hp/asdk/make/image1/bootloader/lib_bootloader_internal.a(boot_ota_hp.o)
 .bss.OTA_Region
                0x000000003000e8dc       0x18 project_hp/asdk/make/image1/bootloader/lib_bootloader_internal.a(boot_ota_hp.o)
                0x000000003000e8dc                OTA_Region
 .bss.Signature
                0x000000003000e8f4      0x120 project_hp/asdk/make/image1/bootloader/lib_bootloader_internal.a(boot_ota_hp.o)
                0x000000003000e8f4                Signature
 .bss.SubImgInfo
                0x000000003000ea14       0x70 project_hp/asdk/make/image1/bootloader/lib_bootloader_internal.a(boot_ota_hp.o)
 .bss.ValidIMGNum
                0x000000003000ea84        0x1 project_hp/asdk/make/image1/bootloader/lib_bootloader_internal.a(boot_ota_hp.o)
 *fill*         0x000000003000ea85        0x3 
 .bss.Ver       0x000000003000ea88       0x10 project_hp/asdk/make/image1/bootloader/lib_bootloader_internal.a(boot_ota_hp.o)
                0x000000003000ea88                Ver
 .bss.check_config_reg
                0x000000003000ea98        0x1 project_hp/asdk/make/image1/fwlib/lib_fwlib.a(ameba_flashclk.o)
 *fill*         0x000000003000ea99        0x3 
 .bss.current_IC
                0x000000003000ea9c        0x4 project_hp/asdk/make/image1/fwlib/lib_fwlib.a(ameba_flashclk.o)
 .bss.nand_l2p_table
                0x000000003000eaa0        0x8 project_hp/asdk/make/image1/fwlib/lib_fwlib.a(ameba_nandflash.o)
                0x000000003000eaa0                nand_l2p_table
 .bss.s_chipinfo_ddrtpye.1
                0x000000003000eaa8        0x1 project_hp/asdk/make/image1/fwlib/lib_fwlib.a(ameba_ddrphy.o)
 *fill*         0x000000003000eaa9        0x3 
 .bss.PsramInfo
                0x000000003000eaac       0x24 project_hp/asdk/make/image1/fwlib/lib_fwlib.a(ameba_psram.o)
                0x000000003000eaac                PsramInfo
 .bss.ipc_delay
                0x000000003000ead0        0x4 project_hp/asdk/make/image1/fwlib/lib_fwlib.a(ameba_ipc_api.o)
                0x000000003000ead0                ipc_delay
 .bss.ipc_enter
                0x000000003000ead4        0x4 project_hp/asdk/make/image1/fwlib/lib_fwlib.a(ameba_ipc_api.o)
                0x000000003000ead4                ipc_enter
 .bss.ipc_exit  0x000000003000ead8        0x4 project_hp/asdk/make/image1/fwlib/lib_fwlib.a(ameba_ipc_api.o)
                0x000000003000ead8                ipc_exit
 .bss.rtk_log_entry_count
                0x000000003000eadc        0x4 project_hp/asdk/make/image1/swlib/lib_swlib.a(log.o)
 .bss.rtk_log_tag_array
                0x000000003000eae0       0x2c project_hp/asdk/make/image1/swlib/lib_swlib.a(log.o)
                0x000000003000eae0                rtk_log_tag_array
 .bss.Boot_Agg_En
                0x000000003000eb0c        0x1 project_hp/asdk/make/image1/amebasmart/lib_usrcfg.a(ameba_bootcfg.o)
                0x000000003000eb0c                Boot_Agg_En
 .bss.Boot_MemSwr_Only
                0x000000003000eb0d        0x1 project_hp/asdk/make/image1/amebasmart/lib_usrcfg.a(ameba_bootcfg.o)
                0x000000003000eb0d                Boot_MemSwr_Only
 *fill*         0x000000003000eb0e        0x2 
 .bss.Boot_TCM_Size
                0x000000003000eb10        0x4 project_hp/asdk/make/image1/amebasmart/lib_usrcfg.a(ameba_bootcfg.o)
                0x000000003000eb10                Boot_TCM_Size
 .bss.crash_task_info
                0x000000003000eb14        0x4 /home/auto_jenkins_wlan5/IOT_ATS/repos/Release_SDK_Linux/Release_Sdk/sources/firmware/amebasmart_gcc_project/project_hp/asdk/lib/soc/lib_crashdump.a(ameba_v8m_crashdump.o)
                0x000000003000eb14                crash_task_info
 .bss.regs      0x000000003000eb18       0x70 /home/auto_jenkins_wlan5/IOT_ATS/repos/Release_SDK_Linux/Release_Sdk/sources/firmware/amebasmart_gcc_project/project_hp/asdk/lib/soc/lib_crashdump.a(ameba_v8m_crashdump.o)
                0x000000003000eb18                regs
                0x000000003000eb88                __image1_bss_end__ = .

.ram_image2.entry
                0x0000000060000020        0x0
                0x0000000060000020                __ram_image2_text_start__ = .
                0x0000000060000020                __image2_entry_func__ = .
 *(SORT_BY_NAME(.image2.entry.data*))
                [!provide]                        PROVIDE (__vectors_table = 0x0)
                [!provide]                        PROVIDE (BOOT_ROM_OTFCheck = 0x131)
                [!provide]                        PROVIDE (BOOT_ROM_Nor = 0x1fd)
                [!provide]                        PROVIDE (BOOT_ROM_OTPCheck = 0x24d)
                [!provide]                        PROVIDE (BOOT_ROM_SPUFlash = 0x3bd)
                [!provide]                        PROVIDE (BOOT_ROM_InitFlash = 0x421)
                [!provide]                        PROVIDE (BOOT_ROM_CheckBadBlock = 0x5fd)
                [!provide]                        PROVIDE (BOOT_ROM_NandCopy = 0x661)
                [!provide]                        PROVIDE (BOOT_ROM_Copy = 0x785)
                [!provide]                        PROVIDE (BOOT_ROM_LoadImage = 0x7b9)
                [!provide]                        PROVIDE (BOOT_ROM_SignatureCheck = 0x915)
                [!provide]                        PROVIDE (BOOT_ROM_LoaderEntry = 0xa61)
                [!provide]                        PROVIDE (BOOT_ROM_KeyDeriveFunc = 0xa81)
                [!provide]                        PROVIDE (BOOT_ROM_HUKDerive = 0xced)
                [!provide]                        PROVIDE (BOOT_ROM_SecurityConfig = 0xddd)
                [!provide]                        PROVIDE (BOOT_ROM_BootldrSelect = 0xf89)
                [!provide]                        PROVIDE (BOOT_ROM_FromFlash = 0x123d)
                [!provide]                        PROVIDE (BOOT_ROM_InitDebugFlg = 0x1481)
                [!provide]                        PROVIDE (BOOT_ROM_OSC131_Enable = 0x14c1)
                [!provide]                        PROVIDE (BOOT_ROM_ResetVsr = 0x14d9)
                [!provide]                        PROVIDE (CRYPTO_MemDump = 0x1741)
                [!provide]                        PROVIDE (CRYPTO_SetSrcDesc = 0x1869)
                [!provide]                        PROVIDE (CRYPTO_SetDstDesc = 0x18f9)
                [!provide]                        PROVIDE (CRYPTO_CleanCmdOk = 0x1989)
                [!provide]                        PROVIDE (CRYPTO_ClearAllINT = 0x19d5)
                [!provide]                        PROVIDE (CRYPTO_SetCmdBuf = 0x1a1d)
                [!provide]                        PROVIDE (CRYPTO_SrcDescKeyIv = 0x1cc9)
                [!provide]                        PROVIDE (CRYPTO_Reset = 0x21a9)
                [!provide]                        PROVIDE (CRYPTO_SHA_Reset = 0x21f5)
                [!provide]                        PROVIDE (CRYPTO_SetSecurityModeAD = 0x2245)
                0x0000000000002429                PROVIDE (CRYPTO_Init = 0x2429)
                0x0000000000002451                PROVIDE (CRYPTO_SHA_Init = 0x2451)
                0x0000000000002479                PROVIDE (CRYPTO_OTPKey_Init = 0x2479)
                0x00000000000024dd                PROVIDE (CRYPTO_OTPKey_SHA_Init = 0x24dd)
                [!provide]                        PROVIDE (CRYPTO_Cache_Sync = 0x255d)
                [!provide]                        PROVIDE (CRYPTO_ProcessAD = 0x273d)
                [!provide]                        PROVIDE (CRYPTO_SendSeqBuf = 0x2fe5)
                [!provide]                        PROVIDE (CRYPTO_CipherInit = 0x30f1)
                [!provide]                        PROVIDE (CRYPTO_CipherEncryptAD = 0x3115)
                [!provide]                        PROVIDE (CRYPTO_CipherDecryptAD = 0x3149)
                [!provide]                        PROVIDE (SBOOT_SwapData = 0x3181)
                0x000000000000319d                PROVIDE (SBOOT_GetMdType = 0x319d)
                [!provide]                        PROVIDE (SBOOT_EDDSA_Verify_SW = 0x3229)
                [!provide]                        PROVIDE (SBOOT_EDDSA_Verify_HW = 0x3245)
                [!provide]                        PROVIDE (SBOOT_ECDSA_Verify_HW = 0x32d5)
                0x00000000000033ed                PROVIDE (SBOOT_Validate_Algorithm = 0x33ed)
                0x0000000000003431                PROVIDE (SBOOT_Validate_Signature = 0x3431)
                0x0000000000003495                PROVIDE (SBOOT_Validate_PubKey = 0x3495)
                0x0000000000003541                PROVIDE (SBOOT_Validate_ImgHash = 0x3541)
                [!provide]                        PROVIDE (SBOOT_SignatureVerify = 0x3695)
                [!provide]                        PROVIDE (ECDSA_BufSub = 0x3761)
                [!provide]                        PROVIDE (ECDSA_BufCmp = 0x37c9)
                [!provide]                        PROVIDE (ECDSA_HashBuf_Setting = 0x3831)
                [!provide]                        PROVIDE (ECDSA_CurveSel = 0x39b1)
                [!provide]                        PROVIDE (ECDSA_EngRst = 0x3af1)
                [!provide]                        PROVIDE (ECDSA_Cmd = 0x3b05)
                [!provide]                        PROVIDE (ECDSA_KeyGen = 0x3b29)
                [!provide]                        PROVIDE (ECDSA_Sign = 0x3c0d)
                [!provide]                        PROVIDE (ECDSA_Verify = 0x3d3d)
                [!provide]                        PROVIDE (ECDSA_ECDH_Compute_Shared = 0x3e1d)
                [!provide]                        PROVIDE (ECDSA_Basic_Func = 0x3f11)
                [!provide]                        PROVIDE (EDDSA_EngRst = 0x400d)
                [!provide]                        PROVIDE (EDDSA_Cmd = 0x4025)
                [!provide]                        PROVIDE (EDDSA_PubRecover_Cmd = 0x4039)
                [!provide]                        PROVIDE (EDDSA_AutoMode = 0x404d)
                [!provide]                        PROVIDE (EDDSA_ModeSel = 0x4061)
                [!provide]                        PROVIDE (EDDSA_Verify_StepMode = 0x409d)
                [!provide]                        PROVIDE (EDDSA_Verify_HalfAutoMode = 0x4249)
                [!provide]                        PROVIDE (EDDSA_Verify_AutoMode = 0x43d5)
                [!provide]                        PROVIDE (RSA_HW_Init = 0x44ed)
                [!provide]                        PROVIDE (RSA_HW_Cmd = 0x44fd)
                [!provide]                        PROVIDE (RSA_HW_EXP_MOD = 0x4511)
                0x0000000000004641                PROVIDE (rtl_crypto_aes_cbc_init = 0x4641)
                [!provide]                        PROVIDE (rtl_crypto_aes_cbc_encrypt = 0x46a1)
                0x00000000000046f5                PROVIDE (rtl_crypto_aes_cbc_decrypt = 0x46f5)
                [!provide]                        PROVIDE (rtl_crypto_aes_ecb_init = 0x4749)
                [!provide]                        PROVIDE (rtl_crypto_aes_ecb_encrypt = 0x47a9)
                [!provide]                        PROVIDE (rtl_crypto_aes_ecb_decrypt = 0x47e9)
                [!provide]                        PROVIDE (rtl_crypto_aes_ctr_init = 0x4829)
                [!provide]                        PROVIDE (rtl_crypto_aes_ctr_encrypt = 0x4889)
                [!provide]                        PROVIDE (rtl_crypto_aes_ctr_decrypt = 0x48d5)
                [!provide]                        PROVIDE (rtl_crypto_aes_cfb_init = 0x4921)
                [!provide]                        PROVIDE (rtl_crypto_aes_cfb_encrypt = 0x4981)
                [!provide]                        PROVIDE (rtl_crypto_aes_cfb_decrypt = 0x49cd)
                [!provide]                        PROVIDE (rtl_crypto_aes_ofb_init = 0x4a19)
                [!provide]                        PROVIDE (rtl_crypto_aes_ofb_encrypt = 0x4a79)
                [!provide]                        PROVIDE (rtl_crypto_aes_ofb_decrypt = 0x4ac5)
                [!provide]                        PROVIDE (rtl_crypto_aes_gcm_init = 0x4b11)
                [!provide]                        PROVIDE (rtl_crypto_aes_gcm_encrypt = 0x4b71)
                [!provide]                        PROVIDE (rtl_crypto_aes_gcm_decrypt = 0x4c05)
                0x0000000000004c99                PROVIDE (hash_save = 0x4c99)
                [!provide]                        PROVIDE (hash_restore = 0x4d11)
                [!provide]                        PROVIDE (rtl_crypto_sha1_init = 0x4d99)
                [!provide]                        PROVIDE (rtl_crypto_sha1_process = 0x4e2d)
                [!provide]                        PROVIDE (rtl_crypto_sha1_update_rom = 0x4e6d)
                [!provide]                        PROVIDE (rtl_crypto_sha1_update = 0x4ee9)
                [!provide]                        PROVIDE (rtl_crypto_sha1_final = 0x4f55)
                [!provide]                        PROVIDE (rtl_crypto_sha1 = 0x4fd1)
                0x0000000000004ffd                PROVIDE (rtl_crypto_sha2_init = 0x4ffd)
                [!provide]                        PROVIDE (rtl_crypto_sha2_process = 0x52c1)
                [!provide]                        PROVIDE (rtl_crypto_sha2_update_rom = 0x5305)
                0x0000000000005385                PROVIDE (rtl_crypto_sha2_update = 0x5385)
                0x00000000000053f1                PROVIDE (rtl_crypto_sha2_final = 0x53f1)
                [!provide]                        PROVIDE (rtl_crypto_sha2 = 0x5471)
                [!provide]                        PROVIDE (rtl_crypto_hmac_sha1_init = 0x549d)
                [!provide]                        PROVIDE (rtl_crypto_hmac_sha1_process = 0x557d)
                [!provide]                        PROVIDE (rtl_crypto_hmac_sha1_update_rom = 0x55c1)
                [!provide]                        PROVIDE (rtl_crypto_hmac_sha1_update = 0x5645)
                [!provide]                        PROVIDE (rtl_crypto_hmac_sha1_final = 0x56b1)
                [!provide]                        PROVIDE (rtl_crypto_hmac_sha1 = 0x5731)
                [!provide]                        PROVIDE (rtl_crypto_hmac_sha2_init = 0x5761)
                [!provide]                        PROVIDE (rtl_crypto_hmac_sha2_process = 0x5a81)
                [!provide]                        PROVIDE (rtl_crypto_hmac_sha2_update_rom = 0x5ac9)
                0x0000000000005b4d                PROVIDE (rtl_crypto_hmac_sha2_update = 0x5b4d)
                0x0000000000005bb9                PROVIDE (rtl_crypto_hmac_sha2_final = 0x5bb9)
                [!provide]                        PROVIDE (rtl_crypto_hmac_sha2 = 0x5c3d)
                [!provide]                        PROVIDE (md_hash_save = 0x5c6d)
                [!provide]                        PROVIDE (md_hash_restore = 0x5ce5)
                [!provide]                        PROVIDE (rtl_crypto_md5_init = 0x5d6d)
                [!provide]                        PROVIDE (rtl_crypto_md5_process = 0x5df5)
                [!provide]                        PROVIDE (rtl_crypto_md5_update_rom = 0x5e59)
                [!provide]                        PROVIDE (rtl_crypto_md5_update = 0x5ed9)
                [!provide]                        PROVIDE (rtl_crypto_md5_final = 0x5f45)
                [!provide]                        PROVIDE (rtl_crypto_md5 = 0x5fc5)
                [!provide]                        PROVIDE (rtl_crypto_hmac_md5_init = 0x5ff1)
                [!provide]                        PROVIDE (rtl_crypto_hmac_md5_process = 0x60c9)
                [!provide]                        PROVIDE (rtl_crypto_hmac_md5_update_rom = 0x6111)
                [!provide]                        PROVIDE (rtl_crypto_hmac_md5_update = 0x619d)
                [!provide]                        PROVIDE (rtl_crypto_hmac_md5_final = 0x6209)
                [!provide]                        PROVIDE (rtl_crypto_hmac_md5 = 0x628d)
                [!provide]                        PROVIDE (RSIP_OTF_init = 0x62bd)
                [!provide]                        PROVIDE (RSIP_IV_Set = 0x62d1)
                [!provide]                        PROVIDE (RSIP_OTF_Cmd = 0x62f1)
                [!provide]                        PROVIDE (RSIP_OTF_Enable = 0x630d)
                [!provide]                        PROVIDE (RSIP_MMU_Config = 0x6395)
                [!provide]                        PROVIDE (RSIP_MMU_Cmd = 0x63d1)
                [!provide]                        PROVIDE (RSIP_MMU_Cache_Clean = 0x63fd)
                [!provide]                        PROVIDE (boot_rom_ed25519_verify_signature = 0x6411)
                [!provide]                        PROVIDE (boot_rom_ed25519_ge_double_scalarmult_vartime = 0x76f9)
                [!provide]                        PROVIDE (boot_rom_ed25519_ge_frombytes_negate_vartime = 0x7acb)
                [!provide]                        PROVIDE (boot_rom_ed25519_ge_tobytes = 0x7f95)
                [!provide]                        PROVIDE (boot_rom_ed25519_crypto_sign_verify_detached = 0x8119)
                [!provide]                        PROVIDE (boot_rom_ed25519_sc_reduce = 0x833f)
                [!provide]                        PROVIDE (rom_sha512_starts = 0x944f)
                [!provide]                        PROVIDE (rom_sha512_update = 0x9453)
                [!provide]                        PROVIDE (rom_sha512_finish = 0x9457)
                [!provide]                        PROVIDE (rom_sha512 = 0x945b)
                [!provide]                        PROVIDE (rom_sha512_hmac_starts = 0x945f)
                [!provide]                        PROVIDE (rom_sha512_hmac_update = 0x94e9)
                [!provide]                        PROVIDE (rom_sha512_hmac_finish = 0x94ed)
                [!provide]                        PROVIDE (rom_sha512_hmac_reset = 0x9541)
                [!provide]                        PROVIDE (rom_sha512_hmac = 0x955d)
                [!provide]                        PROVIDE (rom_sha512_hkdf = 0x9599)
                0x0000000000009901                PROVIDE (Reset_Handler = 0x9901)
                [!provide]                        PROVIDE (NMI_Handler = 0x9911)
                [!provide]                        PROVIDE (HardFault_Handler = 0x9915)
                [!provide]                        PROVIDE (MemManage_Handler = 0x9919)
                [!provide]                        PROVIDE (BusFault_Handler = 0x991d)
                [!provide]                        PROVIDE (UsageFault_Handler = 0x9921)
                [!provide]                        PROVIDE (SecureFault_Handler = 0x9925)
                [!provide]                        PROVIDE (io_assert_failed = 0x992d)
                0x000000000000994d                PROVIDE (BKUP_Write = 0x994d)
                0x0000000000009979                PROVIDE (BKUP_Read = 0x9979)
                [!provide]                        PROVIDE (BKUP_Set = 0x99a1)
                [!provide]                        PROVIDE (BKUP_Clear = 0x99c9)
                0x00000000000099f5                PROVIDE (XTAL_ClkGet = 0x99f5)
                [!provide]                        PROVIDE (CPU_ClkSet = 0x9a11)
                [!provide]                        PROVIDE (CPU_ClkGet = 0x9a75)
                [!provide]                        PROVIDE (HBUS_ClkSet = 0x9b05)
                [!provide]                        PROVIDE (DelayNop = 0x9b21)
                0x0000000000009b2d                PROVIDE (DelayUs = 0x9b2d)
                0x0000000000009be5                PROVIDE (DelayMs = 0x9be5)
                0x0000000000009c99                PROVIDE (FLASH_SetSpiMode = 0x9c99)
                0x0000000000009db5                PROVIDE (FLASH_RxCmd = 0x9db5)
                [!provide]                        PROVIDE (FLASH_WaitBusy = 0x9e3d)
                [!provide]                        PROVIDE (FLASH_RxData = 0x9ee9)
                [!provide]                        PROVIDE (FLASH_TxCmd = 0x9fc1)
                [!provide]                        PROVIDE (FLASH_WriteEn = 0xa029)
                0x000000000000a04d                PROVIDE (FLASH_TxData = 0xa04d)
                0x000000000000a149                PROVIDE (FLASH_SetStatus = 0xa149)
                [!provide]                        PROVIDE (FLASH_Erase = 0xa16d)
                [!provide]                        PROVIDE (FLASH_DeepPowerDown = 0xa225)
                [!provide]                        PROVIDE (FLASH_SetStatusBits = 0xa279)
                0x000000000000a345                PROVIDE (FLASH_StructInit_Micron = 0xa345)
                0x000000000000a3c5                PROVIDE (FLASH_StructInit_MXIC = 0xa3c5)
                0x000000000000a441                PROVIDE (FLASH_StructInit_GD = 0xa441)
                0x000000000000a4c1                PROVIDE (FLASH_StructInit = 0xa4c1)
                0x000000000000a53d                PROVIDE (FLASH_Init = 0xa53d)
                0x000000000000a559                PROVIDE (GPIO_INTMode = 0xa559)
                [!provide]                        PROVIDE (GPIO_INTConfig = 0xa5cd)
                [!provide]                        PROVIDE (GPIO_INTHandler = 0xa5f9)
                0x000000000000a6f1                PROVIDE (GPIO_Direction = 0xa6f1)
                [!provide]                        PROVIDE (GPIO_Init = 0xa71d)
                [!provide]                        PROVIDE (GPIO_DeInit = 0xa7ad)
                [!provide]                        PROVIDE (GPIO_ReadDataBit = 0xa819)
                0x000000000000a83d                PROVIDE (GPIO_WriteBit = 0xa83d)
                [!provide]                        PROVIDE (GPIO_PortDirection = 0xa871)
                [!provide]                        PROVIDE (GPIO_PortRead = 0xa8a9)
                [!provide]                        PROVIDE (GPIO_PortWrite = 0xa8d5)
                [!provide]                        PROVIDE (GPIO_DebounceClock = 0xa90d)
                [!provide]                        PROVIDE (GPIO_LevelSync = 0xa939)
                [!provide]                        PROVIDE (GPIO_UserRegIrq = 0xa96d)
                [!provide]                        PROVIDE (LOGUART_StructInit = 0xa9ad)
                [!provide]                        PROVIDE (LOGUART_SetBaud = 0xa9e5)
                [!provide]                        PROVIDE (LOGUART_RxCmd = 0xaa91)
                0x000000000000aaa5                PROVIDE (LOGUART_AGGCmd = 0xaaa5)
                0x000000000000aab9                PROVIDE (LOGUART_AGGPathCmd = 0xaab9)
                [!provide]                        PROVIDE (LOGUART_AGGSetTimeOut = 0xab39)
                [!provide]                        PROVIDE (LOGUART_AGGSetThreshold = 0xab55)
                [!provide]                        PROVIDE (LOGUART_AGGSetSyncPattern = 0xab81)
                [!provide]                        PROVIDE (LOGUART_AGGPathAllCmd = 0xab91)
                0x000000000000abb5                PROVIDE (LOGUART_PutChar = 0xabb5)
                [!provide]                        PROVIDE (LOGUART_GetChar = 0xac1d)
                [!provide]                        PROVIDE (LOGUART_Readable = 0xac39)
                [!provide]                        PROVIDE (LOGUART_GetRxCount = 0xac49)
                0x000000000000ac55                PROVIDE (LOGUART_GetIMR = 0xac55)
                0x000000000000ac61                PROVIDE (LOGUART_SetIMR = 0xac61)
                [!provide]                        PROVIDE (LOGUART_INTConfig = 0xac6d)
                [!provide]                        PROVIDE (LOGUART_INTClear = 0xac7d)
                [!provide]                        PROVIDE (LOGUART_GetStatus = 0xac85)
                [!provide]                        PROVIDE (LOGUART_ClearRxFifo = 0xac89)
                [!provide]                        PROVIDE (_LOGUART_Init = 0xaca9)
                [!provide]                        PROVIDE (LOGUART_Init = 0xadfd)
                [!provide]                        PROVIDE (LOGUART_WaitBusy = 0xae61)
                [!provide]                        PROVIDE (LOGUART_WaitTxComplete = 0xaea1)
                [!provide]                        PROVIDE (LOGUART_BT_SendData = 0xaee1)
                [!provide]                        PROVIDE (LOGUART_Relay_StructInit = 0xaf19)
                [!provide]                        PROVIDE (LOGUART_Relay_SetFormat = 0xaf2d)
                [!provide]                        PROVIDE (LOGUART_Relay_SetBaud = 0xaf7d)
                [!provide]                        PROVIDE (LOGUART_Relay_ClearRxFifo = 0xafd5)
                [!provide]                        PROVIDE (LOGUART_Relay_RxCmd = 0xaff9)
                [!provide]                        PROVIDE (LOGUART_MonitorParaConfig = 0xb00d)
                [!provide]                        PROVIDE (LOGUART_LPBaudSet = 0xb055)
                [!provide]                        PROVIDE (LOGUART_Relay_LPSetBaud = 0xb101)
                [!provide]                        PROVIDE (LOGUART_RxMonitorCmd = 0xb161)
                [!provide]                        PROVIDE (LOGUART_RxMonBaudCtrlRegGet = 0xb175)
                [!provide]                        PROVIDE (LOGUART_RxMonitorSatusGet = 0xb179)
                [!provide]                        PROVIDE (LOGUART_DiagInit = 0xb17d)
                [!provide]                        PROVIDE (PAD_DrvStrength = 0xb20d)
                0x000000000000b231                PROVIDE (PAD_PullCtrl = 0xb231)
                [!provide]                        PROVIDE (PAD_SleepPullCtrl = 0xb261)
                [!provide]                        PROVIDE (PAD_ResistorCtrl = 0xb291)
                [!provide]                        PROVIDE (PAD_CMD = 0xb2b5)
                0x000000000000b2d5                PROVIDE (_Pinmux_Config = 0xb2d5)
                [!provide]                        PROVIDE (Pinmux_ConfigGet = 0xb2f1)
                [!provide]                        PROVIDE (Pinmux_UartLogCtrl = 0xb301)
                [!provide]                        PROVIDE (PAD_SpicCtrl = 0xb349)
                [!provide]                        PROVIDE (Pinmux_SpicCtrl = 0xb3a1)
                0x000000000000b465                PROVIDE (Pinmux_Swdoff = 0xb465)
                0x000000000000b479                PROVIDE (RCC_PeriphClockCmd = 0xb479)
                [!provide]                        PROVIDE (RCC_PeriphClockSource_UART = 0xb4ed)
                0x000000000000b569                PROVIDE (RCC_PeriphClockSource_SPIC = 0xb569)
                [!provide]                        PROVIDE (RCC_PeriphClockSource_PSRAM = 0xb585)
                [!provide]                        PROVIDE (RCC_PeriphClockSource_SDM = 0xb59d)
                [!provide]                        PROVIDE (RCC_PeriphClockSource_VADMEM = 0xb5b9)
                [!provide]                        PROVIDE (RCC_PeriphClockSource_AUDIOCODEC = 0xb5d5)
                [!provide]                        PROVIDE (RCC_PeriphClockSource_CTC = 0xb5f1)
                [!provide]                        PROVIDE (RCC_PeriphClockSource_ADC = 0xb60d)
                [!provide]                        PROVIDE (RCC_PeriphClockSource_GPIO = 0xb629)
                [!provide]                        PROVIDE (RCC_PeriphClockSource_SPORT = 0xb645)
                [!provide]                        PROVIDE (RCC_PeriphClockSource_32K = 0xb6ad)
                [!provide]                        PROVIDE (RCC_PeriphClockSource_LOGUART = 0xb6c5)
                0x000000000000b7e9                PROVIDE (NAND_SetSpiMode = 0xb7e9)
                0x000000000000b8c1                PROVIDE (NAND_RxCmd = 0xb8c1)
                0x000000000000b991                PROVIDE (NAND_GetStatus = 0xb991)
                0x000000000000b9c1                PROVIDE (NAND_WaitBusy = 0xb9c1)
                [!provide]                        PROVIDE (NAND_RxData = 0xba61)
                [!provide]                        PROVIDE (NAND_Page_Read_FromCache = 0xbb15)
                0x000000000000bb19                PROVIDE (NAND_TxCmd = 0xbb19)
                0x000000000000bbe9                PROVIDE (NAND_WriteEn = 0xbbe9)
                [!provide]                        PROVIDE (NAND_TxData = 0xbc15)
                [!provide]                        PROVIDE (NAND_Page_Write_Data_Xfer = 0xbce9)
                0x000000000000bd0d                PROVIDE (NAND_SetStatus = 0xbd0d)
                [!provide]                        PROVIDE (NAND_Erase = 0xbd41)
                0x000000000000bd85                PROVIDE (NAND_Page_Read_ArrayToCache = 0xbd85)
                [!provide]                        PROVIDE (NAND_Page_Read = 0xbdbd)
                0x000000000000bde5                PROVIDE (NAND_Page_Write_Program_Execute = 0xbde5)
                [!provide]                        PROVIDE (NAND_Page_Write = 0xbe25)
                [!provide]                        PROVIDE (NAND_SetStatusBits = 0xbe4d)
                0x000000000000be71                PROVIDE (NAND_StructInit_Micron = 0xbe71)
                0x000000000000bee9                PROVIDE (NAND_StructInit_MXIC = 0xbee9)
                0x000000000000bf59                PROVIDE (NAND_StructInit_GD = 0xbf59)
                0x000000000000bfcd                PROVIDE (NAND_StructInit = 0xbfcd)
                0x000000000000c045                PROVIDE (NAND_Init = 0xc045)
                [!provide]                        PROVIDE (SYSCFG_GetChipInfo = 0xc061)
                [!provide]                        PROVIDE (SYSCFG_CUTVersion = 0xc06d)
                [!provide]                        PROVIDE (SYSCFG_TRP_UARTImage = 0xc07d)
                [!provide]                        PROVIDE (SYSCFG_TRP_ICFG = 0xc08d)
                0x000000000000c09d                PROVIDE (SYSCFG_TRP_TestMode = 0xc09d)
                0x000000000000c0ad                PROVIDE (SYSCFG_TRP_OTPBYP = 0xc0ad)
                0x000000000000c0bd                PROVIDE (SYSCFG_TRP_BootSel = 0xc0bd)
                [!provide]                        PROVIDE (SYSCFG_ROMINFO_Get = 0xc0cd)
                [!provide]                        PROVIDE (SYSCFG_ROMINFO_Set = 0xc0dd)
                0x000000000000c0f9                PROVIDE (SYSCFG_CHIPType_Get = 0xc0f9)
                0x000000000000c109                PROVIDE (SYSCFG_OTP_RDPEn = 0xc109)
                0x000000000000c129                PROVIDE (SYSCFG_OTP_RSIPEn = 0xc129)
                0x000000000000c149                PROVIDE (SYSCFG_OTP_SBootEn = 0xc149)
                [!provide]                        PROVIDE (SYSCFG_OTP_LowBaudLog = 0xc169)
                0x000000000000c179                PROVIDE (SYSCFG_OTP_DisBootLog = 0xc179)
                [!provide]                        PROVIDE (SYSCFG_OTP_BigPageNand = 0xc189)
                [!provide]                        PROVIDE (SYSCFG_OTP_USBLoadFullSpeed = 0xc199)
                0x000000000000c1a9                PROVIDE (SYSCFG_OTP_BootSelect = 0xc1a9)
                [!provide]                        PROVIDE (SYSCFG_OTP_BootFlashBaud = 0xc1b9)
                [!provide]                        PROVIDE (SYSCFG_OTP_SPICBootSpeedUpDis = 0xc1c9)
                0x000000000000c1d9                PROVIDE (SYSCFG_OTP_SPICAddr4ByteEn = 0xc1d9)
                [!provide]                        PROVIDE (SYSCFG_OTP_FlashDSleepEn = 0xc1e9)
                [!provide]                        PROVIDE (SYSCFG_OTP_UartDownloadDis = 0xc1f9)
                [!provide]                        PROVIDE (SYSCFG_OTP_SBoot_HW_DIS = 0xc209)
                0x000000000000c21d                PROVIDE (SYSCFG_OTP_AntiRollback = 0xc21d)
                [!provide]                        PROVIDE (SYSCFG_OTP_FaultLogDis = 0xc231)
                0x000000000000c245                PROVIDE (SYSCFG_OTP_RSIPMode = 0xc245)
                [!provide]                        PROVIDE (SYSCFG_OTP_HUKDerivEn = 0xc25d)
                [!provide]                        PROVIDE (SYSCFG_OTP_RomPatchEn = 0xc271)
                [!provide]                        PROVIDE (SYSCFG_OTP_RandDelayEn = 0xc291)
                0x000000000000c2a1                PROVIDE (SYSCFG_OTP_RMAMode = 0xc2a1)
                [!provide]                        PROVIDE (SYSCFG_OTP_GetUsbPhyCalData = 0xc2c5)
                [!provide]                        PROVIDE (SYSCFG_OTP_GetUsbPhyCalData2 = 0xc2d1)
                [!provide]                        PROVIDE (SYSCFG_OTP_UsbDownloadEnable = 0xc2dd)
                [!provide]                        PROVIDE (SYSCFG_BootFromNor = 0xc2e9)
                [!provide]                        PROVIDE (SYSCFG_HWTrigDownload = 0xc311)
                [!provide]                        PROVIDE (SYSCFG_SWTrigDownload = 0xc37d)
                [!provide]                        PROVIDE (SYSTIMER_Init = 0xc3a1)
                [!provide]                        PROVIDE (SYSTIMER_TickGet = 0xc3ed)
                [!provide]                        PROVIDE (SYSTIMER_GetPassTick = 0xc3fd)
                [!provide]                        PROVIDE (SYSTIMER_GetPassTime = 0xc41d)
                [!provide]                        PROVIDE (RTIM_TimeBaseStructInit = 0xc451)
                [!provide]                        PROVIDE (RTIM_Cmd = 0xc471)
                [!provide]                        PROVIDE (RTIM_GetCount = 0xc595)
                [!provide]                        PROVIDE (RTIM_INTConfig = 0xc699)
                [!provide]                        PROVIDE (RTIM_INTClear = 0xc7cd)
                [!provide]                        PROVIDE (RTIM_TimeBaseInit = 0xc8e1)
                [!provide]                        PROVIDE (RTIM_DeInit = 0xcad1)
                [!provide]                        PROVIDE (RTIM_INTClearPendingBit = 0xcbe5)
                [!provide]                        PROVIDE (RTIM_GetFlagStatus = 0xcd15)
                [!provide]                        PROVIDE (RTIM_GetINTStatus = 0xce69)
                [!provide]                        PROVIDE (UART_DeInit = 0xcfc9)
                [!provide]                        PROVIDE (UART_StructInit = 0xcfd1)
                [!provide]                        PROVIDE (UART_BaudParaGetFull = 0xcfed)
                [!provide]                        PROVIDE (UART_BaudParaGet = 0xd02d)
                [!provide]                        PROVIDE (UART_SetBaud = 0xd055)
                [!provide]                        PROVIDE (UART_SetBaudExt = 0xd0f1)
                [!provide]                        PROVIDE (UART_SetRxLevel = 0xd16d)
                [!provide]                        PROVIDE (UART_RxCmd = 0xd195)
                [!provide]                        PROVIDE (UART_Writable = 0xd1a9)
                [!provide]                        PROVIDE (UART_Readable = 0xd1b1)
                [!provide]                        PROVIDE (UART_CharPut = 0xd1b9)
                [!provide]                        PROVIDE (UART_CharGet = 0xd1bd)
                [!provide]                        PROVIDE (UART_ReceiveData = 0xd1c5)
                [!provide]                        PROVIDE (UART_SendData = 0xd1ed)
                [!provide]                        PROVIDE (UART_ReceiveDataTO = 0xd215)
                [!provide]                        PROVIDE (UART_SendDataTO = 0xd251)
                [!provide]                        PROVIDE (UART_RxByteCntClear = 0xd28d)
                [!provide]                        PROVIDE (UART_RxByteCntGet = 0xd299)
                [!provide]                        PROVIDE (UART_BreakCtl = 0xd2a1)
                0x000000000000d2b5                PROVIDE (UART_ClearRxFifo = 0xd2b5)
                [!provide]                        PROVIDE (UART_Init = 0xd2d5)