========================= libc Start ==============================================
text  rodata  data  bss  module  
14    0       0     0    libc.a(lib_a-abort.o)
8     0       0     0    libc.a(lib_a-abs.o)
72    60      0     0    libc.a(lib_a-assert.o)
16    0       0     0    libc.a(lib_a-atoi.o)
32    0       0     0    libc.a(lib_a-closer.o)
0     257     0     0    libc.a(lib_a-ctype_.o)
3320  146     0     0    libc.a(lib_a-dtoa.o)
24    0       0     0    libc.a(lib_a-envlock.o)
12    0       0     0    libc.a(lib_a-errno.o)
32    0       0     0    libc.a(lib_a-exit.o)
188   0       0     0    libc.a(lib_a-fclose.o)
400   0       0     0    libc.a(lib_a-fflush.o)
84    0       0     0    libc.a(lib_a-fileno.o)
616   0       0     0    libc.a(lib_a-findfp.o)
64    0       0     0    libc.a(lib_a-fiprintf.o)
64    0       0     0    libc.a(lib_a-fprintf.o)
260   0       0     0    libc.a(lib_a-fputwc.o)
36    0       0     0    libc.a(lib_a-fstatr.o)
660   0       0     0    libc.a(lib_a-fvwrite.o)
120   0       0     0    libc.a(lib_a-fwalk.o)
1368  124     0     0    libc.a(lib_a-gdtoa-gethex.o)
388   0       0     0    libc.a(lib_a-gdtoa-hexnan.o)
40    0       0     0    libc.a(lib_a-getenv.o)
136   0       0     0    libc.a(lib_a-getenv_r.o)
1596  126     0     0    libc.a(lib_a-getopt.o)
36    0       0     0    libc.a(lib_a-gettimeofdayr.o)
8     0       0     0    libc.a(lib_a-gettzinfo.o)
60    139     0     0    libc.a(lib_a-gmtime.o)
344   0       0     0    libc.a(lib_a-gmtime_r.o)
0     4       0     0    libc.a(lib_a-impure.o)
72    0       0     0    libc.a(lib_a-init.o)
32    0       0     0    libc.a(lib_a-isattyr.o)
6     0       0     0    libc.a(lib_a-iswspace.o)
20    0       0     0    libc.a(lib_a-iswspace_l.o)
8     0       0     0    libc.a(lib_a-labs.o)
0     15      0     0    libc.a(lib_a-lnumeric.o)
92    8       0     0    libc.a(lib_a-locale.o)
20    0       0     0    libc.a(lib_a-localeconv.o)
36    0       0     0    libc.a(lib_a-lseekr.o)
216   0       0     0    libc.a(lib_a-makebuf.o)
80    1       0     0    libc.a(lib_a-mbrtowc.o)
56    0       0     0    libc.a(lib_a-mbtowc_r.o)
0     96      0     0    libc.a(lib_a-month_lengths.o)
2496  413     0     0    libc.a(lib_a-mprec.o)
284   139     0     0    libc.a(lib_a-perror.o)
36    0       0     0    libc.a(lib_a-readr.o)
232   0       0     0    libc.a(lib_a-reent.o)
112   0       0     0    libc.a(lib_a-sccl.o)
300   0       0     0    libc.a(lib_a-signal.o)
40    0       0     0    libc.a(lib_a-signalr.o)
172   0       0     0    libc.a(lib_a-siscanf.o)
196   0       0     0    libc.a(lib_a-sniprintf.o)
196   0       0     0    libc.a(lib_a-snprintf.o)
120   0       0     0    libc.a(lib_a-sprintf.o)
172   0       0     0    libc.a(lib_a-sscanf.o)
138   0       0     0    libc.a(lib_a-stdio.o)
50    0       0     0    libc.a(lib_a-strcat.o)
138   0       0     0    libc.a(lib_a-strchr.o)
188   0       0     0    libc.a(lib_a-strcpy.o)
34    0       0     0    libc.a(lib_a-strcspn.o)
1012  1686    0     0    libc.a(lib_a-strerror.o)
2676  87      0     0    libc.a(lib_a-strftime.o)
66    0       0     0    libc.a(lib_a-strncat.o)
92    0       0     0    libc.a(lib_a-strncmp.o)
84    0       0     0    libc.a(lib_a-strncpy.o)
52    0       0     0    libc.a(lib_a-strpbrk.o)
10    0       0     0    libc.a(lib_a-strsep.o)
32    0       0     0    libc.a(lib_a-strspn.o)
856   0       0     0    libc.a(lib_a-strstr.o)
3552  167     0     0    libc.a(lib_a-strtod.o)
86    0       0     0    libc.a(lib_a-strtok_r.o)
296   0       0     0    libc.a(lib_a-strtol.o)
336   0       0     0    libc.a(lib_a-strtoll.o)
264   0       0     0    libc.a(lib_a-strtoul.o)
344   0       0     0    libc.a(lib_a-strtoull.o)
2468  66      0     0    libc.a(lib_a-svfiprintf.o)
4084  34      0     0    libc.a(lib_a-svfiscanf.o)
5052  84      0     0    libc.a(lib_a-svfprintf.o)
4896  39      0     0    libc.a(lib_a-svfscanf.o)
20    0       0     0    libc.a(lib_a-syswrite.o)
112   0       0     0    libc.a(lib_a-s_frexp.o)
52    0       0     0    libc.a(lib_a-time.o)
0     551     0     0    libc.a(lib_a-timelocal.o)
340   0       0     0    libc.a(lib_a-tzcalc_limits.o)
24    0       0     0    libc.a(lib_a-tzlock.o)
40    0       0     0    libc.a(lib_a-tzset.o)
796   60      0     0    libc.a(lib_a-tzset_r.o)
0     4       0     0    libc.a(lib_a-tzvars.o)
412   0       0     0    libc.a(lib_a-ungetc.o)
4     0       0     0    libc.a(lib_a-u_strerr.o)
2596  66      0     0    libc.a(lib_a-vfiprintf.o)
5368  84      0     0    libc.a(lib_a-vfprintf.o)
32    0       0     0    libc.a(lib_a-vprintf.o)
116   0       0     0    libc.a(lib_a-vsnprintf.o)
164   0       0     0    libc.a(lib_a-wbuf.o)
64    0       0     0    libc.a(lib_a-wcrtomb.o)
48    0       0     0    libc.a(lib_a-wctomb_r.o)
36    0       0     0    libc.a(lib_a-writer.o)
176   0       0     0    libc.a(lib_a-wsetup.o)
192   0       0     0    libc.a(lib_a-__call_atexit.o)
------------------------- libc End ------------------------------------------------
text  rodata  data  bss  module  
52390 4456    0     0    (TOTALS)
Module libc size:
0xde0e			56846

========================= libstdc Start ===========================================
text  rodata  data  bss  module  
48    60      0     0    libstdc++.a(bad_alloc.o)
48    83      0     0    libstdc++.a(bad_array_new.o)
230   90      0     0    libstdc++.a(class_type_info.o)
172   42      0     0    libstdc++.a(cow-stdexcept.o)
186   24      0     0    libstdc++.a(cow-string-inst.o)
13052 3712    0     0    libstdc++.a(cp-demangle.o)
4     0       0     0    libstdc++.a(del_op.o)
4     0       0     0    libstdc++.a(del_ops.o)
4     0       0     0    libstdc++.a(del_opv.o)
296   4       0     0    libstdc++.a(eh_alloc.o)
366   0       0     0    libstdc++.a(eh_arm.o)
32    0       0     0    libstdc++.a(eh_aux_runtime.o)
312   0       0     0    libstdc++.a(eh_call.o)
212   0       0     0    libstdc++.a(eh_catch.o)
26    174     0     0    libstdc++.a(eh_exception.o)
16    0       0     0    libstdc++.a(eh_globals.o)
1274  0       0     0    libstdc++.a(eh_personality.o)
90    0       0     0    libstdc++.a(eh_terminate.o)
318   0       0     0    libstdc++.a(eh_throw.o)
28    0       0     0    libstdc++.a(eh_type.o)
176   0       0     0    libstdc++.a(functexcept.o)
12    0       0     0    libstdc++.a(new_handler.o)
60    0       0     0    libstdc++.a(new_op.o)
4     0       0     0    libstdc++.a(new_opv.o)
20    28      0     0    libstdc++.a(pure.o)
254   93      0     0    libstdc++.a(si_class_type_info.o)
134   146     0     0    libstdc++.a(stdexcept.o)
68    24      0     0    libstdc++.a(string-inst.o)
50    21      0     0    libstdc++.a(tinfo.o)
818   0       0     0    libstdc++.a(tree.o)
1132  94      0     0    libstdc++.a(vmi_class_type_info.o)
232   140     0     0    libstdc++.a(vterminate.o)
------------------------- libstdc End ---------------------------------------------
text  rodata  data  bss  module  
19678 4735    0     0    (TOTALS)
Module libstdc size:
0x5f5d			24413

========================= libm Start ==============================================
text  rodata  data  bss  module  
6     0       0     0    libm.a(lib_a-ef_sqrt.o)
26    0       0     0    libm.a(lib_a-sf_finite.o)
54    0       0     0    libm.a(lib_a-sf_fmax.o)
54    0       0     0    libm.a(lib_a-sf_fmin.o)
56    0       0     0    libm.a(lib_a-sf_fpclassify.o)
76    0       0     0    libm.a(lib_a-sf_ldexp.o)
12    0       0     0    libm.a(lib_a-sf_nan.o)
6     0       0     0    libm.a(lib_a-sf_round.o)
224   0       0     0    libm.a(lib_a-sf_scalbn.o)
18    0       0     0    libm.a(lib_a-s_fabs.o)
264   0       0     0    libm.a(lib_a-s_floor.o)
16    0       0     0    libm.a(lib_a-s_nan.o)
60    0       0     0    libm.a(lib_a-wf_sqrt.o)
------------------------- libm End ------------------------------------------------
text  rodata  data  bss  module  
872   0       0     0    (TOTALS)
Module libm size:
0x368			872

========================= libgcc Start ============================================
text  rodata  data  bss  module  
428   0       0     0    libgcc.a(libunwind.o)
730   0       0     0    libgcc.a(pr-support.o)
2236  0       0     0    libgcc.a(unwind-arm.o)
160   0       0     0    libgcc.a(_aeabi_ldivmod.o)
48    0       0     0    libgcc.a(_aeabi_uldivmod.o)
888   0       0     0    libgcc.a(_arm_addsubdf3.o)
272   0       0     0    libgcc.a(_arm_cmpdf2.o)
80    0       0     0    libgcc.a(_arm_fixdfsi.o)
64    0       0     0    libgcc.a(_arm_fixunsdfsi.o)
1060  0       0     0    libgcc.a(_arm_muldivdf3.o)
160   0       0     0    libgcc.a(_arm_truncdfsf2.o)
44    0       0     0    libgcc.a(_arm_unorddf2.o)
4     0       0     0    libgcc.a(_dvmd_tls.o)
46    0       0     0    libgcc.a(_fixdfdi.o)
60    0       0     0    libgcc.a(_fixunsdfdi.o)
38    0       0     0    libgcc.a(_popcountsi2.o)
680   0       0     0    libgcc.a(_udivmoddi4.o)
------------------------- libgcc End ----------------------------------------------
text  rodata  data  bss  module  
6998  0       0     0    (TOTALS)
Module libgcc size:
0x1b56			6998

========================= lib_chipinfo Start ======================================
text  rodata  data  bss  module  
404   261     0     0    lib_chipinfo.a(ameba_chipinfo_lib.o)
6140  547     0     0    lib_chipinfo.a(ameba_rom_patch.o)
------------------------- lib_chipinfo End ----------------------------------------
text  rodata  data  bss  module  
6544  808     0     0    (TOTALS)
Module lib_chipinfo size:
0x1cb8			7352

========================= libnosys Start ==========================================
text  rodata  data  bss  module  
16    0       0     0    libnosys.a(close.o)
16    0       0     0    libnosys.a(fstat.o)
16    0       0     0    libnosys.a(getpid.o)
16    0       0     0    libnosys.a(gettod.o)
16    0       0     0    libnosys.a(isatty.o)
16    0       0     0    libnosys.a(kill.o)
16    0       0     0    libnosys.a(lseek.o)
2     0       0     0    libnosys.a(_exit.o)
------------------------- libnosys End --------------------------------------------
text  rodata  data  bss  module  
114   0       0     0    (TOTALS)
Module libnosys size:
0x72			114

========================= bt_mgr Start ============================================
text  rodata  data  bss  module  
64    0       0     0    bt_mgr.a(bt_a2dp.o)
216   0       0     0    bt_mgr.a(bt_bond.o)
3340  0       0     0    bt_mgr.a(bt_gap.o)
412   0       0     0    bt_mgr.a(bt_hfp_ag.o)
25372 43      0     0    bt_mgr.a(bt_mgr.o)
1216  36      0     0    bt_mgr.a(bt_pm.o)
52    0       0     0    bt_mgr.a(bt_rdtp.o)
44    0       0     0    bt_mgr.a(bt_roleswap.o)
408   12      0     0    bt_mgr.a(bt_sdp.o)
540   41      0     0    bt_mgr.a(hfp_ag.o)
300   0       0     0    bt_mgr.a(hfp_utils.o)
164   0       0     0    bt_mgr.a(rdtp.o)
3900  184     0     0    bt_mgr.a(remote_mgr.o)
860   256     0     0    bt_mgr.a(rfc.o)
------------------------- bt_mgr End ----------------------------------------------
text  rodata  data  bss  module  
36888 572     0     0    (TOTALS)
Module bt_mgr size:
0x9254			37460

========================= ble_mgr Start ===========================================
text  rodata  data  bss  module  
632   21      0     0    ble_mgr.a(ble_adv_data.o)
724   0       0     0    ble_mgr.a(ble_conn.o)
4376  206     0     0    ble_mgr.a(ble_ext_adv.o)
660   0       0     0    ble_mgr.a(ble_mgr.o)
768   0       0     0    ble_mgr.a(ble_scan.o)
6696  11      0     0    ble_mgr.a(bt_gattc_storage.o)
8664  489     0     0    ble_mgr.a(bt_gatt_client.o)
4052  12      0     0    ble_mgr.a(bt_gatt_svc.o)
1124  16      0     0    ble_mgr.a(gatt_service_client.o)
------------------------- ble_mgr End ---------------------------------------------
text  rodata  data  bss  module  
27696 755     0     0    (TOTALS)
Module ble_mgr size:
0x6f23			28451

========================= leaudio Start ===========================================
text  rodata  data  bss  module  
1492  21      0     0    leaudio.a(aics_client.o)
80    0       0     0    leaudio.a(aics_mgr.o)
684   196     0     0    leaudio.a(ascs.o)
4260  129     0     0    leaudio.a(ascs_client.o)
3152  71      0     0    leaudio.a(ascs_client_cp.o)
3736  17      0     0    leaudio.a(ascs_mgr.o)
2284  5       0     0    leaudio.a(ase_handle_cp.o)
3756  0       0     0    leaudio.a(ase_sm.o)
736   59      0     0    leaudio.a(audio_stream_session.o)
3640  115     0     0    leaudio.a(bap.o)
17084 887     0     0    leaudio.a(bap_unicast_client.o)
1524  41      0     0    leaudio.a(base_data_generate.o)
1412  21      0     0    leaudio.a(base_data_parse.o)
3336  266     0     0    leaudio.a(bass_brs_mgr.o)
3880  33      0     0    leaudio.a(bass_client.o)
5216  432     0     0    leaudio.a(bass_mgr.o)
160   0       0     0    leaudio.a(ble_audio_dm.o)
3872  381     0     0    leaudio.a(ble_audio_group.o)
1848  26      0     0    leaudio.a(ble_audio_mgr.o)
6124  341     0     0    leaudio.a(ble_audio_sync.o)
508   0       0     0    leaudio.a(ble_audio_ual.o)
988   0       0     0    leaudio.a(ble_link_util.o)
4788  222     0     0    leaudio.a(broadcast_source_sm.o)
168   28      0     0    leaudio.a(bt_bond_gap.o)
48    0       0     0    leaudio.a(calculate_util.o)
2856  0       0     0    leaudio.a(cap.o)
248   68      0     0    leaudio.a(cas.o)
1260  0       0     0    leaudio.a(ccp_client.o)
228   0       0     0    leaudio.a(ccp_mgr.o)
1480  0       0     0    leaudio.a(codec.o)
584   1232    0     0    leaudio.a(codec_qos.o)
488   336     0     0    leaudio.a(csis.o)
460   0       0     0    leaudio.a(csis_client.o)
2068  22      0     0    leaudio.a(csis_mgr.o)
220   8       0     0    leaudio.a(csis_sir.o)
36    0       0     0    leaudio.a(gmas_mgr.o)
64    0       0     0    leaudio.a(has_client.o)
36    0       0     0    leaudio.a(has_mgr.o)
80    0       0     0    leaudio.a(ltv_util.o)
1628  0       0     0    leaudio.a(mcp_client.o)
168   0       0     0    leaudio.a(mcp_mgr.o)
256   0       0     0    leaudio.a(metadata.o)
824   0       0     0    leaudio.a(mics_client.o)
36    0       0     0    leaudio.a(mics_mgr.o)
1196  532     0     0    leaudio.a(pacs.o)
2160  57      0     0    leaudio.a(pacs_client.o)
2424  12      0     0    leaudio.a(pacs_mgr.o)
768   0       0     0    leaudio.a(pac_mgr.o)
4456  0       0     0    leaudio.a(set_coordinator_client.o)
476   0       0     0    leaudio.a(set_member.o)
160   0       0     0    leaudio.a(tbs_client.o)
24    0       0     0    leaudio.a(tmas_mgr.o)
1732  74      0     0    leaudio.a(vcs_client.o)
36    0       0     0    leaudio.a(vcs_mgr.o)
1388  15      0     0    leaudio.a(vocs_client.o)
84    0       0     0    leaudio.a(vocs_mgr.o)
------------------------- leaudio End ---------------------------------------------
text  rodata  data  bss  module  
1027005647    0     0    (TOTALS)
Module leaudio size:
0x1a73b			108347

========================= btgap Start =============================================
text  rodata  data  bss  module  
592   16      0     0    btgap.a(aes_cmac.o)
6896  200     0     0    btgap.a(att.o)
536   18      0     0    btgap.a(ble_isoch_mgr.o)
692   0       0     0    btgap.a(bte_main.o)
2204  19      0     0    btgap.a(bte_pool_2.o)
520   0       0     0    btgap.a(bte_queue.o)
1648  30      0     0    btgap.a(bte_sched.o)
1328  52      0     0    btgap.a(bte_sys.o)
188   19      0     0    btgap.a(bte_timer.o)
32    0       0     0    btgap.a(bte_utils.o)
10772 433     0     0    btgap.a(btif.o)
292   21      0     0    btgap.a(btif_main.o)
29780 1214    0     0    btgap.a(btif_msg.o)
5736  228     0     0    btgap.a(btif_utils.o)
40    512     0     0    btgap.a(crc16btx.o)
864   17      0     0    btgap.a(crypto.o)
6324  192     0     0    btgap.a(ecc.o)
72    0       0     0    btgap.a(ftl_app.o)
868   23      0     0    btgap.a(gap_acl.o)
868   0       0     0    btgap.a(gap_adv.o)
84    0       0     0    btgap.a(gap_aox.o)
376   0       0     0    btgap.a(gap_aox_conn.o)
244   0       0     0    btgap.a(gap_aox_connless_receiver.o)
1156  0       0     0    btgap.a(gap_aox_connless_transmitter.o)
8604  82      0     0    btgap.a(gap_big_mgr.o)
2776  146     0     0    btgap.a(gap_bond_le.o)
5156  0       0     0    btgap.a(gap_br.o)
2936  85      0     0    btgap.a(gap_cccd.o)
1396  40      0     0    btgap.a(gap_chann.o)
7916  35      0     0    btgap.a(gap_cig_mgr.o)
2600  124     0     0    btgap.a(gap_common.o)
248   0       0     0    btgap.a(gap_config.o)
1548  0       0     0    btgap.a(gap_credit_based_conn.o)
48    0       0     0    btgap.a(gap_customer.o)
580   0       0     0    btgap.a(gap_dtm.o)
1396  0       0     0    btgap.a(gap_ecfc.o)
3300  16      0     0    btgap.a(gap_ext_adv.o)
1012  0       0     0    btgap.a(gap_ext_scan.o)
5268  29      0     0    btgap.a(gap_le.o)
700   0       0     0    btgap.a(gap_le_rf.o)
4204  63      0     0    btgap.a(gap_link_mgr.o)
836   20      0     0    btgap.a(gap_msg.o)
536   0       0     0    btgap.a(gap_past_recipient.o)
312   0       0     0    btgap.a(gap_past_sender.o)
2468  15      0     0    btgap.a(gap_pa_adv.o)
3544  16      0     0    btgap.a(gap_pa_sync.o)
704   0       0     0    btgap.a(gap_privacy.o)
672   0       0     0    btgap.a(gap_scan.o)
1056  16      0     0    btgap.a(gap_storage_br.o)
700   0       0     0    btgap.a(gap_storage_common.o)
4248  0       0     0    btgap.a(gap_storage_flash.o)
2992  12      0     0    btgap.a(gap_storage_le.o)
1228  0       0     0    btgap.a(gap_storage_priority.o)
1968  580     0     0    btgap.a(gatt_builtin_services.o)
1064  6       0     0    btgap.a(gatt_le.o)
1176  21      0     0    btgap.a(gatt_ll.o)
616   21      0     0    btgap.a(gatt_main.o)
4980  296     0     0    btgap.a(gatt_msg.o)
10476 188     0     0    btgap.a(gatt_utils.o)
7572  51      0     0    btgap.a(hci_cmd.o)
72    0       0     0    btgap.a(hci_direct_msg.o)
14192 100     0     0    btgap.a(hci_evt.o)
1604  99      0     0    btgap.a(hci_iso_data.o)
3520  101     0     0    btgap.a(hci_link.o)
4156  227     0     0    btgap.a(hci_main.o)
3916  40      0     0    btgap.a(hci_utils.o)
5532  44      0     0    btgap.a(l2c_br.o)
2660  0       0     0    btgap.a(l2c_csm.o)
5376  94      0     0    btgap.a(l2c_ecfc.o)
6436  239     0     0    btgap.a(l2c_ertm.o)
2192  22      0     0    btgap.a(l2c_le.o)
7356  299     0     0    btgap.a(l2c_main.o)
2228  35      0     0    btgap.a(l2c_utils.o)
976   9       0     0    btgap.a(mpa.o)
232   0       0     0    btgap.a(os_mem.o)
364   0       0     0    btgap.a(os_msg.o)
284   0       0     0    btgap.a(os_queue.o)
8     0       0     0    btgap.a(os_sched.o)
20    0       0     0    btgap.a(os_sync.o)
44    0       0     0    btgap.a(os_task.o)
68    0       0     0    btgap.a(os_timer.o)
56    0       0     0    btgap.a(profile.o)
7148  376     0     0    btgap.a(profile_client.o)
5060  117     0     0    btgap.a(profile_server.o)
2284  80      0     0    btgap.a(sdp_main.o)
7032  326     0     0    btgap.a(sdp_utils.o)
10380 149     0     0    btgap.a(sm_api.o)
400   17      0     0    btgap.a(sm_main.o)
436   11      0     0    btgap.a(sm_sc_key.o)
11876 438     0     0    btgap.a(sm_smp.o)
6888  253     0     0    btgap.a(sm_utils.o)
832   511     0     0    btgap.a(sw_aes.o)
944   0       0     0    btgap.a(trace.o)
------------------------- btgap End -----------------------------------------------
text  rodata  data  bss  module  
2835208443    0     0    (TOTALS)
Module btgap size:
0x4747b			291963

========================= sysm Start ==============================================
text  rodata  data  bss  module  
100   15      0     0    sysm.a(sys_event.o)
432   18      0     0    sysm.a(sys_ipc.o)
232   0       0     0    sysm.a(sys_mgr.o)
824   82      0     0    sysm.a(sys_timer.o)
------------------------- sysm End ------------------------------------------------
text  rodata  data  bss  module  
1588  115     0     0    (TOTALS)
Module sysm size:
0x6a7			1703

========================= bt Start ================================================
text  rodata  data  bss  module  
1472  1560    0     0    lib_bt_atcmd.a(atcmd_bt_bap.o)
1988  1928    0     0    lib_bt_atcmd.a(atcmd_bt_br_gap.o)
212   240     0     0    lib_bt_atcmd.a(atcmd_bt_cap.o)
224   230     0     0    lib_bt_atcmd.a(atcmd_bt_common.o)
16    24      0     0    lib_bt_atcmd.a(atcmd_bt_example.o)
148   123     0     0    lib_bt_atcmd.a(atcmd_bt_gap.o)
880   696     0     0    lib_bt_atcmd.a(atcmd_bt_gattc.o)
660   554     0     0    lib_bt_atcmd.a(atcmd_bt_gatts.o)
9176  8333    0     0    lib_bt_atcmd.a(atcmd_bt_le_gap.o)
1168  1083    0     0    lib_bt_atcmd.a(atcmd_bt_vendor.o)
332   12      0     0    lib_bt_osif.a(bt_debug.o)
0     170106  0     0    lib_bt_hci_driver.a(bt_normal_patch.o)
764   321     0     0    lib_bt_atcmd.a(bt_utils.o)
808   257     0     0    lib_bt_hci_driver.a(hci_common.o)
1308  499     0     0    lib_bt_hci_driver.a(hci_download_v2.o)
1192  133     0     0    lib_bt_hci_driver.a(hci_download_v3.o)
1340  82      0     0    lib_bt_hci_driver.a(hci_h4.o)
700   50      0     0    lib_bt_hci_driver.a(hci_if_rtk.o)
2760  507     0     0    lib_bt_hci_driver.a(hci_platform.o)
480   324     0     0    lib_bt_hci_driver.a(hci_process.o)
204   0       0     0    lib_bt_hci_driver.a(hci_standalone.o)
796   118     0     0    lib_bt_hci_driver.a(hci_uart.o)
1032  321     0     0    lib_bt_osif.a(osif.o)
32    0       0     0    lib_bt_rtk_stack_lib.a(platform_utils.o)
516   0       0     0    lib_bt_api.a(rtk_bt_bap.o)
688   0       0     0    lib_bt_api.a(rtk_bt_br_gap.o)
1416  126     0     0    lib_bt_api.a(rtk_bt_common.o)
196   83      0     0    lib_bt_api.a(rtk_bt_device.o)
12    0       0     0    lib_bt_api.a(rtk_bt_gap.o)
228   0       0     0    lib_bt_api.a(rtk_bt_gatt.o)
2568  35      0     0    lib_bt_api.a(rtk_bt_le_gap.o)
296   87      0     0    lib_bt_api.a(rtk_bt_vendor.o)
3052  22      0     0    lib_bt_coex.a(rtk_coex.o)
1712  130     0     0    lib_bt_api_rtk_stack.a(rtk_stack_api.o)
18580 9809    0     0    lib_bt_api_rtk_stack.a(rtk_stack_bap.o)
2852  1544    0     0    lib_bt_api_rtk_stack.a(rtk_stack_br_gap.o)
704   575     0     0    lib_bt_api_rtk_stack.a(rtk_stack_cap.o)
88    44      0     0    lib_bt_api_rtk_stack.a(rtk_stack_gap.o)
1692  389     0     0    lib_bt_api_rtk_stack.a(rtk_stack_gattc.o)
4216  295     0     0    lib_bt_api_rtk_stack.a(rtk_stack_gatts.o)
5736  3197    0     0    lib_bt_api_rtk_stack.a(rtk_stack_le_audio.o)
10172 3109    0     0    lib_bt_api_rtk_stack.a(rtk_stack_le_gap.o)
588   546     0     0    lib_bt_api_rtk_stack.a(rtk_stack_vendor.o)
160   32      0     0    lib_bt_rtk_stack_lib.a(trace_uart.o)
------------------------- bt End --------------------------------------------------
text  rodata  data  bss  module  
83164 207524  0     0    (TOTALS)
Module bt size:
0x46f80			290688

========================= wifirom Start ===========================================
text  rodata  data  bss  module  
8756  14441   0     0    lib_wifi_com_sec.a(rom_aes.o)
208   1024    0     0    lib_wifi_com_sec.a(rom_arc4.o)
984   814     0     0    lib_wifi_single_core.a(rom_hal_debug.o)
1672  0       0     0    lib_wifi_single_core.a(rom_hal_h2c.o)
352   31      0     0    lib_wifi_single_core.a(rom_hal_h2c_g1.o)
2228  280     0     0    lib_wifi_single_core.a(rom_hal_recv.o)
4072  206     0     0    lib_wifi_single_core.a(rom_hal_xmit.o)
1152  32      0     0    lib_wifi_single_core.a(rom_hal_xmit_g1.o)
2440  64      0     0    lib_wifi_com_sec.a(rom_md5.o)
1012  0       0     0    lib_wifi_com_sec.a(rom_rc4.o)
556   74      0     0    lib_wifi_single_core.a(rom_rtw_11d_part2.o)
568   40      0     0    lib_wifi_single_core.a(rom_rtw_80211w.o)
1112  0       0     0    lib_wifi_single_core.a(rom_rtw_80211w_part2.o)
136   0       0     0    lib_wifi_single_core.a(rom_rtw_action.o)
348   0       0     0    lib_wifi_single_core.a(rom_rtw_action_part2.o)
1420  20      0     0    lib_wifi_single_core.a(rom_rtw_addba.o)
2780  69      0     0    lib_wifi_single_core.a(rom_rtw_ap.o)
1188  54      0     0    lib_wifi_single_core.a(rom_rtw_ap_xmit.o)
2720  148     0     0    lib_wifi_single_core.a(rom_rtw_assoc.o)
4600  357     0     0    lib_wifi_single_core.a(rom_rtw_assoc_part2.o)
2952  388     0     0    lib_wifi_single_core.a(rom_rtw_auth_part2.o)
2488  6       0     0    lib_wifi_single_core.a(rom_rtw_beacon.o)
2380  66      0     0    lib_wifi_single_core.a(rom_rtw_beacon_part2.o)
1004  0       0     0    lib_wifi_single_core.a(rom_rtw_chbw.o)
48    8440    0     0    lib_wifi_com_sec.a(rom_rtw_dh_groups.o)
124   0       0     0    lib_wifi_single_core.a(rom_rtw_he.o)
1976  81      0     0    lib_wifi_single_core.a(rom_rtw_he_part2.o)
1052  23      0     0    lib_wifi_single_core.a(rom_rtw_ht.o)
2280  101     0     0    lib_wifi_single_core.a(rom_rtw_ieee80211.o)
2600  2140    0     0    lib_wifi_single_core.a(rom_rtw_ieee80211_part2.o)
3484  224     0     0    lib_wifi_single_core.a(rom_rtw_join.o)
1852  0       0     0    lib_wifi_single_core.a(rom_rtw_join_result.o)
10608 0       0     0    lib_wifi_com_sec.a(rom_rtw_mbedtls_bignum.o)
7124  0       0     0    lib_wifi_com_sec.a(rom_rtw_mbedtls_ecp.o)
3556  1004    0     0    lib_wifi_com_sec.a(rom_rtw_mbedtls_ecp_curves.o)
16    0       0     0    lib_wifi_com_sec.a(rom_rtw_mbedtls_platform.o)
144   0       0     0    lib_wifi_single_core.a(rom_rtw_mgnt.o)
184   0       0     0    lib_wifi_single_core.a(rom_rtw_network.o)
636   0       0     0    lib_wifi_single_core.a(rom_rtw_pmksa_cache.o)
708   75      0     0    lib_wifi_single_core.a(rom_rtw_pmksa_cache_part2.o)
200   0       0     0    lib_wifi_single_core.a(rom_rtw_probe.o)
860   26      0     0    lib_wifi_single_core.a(rom_rtw_psk.o)
104   0       0     0    lib_wifi_com_sec.a(rom_rtw_queue.o)
284   7       0     0    lib_wifi_single_core.a(rom_rtw_rate.o)
188   0       0     0    lib_wifi_single_core.a(rom_rtw_recv.o)
4112  211     0     0    lib_wifi_single_core.a(rom_rtw_recv_part2.o)
824   13      0     0    lib_wifi_single_core.a(rom_rtw_recv_reorder.o)
0     7       0     0    lib_wifi_single_core.a(rom_rtw_rf.o)
5932  1292    0     0    lib_wifi_com_sec.a(rom_rtw_security.o)
3584  110     0     0    lib_wifi_single_core.a(rom_rtw_security_part2.o)
864   90      0     0    lib_wifi_single_core.a(rom_rtw_setkey.o)
1596  257     0     0    lib_wifi_com_sec.a(rom_rtw_sha256.o)
1780  13      0     0    lib_wifi_single_core.a(rom_rtw_shortcut.o)
428   42      0     0    lib_wifi_single_core.a(rom_rtw_sitesurvey.o)
1460  0       0     0    lib_wifi_single_core.a(rom_rtw_sitesurvey_report.o)
368   68      0     0    lib_wifi_single_core.a(rom_rtw_skbuff.o)
460   0       0     0    lib_wifi_single_core.a(rom_rtw_state.o)
776   0       0     0    lib_wifi_single_core.a(rom_rtw_sta_mgt.o)
412   0       0     0    lib_wifi_single_core.a(rom_rtw_vht.o)
800   120     0     0    lib_wifi_single_core.a(rom_rtw_vht_part2.o)
4572  162     0     0    lib_wifi_single_core.a(rom_rtw_xmit.o)
1116  0       0     0    lib_wifi_com_sec.a(rom_sha1.o)
652   0       0     0    lib_wifi_single_core.a(rom_wifi_hal_ax.o)
136   0       0     0    lib_wifi_single_core.a(rom_wifi_hal_bcn.o)
2184  1414    0     0    lib_wifi_single_core.a(rom_wifi_hal_debug.o)
1440  58      0     0    lib_wifi_single_core.a(rom_wifi_hal_init.o)
1356  0       0     0    lib_wifi_single_core.a(rom_wifi_hal_media_access.o)
752   33      0     0    lib_wifi_single_core.a(rom_wifi_hal_misc.o)
816   11      0     0    lib_wifi_single_core.a(rom_wifi_hal_rate.o)
40    0       0     0    lib_wifi_single_core.a(rom_wifi_hal_rxdesc.o)
280   24      0     0    lib_wifi_single_core.a(rom_wifi_hal_secure.o)
200   0       0     0    lib_wifi_single_core.a(rom_wifi_hal_tsf.o)
524   16      0     0    lib_wifi_single_core.a(rom_wifi_hal_txdesc.o)
2616  33      0     0    lib_wpa_lite.a(rom_wpa_lite_part2.o)
3796  71      0     0    lib_wpa_lite.a(rom_wpa_lite_psk.o)
4604  1359    0     0    lib_wpa_lite.a(rom_wpa_lite_sae.o)
7916  777     0     0    lib_wpa_lite.a(rom_wpa_lite_sae_crypto.o)
------------------------- wifirom End ---------------------------------------------
text  rodata  data  bss  module  
14155236416   0     0    (TOTALS)
Module wifirom size:
0x2b730			177968

========================= wifidrv Start ===========================================
text  rodata  data  bss  module  
1268  359     0     0    lib_wifi_single_core.a(hal_debug.o)
1332  59      0     0    lib_wifi_single_core.a(hal_dig_g6.o)
264   0       0     0    lib_wifi_single_core.a(hal_dm.o)
580   0       0     0    lib_wifi_single_core.a(hal_edcca.o)
72    0       0     0    lib_wifi_single_core.a(hal_efuse.o)
284   0       0     0    lib_wifi_single_core.a(hal_h2c.o)
764   7       0     0    lib_wifi_single_core.a(hal_h2c_g1.o)
152   0       0     0    lib_wifi_single_core.a(hal_interrupt.o)
1188  9       0     0    lib_wifi_single_core.a(hal_interrupt_g1.o)
620   117     0     0    lib_wifi_single_core.a(hal_phycfg.o)
976   90      0     0    lib_wifi_single_core.a(hal_ra.o)
340   0       0     0    lib_wifi_single_core.a(hal_recv.o)
1064  20      0     0    lib_wifi_single_core.a(hal_recv_g1.o)
380   13      0     0    lib_wifi_single_core.a(hal_sta_config_g6.o)
1248  0       0     0    lib_wifi_single_core.a(hal_suspend.o)
576   48      0     0    lib_wifi_single_core.a(hal_suspend_g1.o)
532   64      0     0    lib_wifi_single_core.a(hal_xmit.o)
148   0       0     0    lib_wifi_single_core.a(rtw_11d.o)
236   40      0     0    lib_wifi_single_core.a(rtw_80211w.o)
560   87      0     0    lib_wifi_single_core.a(rtw_action.o)
220   0       0     0    lib_wifi_single_core.a(rtw_adapter.o)
36    18      0     0    lib_wifi_single_core.a(rtw_addba.o)
1696  199     0     0    lib_wifi_single_core.a(rtw_ap.o)
2112  21      0     0    lib_wifi_single_core.a(rtw_assoc.o)
96    0       0     0    lib_wifi_com_sec.a(rtw_atomic.o)
1716  67      0     0    lib_wifi_single_core.a(rtw_auth.o)
1336  38      0     0    lib_wifi_single_core.a(rtw_beacon.o)
324   22      0     0    lib_wifi_single_core.a(rtw_cmd.o)
1352  24      0     0    lib_wifi_single_core.a(rtw_dfs.o)
2072  200     0     0    lib_wifi_single_core.a(rtw_drv_init.o)
804   87      0     0    lib_wifi_single_core.a(rtw_dynamic.o)
816   294     0     0    lib_rtw_event.a(rtw_event.o)
1072  81      0     0    lib_wifi_single_core.a(rtw_ips.o)
1744  131     0     0    lib_wifi_single_core.a(rtw_join.o)
1336  61      0     0    lib_wifi_single_core.a(rtw_join_result.o)
1032  18      0     0    lib_wifi_single_core.a(rtw_lps.o)
124   210     0     0    lib_wifi_single_core.a(rtw_macid_mgt.o)
948   57      0     0    lib_wifi_single_core.a(rtw_mgnt.o)
200   0       0     0    lib_wifi_single_core.a(rtw_network.o)
1284  0       0     0    lib_wifi_single_core.a(rtw_probe.o)
1788  31      0     0    lib_wifi_single_core.a(rtw_recv.o)
772   20      0     0    lib_wifi_single_core.a(rtw_recv_defrag.o)
944   450     0     0    lib_wifi_single_core.a(rtw_setkey.o)
1956  103     0     0    lib_wifi_single_core.a(rtw_sitesurvey.o)
1260  30      0     0    lib_wifi_single_core.a(rtw_sitesurvey_report.o)
352   160     0     0    lib_wifi_single_core.a(rtw_skbuff.o)
188   0       0     0    lib_wifi_single_core.a(rtw_state.o)
2076  99      0     0    lib_wifi_single_core.a(rtw_sta_mgt.o)
144   0       0     0    lib_wifi_single_core.a(rtw_task.o)
716   163     0     0    lib_wifi_com_sec.a(rtw_timer.o)
216   0       0     0    lib_wifi_single_core.a(rtw_twt.o)
112   26      0     0    lib_wifi_single_core.a(rtw_vht.o)
64    0       0     0    lib_wifi_com_sec.a(rtw_wakelock.o)
1088  90      0     0    lib_wifi_single_core.a(rtw_xmit.o)
416   170     0     0    lib_wifi_rtk_app.a(wifi_acs.o)
924   266     0     0    lib_wifi_rtk_app_open.a(wifi_auto_reconnect.o)
1144  427     0     0    lib_wifi_rtk_app_open.a(wifi_fast_connect.o)
28    0       0     0    lib_wifi_feature_disable.a(wifi_feature_dis_antdiv.o)
24    0       0     0    lib_wifi_feature_disable.a(wifi_feature_dis_csi.o)
36    0       0     0    lib_wifi_feature_disable.a(wifi_feature_dis_eap.o)
96    0       0     0    lib_wifi_feature_disable.a(wifi_feature_dis_kvr.o)
56    0       0     0    lib_wifi_feature_disable.a(wifi_feature_dis_mcc.o)
68    0       0     0    lib_wifi_feature_disable.a(wifi_feature_dis_p2p.o)
12    0       0     0    lib_wifi_feature_disable.a(wifi_feature_dis_speaker.o)
968   1154    0     0    lib_wifi_single_core.a(wifi_hal_debug.o)
200   57      0     0    lib_wifi_single_core.a(wifi_hal_dm.o)
312   0       0     0    lib_wifi_single_core.a(wifi_hal_h2c.o)
2596  785     0     0    lib_wifi_single_core.a(wifi_hal_halinit.o)
28    0       0     0    lib_wifi_single_core.a(wifi_hal_hci_intfs.o)
200   0       0     0    lib_wifi_single_core.a(wifi_hal_interrupt.o)
64    0       0     0    lib_wifi_single_core.a(wifi_hal_io.o)
316   0       0     0    lib_wifi_single_core.a(wifi_hal_ops.o)
1652  0       0     0    lib_wifi_single_core.a(wifi_hal_phycfg.o)
516   71      0     0    lib_wifi_single_core.a(wifi_hal_recv.o)
564   0       0     0    lib_wifi_single_core.a(wifi_hal_rxdesc.o)
76    0       0     0    lib_wifi_single_core.a(wifi_hal_suspend.o)
1308  0       0     0    lib_wifi_single_core.a(wifi_hal_txdesc.o)
60    0       0     0    lib_wifi_single_core.a(wifi_hal_txpower.o)
72    0       0     0    lib_wifi_single_core.a(wifi_hal_xmit.o)
132   73      0     0    lib_wifi_rtk_app_open.a(wifi_init.o)
1360  558     0     0    lib_wifi_single_core.a(wifi_intf_drv_to_app_basic.o)
3204  704     0     0    lib_wifi_single_core.a(wifi_intf_drv_to_app_ext.o)
396   82      0     0    lib_wifi_single_core.a(wifi_intf_drv_to_lwip.o)
2588  303     0     0    lib_wifi_single_core.a(wifi_intf_drv_to_upper.o)
720   0       0     0    lib_wifi_single_core.a(wifi_intf_hal_to_g6_bb.o)
676   147     0     0    lib_wifi_single_core.a(wifi_intf_hal_to_g6_mac.o)
652   0       0     0    lib_wifi_single_core.a(wifi_intf_hal_to_g6_mac_common.o)
816   0       0     0    lib_wifi_single_core.a(wifi_intf_rom_to_flash.o)
1224  430     0     0    lib_wpa_lite.a(wpa_lite_owe.o)
7752  688     0     0    lib_wpa_lite.a(wpa_lite_psk.o)
3936  1415    0     0    lib_wpa_lite.a(wpa_lite_sae.o)
------------------------- wifidrv End ---------------------------------------------
text  rodata  data  bss  module  
79772 10943   0     0    (TOTALS)
Module wifidrv size:
0x1625b			90715

========================= wificoex Start ==========================================
text  rodata  data  bss  module  
500   9       0     0    lib_coex.a(rtw_coex_action.o)
652   0       0     0    lib_coex.a(rtw_coex_action_dual_chip.o)
116   0       0     0    lib_coex.a(rtw_coex_action_single_ant.o)
16    0       0     0    lib_coex.a(rtw_coex_api_bt.o)
376   109     0     0    lib_coex.a(rtw_coex_api_ext.o)
5044  137     0     0    lib_coex.a(rtw_coex_api_wl.o)
468   0       0     0    lib_coex.a(rtw_coex_dbg.o)
764   0       0     0    lib_coex.a(rtw_coex_ext_chip.o)
32    0       0     0    lib_coex.a(rtw_coex_ext_chip_bt.o)
912   0       0     0    lib_coex.a(rtw_coex_ext_chip_rtl8730e.o)
40    0       0     0    lib_coex.a(rtw_coex_ext_chip_wpan.o)
12    28      0     0    lib_coex.a(rtw_coex_ipc_dev_api.o)
8460  495     0     0    lib_coex.a(rtw_coex_wl_chip.o)
1464  74      0     0    lib_coex.a(rtw_coex_wl_chip_rtl8730e.o)
------------------------- wificoex End --------------------------------------------
text  rodata  data  bss  module  
18856 852     0     0    (TOTALS)
Module wificoex size:
0x4cfc			19708

========================= wifibb Start ============================================
text  rodata  data  bss  module  
1284  21      0     0    lib_wifi_single_core.a(halbb.o)
388   0       0     0    lib_wifi_single_core.a(halbb_8730e.o)
4956  844     0     0    lib_wifi_single_core.a(halbb_8730e_api.o)
344   0       0     0    lib_wifi_single_core.a(halbb_api.o)
48    0       0     0    lib_wifi_single_core.a(halbb_cfo_trk.o)
580   64      0     0    lib_wifi_single_core.a(halbb_ch_info.o)
516   52      0     0    lib_wifi_single_core.a(halbb_cmn_rpt.o)
20    0       0     0    lib_wifi_single_core.a(halbb_dbg.o)
292   0       0     0    lib_wifi_single_core.a(halbb_env_clm.o)
864   0       0     0    lib_wifi_single_core.a(halbb_env_mntr.o)
1392  12      0     0    lib_wifi_single_core.a(halbb_env_nhm.o)
748   10112   0     0    lib_wifi_single_core.a(halbb_hwimg_8730e.o)
76    0       0     0    lib_wifi_single_core.a(halbb_hw_cfg.o)
296   0       0     0    lib_wifi_single_core.a(halbb_init.o)
216   0       0     0    lib_wifi_single_core.a(halbb_interface.o)
88    0       0     0    lib_wifi_single_core.a(halbb_math_lib.o)
1568  78      0     0    lib_wifi_single_core.a(halbb_physts.o)
340   72      0     0    lib_wifi_single_core.a(halbb_pwr_ctrl.o)
440   0       0     0    lib_wifi_single_core.a(halbb_reg_cfg_8730e.o)
524   165     0     0    lib_wifi_single_core.a(halbb_statistics.o)
------------------------- wifibb End ----------------------------------------------
text  rodata  data  bss  module  
14980 11420   0     0    (TOTALS)
Module wifibb size:
0x6720			26400

========================= wifirf Start ============================================
text  rodata  data  bss  module  
216   606     0     0    lib_wifi_api.a(ameba_wifi_country_code_table_usrcfg.o)
696   1672    0     0    lib_wifi_api.a(ameba_wifi_power_table_usrcfg.o)
2164  0       0     0    lib_wifi_single_core.a(halrf.o)
5520  139     0     0    lib_wifi_single_core.a(halrf_8730e.o)
236   0       0     0    lib_wifi_single_core.a(halrf_8730e_api.o)
800   0       0     0    lib_wifi_single_core.a(halrf_api.o)
1636  28      0     0    lib_wifi_single_core.a(halrf_dack_8730e.o)
12    0       0     0    lib_wifi_single_core.a(halrf_dbg.o)
16    0       0     0    lib_wifi_single_core.a(halrf_dbg_cmd.o)
3224  68      0     0    lib_wifi_single_core.a(halrf_dpk_8730e.o)
664   14510   0     0    lib_wifi_single_core.a(halrf_hwimg_8730e.o)
20    0       0     0    lib_wifi_single_core.a(halrf_hw_cfg.o)
192   0       0     0    lib_wifi_single_core.a(halrf_init.o)
212   0       0     0    lib_wifi_single_core.a(halrf_interface.o)
5672  84      0     0    lib_wifi_single_core.a(halrf_iqk_8730e.o)
208   0       0     0    lib_wifi_single_core.a(halrf_kfree_8730e.o)
1176  96      0     0    lib_wifi_single_core.a(halrf_psd_8730e.o)
872   0       0     0    lib_wifi_single_core.a(halrf_pwr_table.o)
2504  0       0     0    lib_wifi_single_core.a(halrf_set_pwr_table_8730e.o)
5832  119     0     0    lib_wifi_single_core.a(halrf_tssi_8730e.o)
2872  24      0     0    lib_wifi_single_core.a(halrf_txgapk_8730e.o)
------------------------- wifirf End ----------------------------------------------
text  rodata  data  bss  module  
34744 17346   0     0    (TOTALS)
Module wifirf size:
0xcb7a			52090

========================= wifios Start ============================================
text  rodata  data  bss  module  
988   0       0     0    lib_freertos_os_wrapper.a(os_wrapper_static_functions.o)
------------------------- wifios End ----------------------------------------------
text  rodata  data  bss  module  
988   0       0     0    (TOTALS)
Module wifios size:
0x3dc			988

========================= atcmd Start =============================================
text  rodata  data  bss  module  
372   123     0     0    lib_at_cmd.a(atcmd_bt_ext.o)
1424  917     0     0    lib_at_cmd.a(atcmd_coex.o)
2720  1002    0     0    lib_at_cmd.a(atcmd_fs.o)
2192  2491    0     0    lib_at_cmd.a(atcmd_network.o)
1048  46      0     0    lib_at_cmd.a(atcmd_otp.o)
620   95      0     0    lib_at_cmd.a(atcmd_service.o)
2372  1567    0     0    lib_at_cmd.a(atcmd_sys.o)
10024 8676    0     0    lib_at_cmd.a(atcmd_wifi.o)
2024  1644    0     0    lib_at_cmd.a(monitor.o)
------------------------- atcmd End -----------------------------------------------
text  rodata  data  bss  module  
22796 16561   0     0    (TOTALS)
Module atcmd size:
0x99bd			39357

========================= fwlib Start =============================================
text  rodata  data  bss  module  
564   147     0     0    lib_fwlib.a(ameba_app_start.o)
32    0       0     0    lib_fwlib.a(ameba_arch.o)
828   110     0     0    lib_fwlib.a(ameba_audio_clock.o)
112   140     0     0    lib_fwlib.a(ameba_bor.o)
984   350     0     0    lib_fwlib.a(ameba_clk.o)
12876 305     0     0    lib_fwlib.a(ameba_codec.o)
520   208     0     0    lib_fwlib.a(ameba_fault_handle.o)
0     299     0     0    lib_fwlib.a(ameba_flash_ram.o)
240   385     0     0    lib_crashdump.a(ameba_freertos_backtrace.o)
1920  198     0     0    lib_fwlib.a(ameba_gdma_ram.o)
1232  244     0     0    lib_fwlib.a(ameba_i2c.o)
1116  411     0     0    lib_fwlib.a(ameba_ipc_api.o)
212   144     0     0    lib_fwlib.a(ameba_ipc_ram.o)
2020  170     0     0    lib_fwlib.a(ameba_ipc_toap.o)
344   251     0     0    lib_fwlib.a(ameba_mpu_ram.o)
132   0       0     0    lib_misc.a(ameba_ota.o)
2320  551     0     0    lib_fwlib.a(ameba_otp.o)
104   0       0     0    lib_fwlib.a(ameba_pinmap.o)
1056  140     0     0    lib_fwlib.a(ameba_pll.o)
132   28      0     0    lib_fwlib.a(ameba_pmc.o)
1208  0       0     0    lib_pmc.a(ameba_pmc_hp_lib.o)
808   128     0     0    lib_misc.a(ameba_pmu.o)
68    0       0     0    lib_fwlib.a(ameba_reset.o)
5776  824     0     0    lib_fwlib.a(ameba_sport.o)
32    0       0     0    lib_fwlib.a(ameba_system.o)
596   237     0     0    lib_fwlib.a(ameba_uart.o)
728   324     0     0    lib_crashdump.a(ameba_v8m_backtrace.o)
656   516     0     0    lib_crashdump.a(ameba_v8m_crashdump.o)
1064  2244    0     0    lib_crashdump.a(ameba_v8m_fault_diagnosis.o)
100   0       0     0    lib_hal.a(flash_api.o)
132   0       0     0    lib_freertos_os_wrapper.a(gcc_wrap.o)
960   145     0     0    lib_hal.a(i2c_api.o)
808   509     0     0    lib_fwlib.a(locks.o)
876   113     0     0    lib_fwlib.a(log.o)
32    0       0     0    lib_hal.a(pinmap.o)
40    22      0     0    lib_fwlib.a(rtk_assert.o)
2188  347     0     0    lib_hal.a(serial_api.o)
1492  0       0     0    lib_fwlib.a(sscanf_minimal.o)
556   239     0     0    lib_hal.a(sys_api.o)
------------------------- fwlib End -----------------------------------------------
text  rodata  data  bss  module  
44864 9729    0     0    (TOTALS)
Module fwlib size:
0xd541			54593

========================= os Start ================================================
text  rodata  data  bss  module  
236   132     0     0    lib_freertos_os_wrapper.a(freertos_heap5_config.o)
88    0       0     0    lib_freertos_posix.a(FreeRTOS_POSIX_clock.o)
484   36      0     0    lib_freertos_posix.a(FreeRTOS_POSIX_pthread.o)
156   0       0     0    lib_freertos_posix.a(FreeRTOS_POSIX_pthread_cond.o)
408   181     0     0    lib_freertos_posix.a(FreeRTOS_POSIX_pthread_mutex.o)
4     0       0     0    lib_freertos_posix.a(FreeRTOS_POSIX_sched.o)
444   0       0     0    lib_freertos_posix.a(FreeRTOS_POSIX_utils.o)
1164  250     0     0    lib_freertos.a(heap_5.o)
144   0       0     0    lib_freertos.a(list.o)
212   0       0     0    lib_freertos_os_wrapper.a(os_wrapper_critical.o)
80    0       0     0    lib_freertos_os_wrapper.a(os_wrapper_memory.o)
472   100     0     0    lib_freertos_os_wrapper.a(os_wrapper_mutex.o)
356   91      0     0    lib_freertos_os_wrapper.a(os_wrapper_queue.o)
340   0       0     0    lib_freertos_os_wrapper.a(os_wrapper_semaphore.o)
124   0       0     0    lib_freertos_os_wrapper.a(os_wrapper_task.o)
472   0       0     0    lib_freertos_os_wrapper.a(os_wrapper_time.o)
552   0       0     0    lib_freertos_os_wrapper.a(os_wrapper_timer.o)
812   246     0     0    lib_freertos.a(port.o)
248   0       0     0    lib_freertos.a(portasm_ntz.o)
3336  140     0     0    lib_freertos.a(queue.o)
5268  145     0     0    lib_freertos.a(tasks.o)
1528  149     0     0    lib_freertos.a(timers.o)
------------------------- os End --------------------------------------------------
text  rodata  data  bss  module  
16928 1470    0     0    (TOTALS)
Module os size:
0x47de			18398

========================= audio Start =============================================
text  rodata  data  bss  module  
300   97      0     0    lib_audio_hal.a(a2dp_audio_hw_card.o)
1108  517     0     0    lib_audio_hal.a(a2dp_audio_hw_stream_out.o)
24    0       0     0    lib_audio_mixer.a(Abs_32.o)
72    0       0     0    lib_audio_mixer.a(Add2_Sat_16x16.o)
16    99      0     0    lib_audio_configs.a(ameba_audio_policy_configs.o)
808   157     0     0    lib_audio_hal.a(ameba_audio_stream.o)
1780  568     0     0    lib_audio_hal.a(ameba_audio_stream_audio_patch.o)
1400  247     0     0    lib_audio_hal.a(ameba_audio_stream_buffer.o)
5248  509     0     0    lib_audio_hal.a(ameba_audio_stream_capture.o)
1040  574     0     0    lib_audio_hal.a(ameba_audio_stream_control.o)
6756  1269    0     0    lib_audio_hal.a(ameba_audio_stream_render.o)
1360  1043    0     0    lib_audio_hal.a(ameba_audio_stream_utils.o)
356   111     0     0    lib_audio_driver.a(amp_dummy.o)
56    43      0     0    lib_audio_driver.a(audio_amplifier.o)
88    42      0     0    lib_audio_mixer.a(audio_card.o)
652   456     0     0    lib_audio_mixer.a(audio_equalizer.o)
256   169     0     0    lib_audio_hal.a(audio_hw_manager.o)
892   107     0     0    lib_audio_hal.a(audio_hw_params_handle.o)
2332  313     0     0    lib_audio_mixer.a(audio_output_descriptor.o)
164   136     0     0    lib_audio_mixer.a(audio_policy_coodinator_impl.o)
10240 1855    0     0    lib_audio_mixer.a(audio_policy_impl.o)
916   267     0     0    lib_audio_mixer.a(audio_port.o)
44    0       0     0    lib_audio_mixer.a(audio_service.o)
276   220     0     0    lib_audio_mixer.a(audio_strategy_impl.o)
932   364     0     0    lib_audio_mixer.a(audio_stream_render.o)
2056  1140    0     0    lib_audio_cmds.a(audio_uart_handler.o)
2348  1219    0     0    lib_audio_mixer.a(buffer_agents.o)
544   199     0     0    lib_base.a(condition.o)
68    0       0     0    lib_audio_mixer.a(Copy_16.o)
144   0       0     0    lib_audio_mixer.a(DC_2I_D16_TRC_WRA_01.o)
8     0       0     0    lib_audio_mixer.a(DC_2I_D16_TRC_WRA_01_Init.o)
2708  691     0     0    lib_audio_mixer.a(device_port.o)
9724  6643    0     0    lib_audio_mixer.a(EffectBundle.o)
996   196     0     0    lib_audio_mixer.a(effects.o)
352   0       0     0    lib_audio_mixer.a(effect_base.o)
616   116     0     0    lib_audio_mixer.a(equalizer_client.o)
868   74      0     0    lib_base.a(format.o)
5328  527     0     0    lib_audio_mixer.a(general_audio.o)
4948  1653    0     0    lib_audio_mixer.a(general_tracks.o)
936   100     0     0    lib_audio_driver.a(ht513.o)
2840  248     0     0    lib_audio_mixer.a(hw_card.o)
56    0       0     0    lib_audio_mixer.a(InstAlloc.o)
52    0       0     0    lib_audio_mixer.a(Int16LShiftToInt32_16x32.o)
68    0       0     0    lib_audio_mixer.a(Int32RShiftToInt16_Sat_32x16.o)
1220  138     0     0    lib_audio_mixer.a(linear_raw_resampler.o)
20    0       0     0    lib_audio_mixer.a(LoadConst_16.o)
180   76      0     0    lib_base.a(log.o)
92    0       0     0    lib_audio_mixer.a(LVC_Core_MixHard_1St_2i_D16C31_SAT.o)
92    0       0     0    lib_audio_mixer.a(LVC_Core_MixHard_2St_D16C31_SAT.o)
504   0       0     0    lib_audio_mixer.a(LVC_Core_MixInSoft_D16C31_SAT.o)
572   0       0     0    lib_audio_mixer.a(LVC_Core_MixSoft_1St_2i_D16C31_WRA.o)
420   0       0     0    lib_audio_mixer.a(LVC_Core_MixSoft_1St_D16C31_WRA.o)
12    0       0     0    lib_audio_mixer.a(LVC_Mixer_GetCurrent.o)
12    0       0     0    lib_audio_mixer.a(LVC_Mixer_GetTarget.o)
68    0       0     0    lib_audio_mixer.a(LVC_Mixer_Init.o)
60    0       0     0    lib_audio_mixer.a(LVC_Mixer_SetTarget.o)
84    36      0     0    lib_audio_mixer.a(LVC_Mixer_SetTimeConstant.o)
136   36      0     0    lib_audio_mixer.a(LVC_Mixer_VarSlope_SetTimeConstant.o)
276   0       0     0    lib_audio_mixer.a(LVC_MixInSoft_D16C31_SAT.o)
360   0       0     0    lib_audio_mixer.a(LVC_MixSoft_1St_2i_D16C31_SAT.o)
304   0       0     0    lib_audio_mixer.a(LVC_MixSoft_1St_D16C31_SAT.o)
188   0       0     0    lib_audio_mixer.a(LVC_MixSoft_2St_D16C31_SAT.o)
404   0       0     0    lib_audio_mixer.a(LVEQNB_CalcCoef.o)
836   0       0     0    lib_audio_mixer.a(LVEQNB_Control.o)
652   0       0     0    lib_audio_mixer.a(LVEQNB_Init.o)
276   0       0     0    lib_audio_mixer.a(LVEQNB_Process.o)
0     154     0     0    lib_audio_mixer.a(LVEQNB_Tables.o)
16    0       0     0    lib_audio_mixer.a(LVM_API_Specials.o)
732   0       0     0    lib_audio_mixer.a(LVM_Buffers.o)
600   0       0     0    lib_audio_mixer.a(LVM_Control.o)
1196  0       0     0    lib_audio_mixer.a(LVM_Init.o)
340   0       0     0    lib_audio_mixer.a(LVM_Process.o)
76    0       0     0    lib_audio_mixer.a(Mac3s_Sat_16x16.o)
932   300     0     0    lib_audio_mixer.a(mix_port.o)
56    0       0     0    lib_audio_mixer.a(MonoTo2I_16.o)
32    0       0     0    lib_audio_mixer.a(mult3s_16x16.o)
272   128     0     0    lib_base.a(mutex.o)
96    0       0     0    lib_base.a(osal_mem.o)
48    0       0     0    lib_base.a(osal_mutex.o)
496   129     0     0    lib_base.a(osal_thread.o)
212   45      0     0    lib_base.a(osal_time.o)
336   0       0     0    lib_audio_mixer.a(PK_2I_D32F32C14G11_TRC_WRA_01.o)
696   0       0     0    lib_audio_mixer.a(PK_2I_D32F32C30G11_TRC_WRA_01.o)
24    0       0     0    lib_audio_mixer.a(PK_2I_D32F32CllGss_TRC_WRA_01_Init.o)
28    0       0     0    lib_audio_mixer.a(PK_2I_D32F32CssGss_TRC_WRA_01_Init.o)
536   165     0     0    lib_audio_hal.a(primary_audio_hw_card.o)
3868  951     0     0    lib_audio_hal.a(primary_audio_hw_stream_in.o)
1912  588     0     0    lib_audio_hal.a(primary_audio_hw_stream_out.o)
1344  0       0     0    lib_base.a(primitives.o)
15820 987     0     0    lib_audio_mixer.a(raw_mixer.o)
1352  568     0     0    lib_audio_mixer.a(raw_resampler.o)
112   16566   0     0    lib_audio_mixer.a(raw_resample_coef.o)
1096  541     0     0    lib_base.a(refptr.o)
120   0       0     0    lib_audio_mixer.a(Shift_Sat_v16xv16.o)
2840  8495    0     0    lib_audio_mixer.a(sinc_raw_resampler.o)
3416  60      0     0    lib_audio_mixer.a(sonic.o)
44    256     0     0    lib_base.a(strcasecmp.o)
11856 2512    0     0    lib_audio_mixer.a(streaming_threads.o)
80    0       0     0    lib_base.a(string.o)
24    0       0     0    lib_base.a(strnlen.o)
668   179     0     0    lib_audio_mixer.a(struct_config_loader.o)
1128  229     0     0    lib_base.a(threads.o)
2724  873     0     0    lib_audio_mixer.a(track_shared.o)
300   96      0     0    lib_audio_hal.a(usb_audio_hw_card.o)
904   369     0     0    lib_audio_hal.a(usb_audio_hw_stream_out.o)
------------------------- audio End -----------------------------------------------
text  rodata  data  bss  module  
13487656446   0     0    (TOTALS)
Module audio size:
0x2eb5a			191322

========================= lwip Start ==============================================
text  rodata  data  bss  module  
1872  0       0     0    lib_lwip.a(api_lib.o)
4392  16      0     0    lib_lwip.a(api_msg.o)
680   0       0     0    lib_lwip.a(autoip.o)
72    0       0     0    lib_lwip.a(def.o)
5816  0       0     0    lib_lwip.a(dhcp.o)
2308  10      0     0    lib_lwip.a(dns.o)
28    68      0     0    lib_lwip.a(err.o)
2044  0       0     0    lib_lwip.a(etharp.o)
332   12      0     0    lib_lwip.a(ethernet.o)
372   77      0     0    lib_lwip.a(ethernetif.o)
460   0       0     0    lib_lwip.a(icmp.o)
1268  0       0     0    lib_lwip.a(igmp.o)
380   0       0     0    lib_lwip.a(inet_chksum.o)
44    0       0     0    lib_lwip.a(init.o)
1384  0       0     0    lib_lwip.a(ip4.o)
664   8       0     0    lib_lwip.a(ip4_addr.o)
1692  0       0     0    lib_lwip.a(ip4_frag.o)
1476  274     0     0    lib_lwip.a(lwip_netconf.o)
40    0       0     0    lib_lwip.a(mem.o)
84    96      0     0    lib_lwip.a(memp.o)
128   0       0     0    lib_lwip.a(netbuf.o)
420   0       0     0    lib_lwip.a(netdb.o)
1168  0       0     0    lib_lwip.a(netif.o)
244   0       0     0    lib_lwip.a(netifapi.o)
1824  0       0     0    lib_lwip.a(pbuf.o)
788   0       0     0    lib_lwip.a(raw.o)
7880  0       0     0    lib_lwip.a(sockets.o)
608   0       0     0    lib_lwip.a(sys_arch.o)
4384  36      0     0    lib_lwip.a(tcp.o)
540   7       0     0    lib_lwip.a(tcpip.o)
5216  0       0     0    lib_lwip.a(tcp_in.o)
3636  0       0     0    lib_lwip.a(tcp_out.o)
500   64      0     0    lib_lwip.a(timeouts.o)
1656  0       0     0    lib_lwip.a(udp.o)
------------------------- lwip End ------------------------------------------------
text  rodata  data  bss  module  
54400 668     0     0    (TOTALS)
Module lwip size:
0xd71c			55068

========================= network Start ===========================================
text  rodata  data  bss  module  
5340  66      0     0    lib_cJSON.a(cJSON.o)
3860  448     0     0    lib_dhcp.a(dhcps.o)
84    361     0     0    lib_iperf3.a(dscp.o)
9948  2296    0     0    lib_iperf.a(iperf.o)
808   425     0     0    lib_iperf3.a(iperf3.o)
17876 3491    0     0    lib_iperf3.a(iperf_api.o)
2248  243     0     0    lib_iperf3.a(iperf_client_api.o)
2280  3097    0     0    lib_iperf3.a(iperf_error.o)
0     5153    0     0    lib_iperf3.a(iperf_locale.o)
3024  240     0     0    lib_iperf3.a(iperf_server_api.o)
1396  93      0     0    lib_iperf3.a(iperf_tcp.o)
1336  212     0     0    lib_iperf3.a(iperf_udp.o)
704   186     0     0    lib_iperf3.a(iperf_util.o)
1092  60      0     0    lib_iperf3.a(net.o)
1672  736     0     0    lib_pingtest.a(ping_test.o)
52    0       0     0    lib_iperf3.a(tcp_info.o)
1340  0       0     0    lib_iperf3.a(timer.o)
1940  253     0     0    lib_iperf3.a(units.o)
------------------------- network End ---------------------------------------------
text  rodata  data  bss  module  
55000 17360   0     0    (TOTALS)
Module network size:
0x11aa8			72360

========================= file_system Start =======================================
text  rodata  data  bss  module  
924   362     0     0    lib_kv.a(kv.o)
20256 2771    0     0    lib_littlefs.a(lfs.o)
68    64      0     0    lib_littlefs.a(lfs_util.o)
704   223     0     0    lib_littlefs.a(littlefs_adapter.o)
876   270     0     0    lib_vfs.a(vfs.o)
1652  907     0     0    lib_vfs.a(vfs_littlefs.o)
960   182     0     0    lib_vfs.a(vfs_nand_ftl.o)
988   125     0     0    lib_vfs.a(vfs_nand_ftl_mfg.o)
2044  586     0     0    lib_vfs.a(vfs_wrap.o)
------------------------- file_system End -----------------------------------------
text  rodata  data  bss  module  
28472 5490    0     0    (TOTALS)
Module file_system size:
0x84aa			33962

========================= others Start ============================================
text  rodata  data  bss  module  
80    46      0     0    lib_usrcfg.a(ameba_flashcfg.o)
0     288     0     0    lib_usrcfg.a(ameba_pinmapcfg.o)
132   0       0     0    lib_wifi_api.a(ameba_wificfg.o)
140   0       0     0    lib_ftl.a(ftl.o)
1260  229     0     0    lib_ftl.a(ftl_nand.o)
4348  565     0     0    lib_ftl.a(ftl_nor.o)
112   0       0     0    lib_monitor.a(low_level_io.o)
592   113     0     0    lib_project_src.a(main.o)
76    0       0     0    lib_wifi_single_core.a(phl.o)
508   119     0     0    lib_monitor.a(shell_ram.o)
8     0       0     0    lib_usbh.a(usbh.o)
240   0       0     0    lib_usb_host.a(usbh_composite_hid.o)
936   223     0     0    lib_usb_host.a(usbh_composite_uac1.o)
24    0       0     0    lib_usbh.a(usbh_core.o)
20    0       0     0    lib_usbh.a(usb_os.o)
136   8       0     0    crtbegin.o
------------------------- others End ----------------------------------------------
text  rodata  data  bss  module  
8612  1591    0     0    (TOTALS)
Module others size:
0x27db			10203

================================================================================
text  rodata  data  bss  module  
1278992419347  0     0    (TOTALS)

Image size:
0x19ea23			1698339

